Component: ARM Compiler 5.06 update 1 (build 61) Tool: armlink [4d35a8]

==============================================================================

Section Cross References

    application.o(i.rt_alarm_process_A_thread_entry) refers to ipc.o(i.rt_mb_recv) for rt_mb_recv
    application.o(i.rt_alarm_process_A_thread_entry) refers to stm32f4xx_hal_gpio.o(i.HAL_GPIO_WritePin) for HAL_GPIO_WritePin
    application.o(i.rt_alarm_process_A_thread_entry) refers to application.o(.bss) for mb_a
    application.o(i.rt_alarm_process_A_thread_entry) refers to displayinfo.o(.bss) for info
    application.o(i.rt_alarm_process_B_thread_entry) refers to ipc.o(i.rt_mb_recv) for rt_mb_recv
    application.o(i.rt_alarm_process_B_thread_entry) refers to stm32f4xx_hal_gpio.o(i.HAL_GPIO_WritePin) for HAL_GPIO_WritePin
    application.o(i.rt_alarm_process_B_thread_entry) refers to application.o(.bss) for mb_b
    application.o(i.rt_alarm_process_B_thread_entry) refers to displayinfo.o(.bss) for info
    application.o(i.rt_application_init) refers to ipc.o(i.rt_mb_init) for rt_mb_init
    application.o(i.rt_application_init) refers to thread.o(i.rt_thread_create) for rt_thread_create
    application.o(i.rt_application_init) refers to thread.o(i.rt_thread_startup) for rt_thread_startup
    application.o(i.rt_application_init) refers to application.o(.data) for mb_a_pool
    application.o(i.rt_application_init) refers to application.o(.bss) for mb_a
    application.o(i.rt_application_init) refers to application.o(i.rt_init_thread_entry) for rt_init_thread_entry
    application.o(i.rt_application_init) refers to application.o(i.rt_system_led_thread_entry) for rt_system_led_thread_entry
    application.o(i.rt_application_init) refers to application.o(i.rt_optic_power_thread_entry) for rt_optic_power_thread_entry
    application.o(i.rt_application_init) refers to application.o(i.rt_alarm_process_A_thread_entry) for rt_alarm_process_A_thread_entry
    application.o(i.rt_application_init) refers to application.o(i.rt_alarm_process_B_thread_entry) for rt_alarm_process_B_thread_entry
    application.o(i.rt_init_thread_entry) refers to components.o(i.rt_components_init) for rt_components_init
    application.o(i.rt_init_thread_entry) refers to ad7924.o(i.AD7924_Init) for AD7924_Init
    application.o(i.rt_init_thread_entry) refers to adc_timer.o(i.TIM4_Init) for TIM4_Init
    application.o(i.rt_init_thread_entry) refers to adc_timer.o(i.TIM3_Init) for TIM3_Init
    application.o(i.rt_init_thread_entry) refers to displayinfo.o(i.info_init) for info_init
    application.o(i.rt_init_thread_entry) refers to thread.o(i.rt_thread_delay) for rt_thread_delay
    application.o(i.rt_optic_power_thread_entry) refers to thread.o(i.rt_thread_delay) for rt_thread_delay
    application.o(i.rt_optic_power_thread_entry) refers to adc_timer.o(.bss) for adc_data_a
    application.o(i.rt_optic_power_thread_entry) refers to displayinfo.o(.bss) for info
    application.o(i.rt_system_led_thread_entry) refers to stm32f4xx_hal_gpio.o(i.HAL_GPIO_WritePin) for HAL_GPIO_WritePin
    application.o(i.rt_system_led_thread_entry) refers to thread.o(i.rt_thread_delay) for rt_thread_delay
    startup.o(i.assert_failed) refers to kservice.o(i.rt_kprintf) for rt_kprintf
    startup.o(i.main) refers to context_rvds.o(.text) for rt_hw_interrupt_disable
    startup.o(i.main) refers to startup.o(i.rtthread_startup) for rtthread_startup
    startup.o(i.rtthread_startup) refers to board.o(i.rt_hw_board_init) for rt_hw_board_init
    startup.o(i.rtthread_startup) refers to kservice.o(i.rt_show_version) for rt_show_version
    startup.o(i.rtthread_startup) refers to clock.o(i.rt_system_tick_init) for rt_system_tick_init
    startup.o(i.rtthread_startup) refers to object.o(i.rt_system_object_init) for rt_system_object_init
    startup.o(i.rtthread_startup) refers to timer.o(i.rt_system_timer_init) for rt_system_timer_init
    startup.o(i.rtthread_startup) refers to mem.o(i.rt_system_heap_init) for rt_system_heap_init
    startup.o(i.rtthread_startup) refers to scheduler.o(i.rt_system_scheduler_init) for rt_system_scheduler_init
    startup.o(i.rtthread_startup) refers to application.o(i.rt_application_init) for rt_application_init
    startup.o(i.rtthread_startup) refers to timer.o(i.rt_system_timer_thread_init) for rt_system_timer_thread_init
    startup.o(i.rtthread_startup) refers to idle.o(i.rt_thread_idle_init) for rt_thread_idle_init
    startup.o(i.rtthread_startup) refers to scheduler.o(i.rt_system_scheduler_start) for rt_system_scheduler_start
    delay.o(i.delay_init) refers to stm32f4xx_hal_cortex.o(i.HAL_SYSTICK_CLKSourceConfig) for HAL_SYSTICK_CLKSourceConfig
    delay.o(i.delay_init) refers to delay.o(.data) for fac_us
    delay.o(i.delay_ms) refers to delay.o(i.delay_us) for delay_us
    delay.o(i.delay_us) refers to delay.o(.data) for fac_us
    adc_timer.o(i.HAL_TIM_Base_MspInit) refers to stm32f4xx_hal_cortex.o(i.HAL_NVIC_SetPriority) for HAL_NVIC_SetPriority
[...]
    Image$$RW_IRAM1$$ZI$$Limit               0x20005ac8   Number         0  anon$$obj.o ABSOLUTE



==============================================================================

Memory Map of the image

  Image Entry point : 0x080001ad

  Load Region LR_IROM1 (Base: 0x08000000, Size: 0x000149cc, Max: 0x00100000, ABSOLUTE, COMPRESSED[0x00014324])

    Execution Region ER_IROM1 (Base: 0x08000000, Size: 0x00014220, Max: 0x00100000, ABSOLUTE)

    Base Addr    Size         Type   Attr      Idx    E Section Name        Object

    0x08000000   0x000001ac   Data   RO         6496    RESET               startup_stm32f429xx.o
    0x080001ac   0x00000008   Code   RO        10156  * !!!main             c_w.l(__main.o)
    0x080001b4   0x00000034   Code   RO        10555    !!!scatter          c_w.l(__scatter.o)
    0x080001e8   0x0000005a   Code   RO        10553    !!dczerorl2         c_w.l(__dczerorl2.o)
    0x08000242   0x00000002   PAD
    0x08000244   0x0000001c   Code   RO        10557    !!handler_zi        c_w.l(__scatter_zi.o)
    0x08000260   0x00000000   Code   RO        10430    .ARM.Collect$$_printf_percent$$00000000  c_w.l(_printf_percent.o)
    0x08000260   0x00000006   Code   RO        10419    .ARM.Collect$$_printf_percent$$00000001  c_w.l(_printf_n.o)
    0x08000266   0x00000006   Code   RO        10421    .ARM.Collect$$_printf_percent$$00000002  c_w.l(_printf_p.o)
    0x0800026c   0x00000006   Code   RO        10426    .ARM.Collect$$_printf_percent$$00000003  c_w.l(_printf_f.o)
    0x08000272   0x00000006   Code   RO        10427    .ARM.Collect$$_printf_percent$$00000004  c_w.l(_printf_e.o)
    0x08000278   0x00000006   Code   RO        10428    .ARM.Collect$$_printf_percent$$00000005  c_w.l(_printf_g.o)
    0x0800027e   0x00000006   Code   RO        10429    .ARM.Collect$$_printf_percent$$00000006  c_w.l(_printf_a.o)
    0x08000284   0x0000000a   Code   RO        10434    .ARM.Collect$$_printf_percent$$00000007  c_w.l(_printf_ll.o)
    0x0800028e   0x00000006   Code   RO        10423    .ARM.Collect$$_printf_percent$$00000008  c_w.l(_printf_i.o)
    0x08000294   0x00000006   Code   RO        10424    .ARM.Collect$$_printf_percent$$00000009  c_w.l(_printf_d.o)
    0x0800029a   0x00000006   Code   RO        10425    .ARM.Collect$$_printf_percent$$0000000A  c_w.l(_printf_u.o)
    0x080002a0   0x00000006   Code   RO        10422    .ARM.Collect$$_printf_percent$$0000000B  c_w.l(_printf_o.o)
    0x080002a6   0x00000006   Code   RO        10420    .ARM.Collect$$_printf_percent$$0000000C  c_w.l(_printf_x.o)
    0x080002ac   0x00000006   Code   RO        10431    .ARM.Collect$$_printf_percent$$0000000D  c_w.l(_printf_lli.o)
    0x080002b2   0x00000006   Code   RO        10432    .ARM.Collect$$_printf_percent$$0000000E  c_w.l(_printf_lld.o)
    0x080002b8   0x00000006   Code   RO        10433    .ARM.Collect$$_printf_percent$$0000000F  c_w.l(_printf_llu.o)
    0x080002be   0x00000006   Code   RO        10438    .ARM.Collect$$_printf_percent$$00000010  c_w.l(_printf_llo.o)
    0x080002c4   0x00000006   Code   RO        10439    .ARM.Collect$$_printf_percent$$00000011  c_w.l(_printf_llx.o)
    0x080002ca   0x0000000a   Code   RO        10435    .ARM.Collect$$_printf_percent$$00000012  c_w.l(_printf_l.o)
    0x080002d4   0x00000006   Code   RO        10417    .ARM.Collect$$_printf_percent$$00000013  c_w.l(_printf_c.o)
    0x080002da   0x00000006   Code   RO        10418    .ARM.Collect$$_printf_percent$$00000014  c_w.l(_printf_s.o)
    0x080002e0   0x00000006   Code   RO        10436    .ARM.Collect$$_printf_percent$$00000015  c_w.l(_printf_lc.o)
    0x080002e6   0x00000006   Code   RO        10437    .ARM.Collect$$_printf_percent$$00000016  c_w.l(_printf_ls.o)
    0x080002ec   0x00000004   Code   RO        10494    .ARM.Collect$$_printf_percent$$00000017  c_w.l(_printf_percent_end.o)
    0x080002f0   0x00000002   Code   RO        10340    .ARM.Collect$$libinit$$00000000  c_w.l(libinit.o)
    0x080002f2   0x00000004   Code   RO        10205    .ARM.Collect$$libinit$$00000001  c_w.l(libinit2.o)
    0x080002f6   0x00000000   Code   RO        10208    .ARM.Collect$$libinit$$00000004  c_w.l(libinit2.o)
    0x080002f6   0x00000008   Code   RO        10209    .ARM.Collect$$libinit$$00000005  c_w.l(libinit2.o)
    0x080002fe   0x00000000   Code   RO        10211    .ARM.Collect$$libinit$$0000000A  c_w.l(libinit2.o)
    0x080002fe   0x00000000   Code   RO        10213    .ARM.Collect$$libinit$$0000000C  c_w.l(libinit2.o)
    0x080002fe   0x00000000   Code   RO        10215    .ARM.Collect$$libinit$$0000000E  c_w.l(libinit2.o)
    0x080002fe   0x00000006   Code   RO        10216    .ARM.Collect$$libinit$$0000000F  c_w.l(libinit2.o)
    0x08000304   0x00000000   Code   RO        10218    .ARM.Collect$$libinit$$00000011  c_w.l(libinit2.o)
    0x08000304   0x0000000c   Code   RO        10219    .ARM.Collect$$libinit$$00000012  c_w.l(libinit2.o)
    0x08000310   0x00000000   Code   RO        10220    .ARM.Collect$$libinit$$00000013  c_w.l(libinit2.o)
    0x08000310   0x00000000   Code   RO        10222    .ARM.Collect$$libinit$$00000015  c_w.l(libinit2.o)
    0x08000310   0x0000000a   Code   RO        10223    .ARM.Collect$$libinit$$00000016  c_w.l(libinit2.o)
    0x0800031a   0x00000000   Code   RO        10224    .ARM.Collect$$libinit$$00000017  c_w.l(libinit2.o)
    0x0800031a   0x0000000a   Code   RO        10225    .ARM.Collect$$libinit$$00000018  c_w.l(libinit2.o)
    0x08000324   0x00000000   Code   RO        10226    .ARM.Collect$$libinit$$00000019  c_w.l(libinit2.o)
    0x08000324   0x00000000   Code   RO        10228    .ARM.Collect$$libinit$$0000001B  c_w.l(libinit2.o)
    0x08000324   0x00000000   Code   RO        10230    .ARM.Collect$$libinit$$0000001D  c_w.l(libinit2.o)
    0x08000324   0x00000000   Code   RO        10232    .ARM.Collect$$libinit$$0000001F  c_w.l(libinit2.o)
    0x08000324   0x00000000   Code   RO        10234    .ARM.Collect$$libinit$$00000021  c_w.l(libinit2.o)
    0x08000324   0x00000000   Code   RO        10236    .ARM.Collect$$libinit$$00000023  c_w.l(libinit2.o)
    0x08000324   0x00000000   Code   RO        10238    .ARM.Collect$$libinit$$00000025  c_w.l(libinit2.o)
    0x08000324   0x00000000   Code   RO        10242    .ARM.Collect$$libinit$$0000002C  c_w.l(libinit2.o)
    0x08000324   0x00000000   Code   RO        10244    .ARM.Collect$$libinit$$0000002E  c_w.l(libinit2.o)
    0x08000324   0x00000000   Code   RO        10246    .ARM.Collect$$libinit$$00000030  c_w.l(libinit2.o)
    0x08000324   0x00000000   Code   RO        10248    .ARM.Collect$$libinit$$00000032  c_w.l(libinit2.o)
    0x08000324   0x00000002   Code   RO        10249    .ARM.Collect$$libinit$$00000033  c_w.l(libinit2.o)
    0x08000326   0x00000002   Code   RO        10545    .ARM.Collect$$libshutdown$$00000000  c_w.l(libshutdown.o)
    0x08000328   0x00000000   Code   RO        10447    .ARM.Collect$$libshutdown$$00000002  c_w.l(libshutdown2.o)
    0x08000328   0x00000000   Code   RO        10449    .ARM.Collect$$libshutdown$$00000004  c_w.l(libshutdown2.o)
    0x08000328   0x00000000   Code   RO        10452    .ARM.Collect$$libshutdown$$00000007  c_w.l(libshutdown2.o)
    0x08000328   0x00000000   Code   RO        10455    .ARM.Collect$$libshutdown$$0000000A  c_w.l(libshutdown2.o)
    0x08000328   0x00000000   Code   RO        10457    .ARM.Collect$$libshutdown$$0000000C  c_w.l(libshutdown2.o)
    0x08000328   0x00000000   Code   RO        10460    .ARM.Collect$$libshutdown$$0000000F  c_w.l(libshutdown2.o)
    0x08000328   0x00000002   Code   RO        10461    .ARM.Collect$$libshutdown$$00000010  c_w.l(libshutdown2.o)
    0x0800032a   0x00000000   Code   RO        10160    .ARM.Collect$$rtentry$$00000000  c_w.l(__rtentry.o)
    0x0800032a   0x00000000   Code   RO        10256    .ARM.Collect$$rtentry$$00000002  c_w.l(__rtentry2.o)
    0x0800032a   0x00000006   Code   RO        10268    .ARM.Collect$$rtentry$$00000004  c_w.l(__rtentry4.o)
    0x08000330   0x00000000   Code   RO        10258    .ARM.Collect$$rtentry$$00000009  c_w.l(__rtentry2.o)
    0x08000330   0x00000004   Code   RO        10259    .ARM.Collect$$rtentry$$0000000A  c_w.l(__rtentry2.o)
    0x08000334   0x00000000   Code   RO        10261    .ARM.Collect$$rtentry$$0000000C  c_w.l(__rtentry2.o)
    0x08000334   0x00000008   Code   RO        10262    .ARM.Collect$$rtentry$$0000000D  c_w.l(__rtentry2.o)
    0x0800033c   0x00000002   Code   RO        10343    .ARM.Collect$$rtexit$$00000000  c_w.l(rtexit.o)
    0x0800033e   0x00000000   Code   RO        10473    .ARM.Collect$$rtexit$$00000002  c_w.l(rtexit2.o)
    0x0800033e   0x00000004   Code   RO        10474    .ARM.Collect$$rtexit$$00000003  c_w.l(rtexit2.o)
    0x08000342   0x00000006   Code   RO        10475    .ARM.Collect$$rtexit$$00000004  c_w.l(rtexit2.o)
    0x08000348   0x00000000   Code   RO        10276    .emb_text           c_w.l(maybetermalloc1.o)
    0x08000348   0x00000040   Code   RO         6497    .text               startup_stm32f429xx.o
    0x08000388   0x00000110   Code   RO         7900    .text               context_rvds.o
    0x08000498   0x0000005e   Code   RO        10063    .text               c_w.l(h1_alloc.o)
    0x080004f6   0x0000004e   Code   RO        10065    .text               c_w.l(h1_free.o)
    0x08000544   0x0000001a   Code   RO        10123    .text               c_w.l(atoi.o)
    0x0800055e   0x00000058   Code   RO        10125    .text               c_w.l(memcmp.o)
    0x080005b6   0x00000048   Code   RO        10127    .text               c_w.l(strcpy.o)
    0x080005fe   0x0000003e   Code   RO        10129    .text               c_w.l(strlen.o)
    0x0800063c   0x00000096   Code   RO        10131    .text               c_w.l(strncmp.o)
    0x080006d2   0x00000018   Code   RO        10133    .text               c_w.l(strcat.o)
    0x080006ea   0x0000008a   Code   RO        10135    .text               c_w.l(rt_memcpy_v6.o)
    0x08000774   0x00000064   Code   RO        10137    .text               c_w.l(rt_memcpy_w.o)
    0x080007d8   0x00000044   Code   RO        10139    .text               c_w.l(rt_memclr.o)
    0x0800081c   0x0000004e   Code   RO        10141    .text               c_w.l(rt_memclr_w.o)
    0x0800086a   0x00000056   Code   RO        10143    .text               c_w.l(strncpy.o)
    0x080008c0   0x00000080   Code   RO        10145    .text               c_w.l(strcmpv7m.o)
    0x08000940   0x0000000e   Code   RO        10147    .text               c_w.l(ctime.o)
    0x0800094e   0x00000002   PAD
    0x08000950   0x0000000c   Code   RO        10149    .text               c_w.l(localtime.o)
    0x0800095c   0x000001a8   Code   RO        10152    .text               c_w.l(mktime.o)
    0x08000b04   0x00000006   Code   RO        10154    .text               c_w.l(heapauxi.o)
    0x08000b0a   0x00000002   PAD
    0x08000b0c   0x00000008   Code   RO        10168    .text               c_w.l(rt_heap_descriptor_intlibspace.o)
    0x08000b14   0x00000008   Code   RO        10173    .text               c_w.l(rt_errno_addr_intlibspace.o)
    0x08000b1c   0x00000004   Code   RO        10175    .text               c_w.l(hguard.o)
    0x08000b20   0x0000008a   Code   RO        10177    .text               c_w.l(init_alloc.o)
    0x08000baa   0x0000000e   Code   RO        10181    .text               c_w.l(h1_init.o)
    0x08000bb8   0x00000070   Code   RO        10195    .text               c_w.l(strtol.o)
    0x08000c28   0x0000000c   Code   RO        10197    .text               c_w.l(asctime.o)
    0x08000c34   0x000000b8   Code   RO        10201    .text               c_w.l(localtime_internal.o)
    0x08000cec   0x00000008   Code   RO        10252    .text               c_w.l(libspace.o)
    0x08000cf4   0x00000010   Code   RO        10270    .text               c_w.l(rt_ctype_table.o)
    0x08000d04   0x00000034   Code   RO        10278    .text               c_w.l(h1_extend.o)
    0x08000d38   0x0000009e   Code   RO        10282    .text               c_w.l(_strtoul.o)
    0x08000dd6   0x0000000e   Code   RO        10284    .text               c_w.l(defsig_rtmem_outer.o)
    0x08000de4   0x00000068   Code   RO        10288    .text               c_w.l(asctime_internal.o)
    0x08000e4c   0x00000002   Code   RO        10297    .text               c_w.l(use_no_semi.o)
    0x08000e4e   0x00000000   Code   RO        10299    .text               c_w.l(indicate_semi.o)
    0x08000e4e   0x0000004a   Code   RO        10300    .text               c_w.l(sys_stackheap_outer.o)
    0x08000e98   0x00000008   Code   RO        10307    .text               c_w.l(rt_locale_intlibspace.o)
    0x08000ea0   0x0000002c   Code   RO        10311    .text               c_w.l(sprintf.o)
    0x08000ecc   0x0000001c   Code   RO        10313    .text               c_w.l(_chval.o)
    0x08000ee8   0x00000012   Code   RO        10321    .text               c_w.l(exit.o)
    0x08000efa   0x0000000a   Code   RO        10323    .text               c_w.l(defsig_exit.o)
    0x08000f04   0x00000050   Code   RO        10329    .text               c_w.l(defsig_rtmem_inner.o)
    0x08000f54   0x0000000c   Code   RO        10341    .text               c_w.l(sys_exit.o)
    0x08000f60   0x0000004e   Code   RO        10351    .text               c_w.l(_printf_pad.o)
    0x08000fae   0x00000024   Code   RO        10353    .text               c_w.l(_printf_truncate.o)
    0x08000fd2   0x00000052   Code   RO        10355    .text               c_w.l(_printf_str.o)
    0x08001024   0x00000078   Code   RO        10357    .text               c_w.l(_printf_dec.o)
    0x0800109c   0x00000028   Code   RO        10359    .text               c_w.l(_printf_charcount.o)
    0x080010c4   0x00000030   Code   RO        10361    .text               c_w.l(_printf_char_common.o)
    0x080010f4   0x0000000a   Code   RO        10363    .text               c_w.l(_sputc.o)
    0x080010fe   0x00000002   PAD
    0x08001100   0x000000bc   Code   RO        10365    .text               c_w.l(_printf_wctomb.o)
    0x080011bc   0x0000007c   Code   RO        10368    .text               c_w.l(_printf_longlong_dec.o)
    0x08001238   0x00000070   Code   RO        10374    .text               c_w.l(_printf_oct_int_ll.o)
    0x080012a8   0x00000094   Code   RO        10394    .text               c_w.l(_printf_hex_int_ll_ptr.o)
    0x0800133c   0x00000188   Code   RO        10414    .text               c_w.l(__printf_flags_ss_wp.o)
    0x080014c4   0x00000032   Code   RO        10442    .text               c_w.l(defsig_general.o)
    0x080014f6   0x0000000e   Code   RO        10470    .text               c_w.l(sys_wrch.o)
    0x08001504   0x0000008a   Code   RO        10479    .text               c_w.l(lludiv10.o)
    0x0800158e   0x000000b2   Code   RO        10481    .text               c_w.l(_printf_intcommon.o)
    0x08001640   0x0000041a   Code   RO        10483    .text               c_w.l(_printf_fp_dec.o)
    0x08001a5a   0x00000002   PAD
    0x08001a5c   0x000002fc   Code   RO        10485    .text               c_w.l(_printf_fp_hex.o)
    0x08001d58   0x0000002c   Code   RO        10490    .text               c_w.l(_printf_char.o)
    0x08001d84   0x0000002c   Code   RO        10492    .text               c_w.l(_printf_wchar.o)
    0x08001db0   0x00000040   Code   RO        10495    .text               c_w.l(_wcrtomb.o)
    0x08001df0   0x00000080   Code   RO        10499    .text               c_w.l(_printf_fp_infnan.o)
    0x08001e70   0x000000dc   Code   RO        10501    .text               c_w.l(bigflt0.o)
    0x08001f4c   0x0000003e   Code   RO        10504    CL$$btod_d2e        c_w.l(btod.o)
    0x08001f8a   0x00000046   Code   RO        10506    CL$$btod_d2e_denorm_low  c_w.l(btod.o)
    0x08001fd0   0x00000060   Code   RO        10505    CL$$btod_d2e_norm_op1  c_w.l(btod.o)
    0x08002030   0x00000338   Code   RO        10514    CL$$btod_div_common  c_w.l(btod.o)
    0x08002368   0x000000c6   Code   RO        10511    CL$$btod_e2e        c_w.l(btod.o)
    0x0800242e   0x00000028   Code   RO        10508    CL$$btod_ediv       c_w.l(btod.o)
    0x08002456   0x00000028   Code   RO        10507    CL$$btod_emul       c_w.l(btod.o)
    0x0800247e   0x00000244   Code   RO        10513    CL$$btod_mult_common  c_w.l(btod.o)
    0x080026c2   0x00000002   PAD
    0x080026c4   0x0000005c   Code   RO         1213    i.AD7924_Init       ad7924.o
    0x08002720   0x00000028   Code   RO         1214    i.ADC_Conversion    ad7924.o
    0x08002748   0x00000068   Code   RO         1162    i.AT24CXX_Read      drv_eeprom.o
    0x080027b0   0x00000074   Code   RO         1163    i.AT24CXX_Write     drv_eeprom.o
    0x08002824   0x00000004   Code   RO          614    i.BusFault_Handler  stm32f4xx_it.o
    0x08002828   0x00000010   Code   RO          897    i.DMA1_Stream0_IRQHandler  drv_spi.o
    0x08002838   0x00000010   Code   RO          898    i.DMA1_Stream3_IRQHandler  drv_spi.o
    0x08002848   0x00000010   Code   RO          899    i.DMA1_Stream4_IRQHandler  drv_spi.o
    0x08002858   0x00000010   Code   RO          900    i.DMA1_Stream7_IRQHandler  drv_spi.o
    0x08002868   0x00000010   Code   RO          901    i.DMA2_Stream3_IRQHandler  drv_spi.o
    0x08002878   0x00000010   Code   RO          902    i.DMA2_Stream4_IRQHandler  drv_spi.o
    0x08002888   0x00000010   Code   RO          903    i.DMA2_Stream5_IRQHandler  drv_spi.o
    0x08002898   0x00000010   Code   RO          904    i.DMA2_Stream6_IRQHandler  drv_spi.o
    0x080028a8   0x00000034   Code   RO         1871    i.DMA_CalcBaseAndBitshift  stm32f4xx_hal_dma.o
    0x080028dc   0x000000ba   Code   RO         1872    i.DMA_CheckFifoParam  stm32f4xx_hal_dma.o
    0x08002996   0x00000002   PAD
    0x08002998   0x000000c4   Code   RO          905    i.DMA_RxConfiguration  drv_spi.o
    0x08002a5c   0x0000002c   Code   RO         1873    i.DMA_SetConfig     stm32f4xx_hal_dma.o
    0x08002a88   0x00000004   Code   RO          530    i.Error_Handler     board.o
    0x08002a8c   0x00000050   Code   RO          762    i.GetRTCTimeStamp   drv_rtc.o
    0x08002adc   0x00000062   Code   RO         1876    i.HAL_DMA_DeInit    stm32f4xx_hal_dma.o
    0x08002b3e   0x00000002   PAD
    0x08002b40   0x00000248   Code   RO         1879    i.HAL_DMA_IRQHandler  stm32f4xx_hal_dma.o
    0x08002d88   0x000000e8   Code   RO         1880    i.HAL_DMA_Init      stm32f4xx_hal_dma.o
    0x08002e70   0x0000009e   Code   RO         1884    i.HAL_DMA_Start_IT  stm32f4xx_hal_dma.o
    0x08002f0e   0x00000002   PAD
    0x08002f10   0x0000021c   Code   RO         2577    i.HAL_GPIO_Init     stm32f4xx_hal_gpio.o
    0x0800312c   0x00000010   Code   RO         2579    i.HAL_GPIO_ReadPin  stm32f4xx_hal_gpio.o
    0x0800313c   0x0000000c   Code   RO         2581    i.HAL_GPIO_WritePin  stm32f4xx_hal_gpio.o
    0x08003148   0x00000012   Code   RO          532    i.HAL_GetTick       board.o
    0x0800315a   0x00000002   PAD
    0x0800315c   0x0000003c   Code   RO         1385    i.HAL_Init          stm32f4xx_hal.o
    0x08003198   0x00000006   Code   RO          533    i.HAL_InitTick      board.o
    0x0800319e   0x00000002   Code   RO         1388    i.HAL_MspInit       stm32f4xx_hal.o
    0x080031a0   0x0000001a   Code   RO         1602    i.HAL_NVIC_EnableIRQ  stm32f4xx_hal_cortex.o
    0x080031ba   0x0000007c   Code   RO         1608    i.HAL_NVIC_SetPriority  stm32f4xx_hal_cortex.o
    0x08003236   0x00000002   PAD
    0x08003238   0x00000028   Code   RO         1609    i.HAL_NVIC_SetPriorityGrouping  stm32f4xx_hal_cortex.o
    0x08003260   0x00000018   Code   RO         3067    i.HAL_PWR_EnableBkUpAccess  stm32f4xx_hal_pwr.o
    0x08003278   0x00000370   Code   RO         3376    i.HAL_RCCEx_PeriphCLKConfig  stm32f4xx_hal_rcc_ex.o
    0x080035e8   0x000001d0   Code   RO         3271    i.HAL_RCC_ClockConfig  stm32f4xx_hal_rcc.o
    0x080037b8   0x0000000c   Code   RO         3276    i.HAL_RCC_GetHCLKFreq  stm32f4xx_hal_rcc.o
    0x080037c4   0x0000002c   Code   RO         3278    i.HAL_RCC_GetPCLK1Freq  stm32f4xx_hal_rcc.o
    0x080037f0   0x0000002c   Code   RO         3279    i.HAL_RCC_GetPCLK2Freq  stm32f4xx_hal_rcc.o
    0x0800381c   0x000000b4   Code   RO         3280    i.HAL_RCC_GetSysClockFreq  stm32f4xx_hal_rcc.o
    0x080038d0   0x00000454   Code   RO         3283    i.HAL_RCC_OscConfig  stm32f4xx_hal_rcc.o
    0x08003d24   0x00000002   Code   RO         3567    i.HAL_RTCEx_AlarmBEventCallback  stm32f4xx_hal_rtc_ex.o
    0x08003d26   0x00000012   Code   RO         3568    i.HAL_RTCEx_BKUPRead  stm32f4xx_hal_rtc_ex.o
    0x08003d38   0x00000012   Code   RO         3569    i.HAL_RTCEx_BKUPWrite  stm32f4xx_hal_rtc_ex.o
    0x08003d4a   0x00000002   Code   RO         3600    i.HAL_RTCEx_WakeUpTimerEventCallback  stm32f4xx_hal_rtc_ex.o
    0x08003d4c   0x00000040   Code   RO         3601    i.HAL_RTCEx_WakeUpTimerIRQHandler  stm32f4xx_hal_rtc_ex.o
    0x08003d8c   0x00000018   Code   RO          763    i.HAL_RTC_AlarmAEventCallback  drv_rtc.o
    0x08003da4   0x0000006c   Code   RO         3430    i.HAL_RTC_AlarmIRQHandler  stm32f4xx_hal_rtc.o
    0x08003e10   0x0000004c   Code   RO         3434    i.HAL_RTC_GetDate   stm32f4xx_hal_rtc.o
    0x08003e5c   0x00000060   Code   RO         3436    i.HAL_RTC_GetTime   stm32f4xx_hal_rtc.o
    0x08003ebc   0x000000b4   Code   RO         3437    i.HAL_RTC_Init      stm32f4xx_hal_rtc.o
    0x08003f70   0x0000005c   Code   RO          764    i.HAL_RTC_MspInit   drv_rtc.o
    0x08003fcc   0x00000114   Code   RO         3443    i.HAL_RTC_SetDate   stm32f4xx_hal_rtc.o
    0x080040e0   0x00000134   Code   RO         3444    i.HAL_RTC_SetTime   stm32f4xx_hal_rtc.o
    0x08004214   0x0000003a   Code   RO         3445    i.HAL_RTC_WaitForSynchro  stm32f4xx_hal_rtc.o
    0x0800424e   0x00000002   Code   RO         4295    i.HAL_SPI_ErrorCallback  stm32f4xx_hal_spi.o
    0x08004250   0x00000008   Code   RO         4297    i.HAL_SPI_GetState  stm32f4xx_hal_spi.o
    0x08004258   0x0000008c   Code   RO         4299    i.HAL_SPI_Init      stm32f4xx_hal_spi.o
    0x080042e4   0x00000140   Code   RO         1247    i.HAL_SPI_MspInit   myspi.o
    0x08004424   0x00000002   Code   RO         4305    i.HAL_SPI_RxCpltCallback  stm32f4xx_hal_spi.o
    0x08004426   0x00000002   Code   RO         4306    i.HAL_SPI_RxHalfCpltCallback  stm32f4xx_hal_spi.o
    0x08004428   0x0000021e   Code   RO         4308    i.HAL_SPI_TransmitReceive  stm32f4xx_hal_spi.o
    0x08004646   0x00000002   PAD
    0x08004648   0x00000144   Code   RO         4309    i.HAL_SPI_TransmitReceive_DMA  stm32f4xx_hal_spi.o
    0x0800478c   0x00000002   Code   RO         4315    i.HAL_SPI_TxRxCpltCallback  stm32f4xx_hal_spi.o
    0x0800478e   0x00000002   Code   RO         4316    i.HAL_SPI_TxRxHalfCpltCallback  stm32f4xx_hal_spi.o
    0x08004790   0x00000028   Code   RO         1611    i.HAL_SYSTICK_CLKSourceConfig  stm32f4xx_hal_cortex.o
    0x080047b8   0x00000034   Code   RO         1613    i.HAL_SYSTICK_Config  stm32f4xx_hal_cortex.o
    0x080047ec   0x00000002   Code   RO         5331    i.HAL_TIMEx_BreakCallback  stm32f4xx_hal_tim_ex.o
    0x080047ee   0x00000002   Code   RO         5332    i.HAL_TIMEx_CommutationCallback  stm32f4xx_hal_tim_ex.o
    0x080047f0   0x00000034   Code   RO         4692    i.HAL_TIM_Base_Init  stm32f4xx_hal_tim.o
    0x08004824   0x00000084   Code   RO          437    i.HAL_TIM_Base_MspInit  adc_timer.o
    0x080048a8   0x0000001e   Code   RO         4697    i.HAL_TIM_Base_Start_IT  stm32f4xx_hal_tim.o
    0x080048c6   0x00000002   Code   RO         4721    i.HAL_TIM_IC_CaptureCallback  stm32f4xx_hal_tim.o
    0x080048c8   0x00000196   Code   RO         4734    i.HAL_TIM_IRQHandler  stm32f4xx_hal_tim.o
    0x08004a5e   0x00000002   Code   RO         4737    i.HAL_TIM_OC_DelayElapsedCallback  stm32f4xx_hal_tim.o
    0x08004a60   0x00000002   Code   RO         4764    i.HAL_TIM_PWM_PulseFinishedCallback  stm32f4xx_hal_tim.o
    0x08004a62   0x00000002   PAD
    0x08004a64   0x0000015c   Code   RO          438    i.HAL_TIM_PeriodElapsedCallback  adc_timer.o
    0x08004bc0   0x00000002   Code   RO         4775    i.HAL_TIM_TriggerCallback  stm32f4xx_hal_tim.o
    0x08004bc2   0x00000072   Code   RO         5595    i.HAL_UART_Init     stm32f4xx_hal_uart.o
    0x08004c34   0x000002c8   Code   RO          663    i.HAL_UART_MspInit  usart.o
    0x08004efc   0x00000128   Code   RO          869    i.MX_GPIO_Init      drv_gpio.o
    0x08005024   0x00000004   Code   RO          615    i.MemManage_Handler  stm32f4xx_it.o
    0x08005028   0x00000002   Code   RO          616    i.NMI_Handler       stm32f4xx_it.o
    0x0800502a   0x00000002   PAD
    0x0800502c   0x00000010   Code   RO         1615    i.NVIC_GetPriorityGrouping  stm32f4xx_hal_cortex.o
    0x0800503c   0x00000028   Code   RO         1616    i.NVIC_SetPriority  stm32f4xx_hal_cortex.o
    0x08005064   0x00000030   Code   RO         9475    i.OP_add_byte       finsh_ops.o
    0x08005094   0x00000030   Code   RO         9476    i.OP_add_dword      finsh_ops.o
    0x080050c4   0x00000030   Code   RO         9477    i.OP_add_word       finsh_ops.o
    0x080050f4   0x00000030   Code   RO         9478    i.OP_and_byte       finsh_ops.o
    0x08005124   0x00000030   Code   RO         9479    i.OP_and_dword      finsh_ops.o
    0x08005154   0x00000030   Code   RO         9480    i.OP_and_word       finsh_ops.o
    0x08005184   0x00000018   Code   RO         9481    i.OP_bw_byte        finsh_ops.o
    0x0800519c   0x00000018   Code   RO         9482    i.OP_bw_dword       finsh_ops.o
    0x080051b4   0x00000018   Code   RO         9483    i.OP_bw_word        finsh_ops.o
    0x080051cc   0x0000038c   Code   RO         9484    i.OP_call           finsh_ops.o
    0x08005558   0x00000030   Code   RO         9485    i.OP_div_byte       finsh_ops.o
    0x08005588   0x00000030   Code   RO         9486    i.OP_div_dword      finsh_ops.o
    0x080055b8   0x00000034   Code   RO         9487    i.OP_div_word       finsh_ops.o
    0x080055ec   0x0000002c   Code   RO         9488    i.OP_ld_byte        finsh_ops.o
    0x08005618   0x00000048   Code   RO         9489    i.OP_ld_dword       finsh_ops.o
    0x08005660   0x0000004c   Code   RO         9490    i.OP_ld_value_byte  finsh_ops.o
    0x080056ac   0x00000018   Code   RO         9491    i.OP_ld_value_byte_stack  finsh_ops.o
    0x080056c4   0x0000004c   Code   RO         9492    i.OP_ld_value_dword  finsh_ops.o
    0x08005710   0x00000018   Code   RO         9493    i.OP_ld_value_dword_stack  finsh_ops.o
    0x08005728   0x0000004c   Code   RO         9494    i.OP_ld_value_word  finsh_ops.o
    0x08005774   0x00000018   Code   RO         9495    i.OP_ld_value_word_stack  finsh_ops.o
    0x0800578c   0x00000038   Code   RO         9496    i.OP_ld_word        finsh_ops.o
    0x080057c4   0x00000034   Code   RO         9497    i.OP_mod_byte       finsh_ops.o
    0x080057f8   0x00000034   Code   RO         9498    i.OP_mod_dword      finsh_ops.o
    0x0800582c   0x00000034   Code   RO         9499    i.OP_mod_word       finsh_ops.o
    0x08005860   0x00000030   Code   RO         9500    i.OP_mul_byte       finsh_ops.o
    0x08005890   0x00000030   Code   RO         9501    i.OP_mul_dword      finsh_ops.o
    0x080058c0   0x00000034   Code   RO         9502    i.OP_mul_word       finsh_ops.o
    0x080058f4   0x00000002   Code   RO         9503    i.OP_no_op          finsh_ops.o
    0x080058f6   0x00000002   PAD
    0x080058f8   0x00000030   Code   RO         9504    i.OP_or_byte        finsh_ops.o
    0x08005928   0x00000030   Code   RO         9505    i.OP_or_dword       finsh_ops.o
    0x08005958   0x00000030   Code   RO         9506    i.OP_or_word        finsh_ops.o
    0x08005988   0x00000010   Code   RO         9507    i.OP_pop            finsh_ops.o
    0x08005998   0x00000030   Code   RO         9508    i.OP_shl_byte       finsh_ops.o
    0x080059c8   0x00000030   Code   RO         9509    i.OP_shl_dword      finsh_ops.o
    0x080059f8   0x00000030   Code   RO         9510    i.OP_shl_word       finsh_ops.o
    0x08005a28   0x00000030   Code   RO         9511    i.OP_shr_byte       finsh_ops.o
    0x08005a58   0x00000030   Code   RO         9512    i.OP_shr_dword      finsh_ops.o
    0x08005a88   0x00000030   Code   RO         9513    i.OP_shr_word       finsh_ops.o
    0x08005ab8   0x00000024   Code   RO         9514    i.OP_st_byte        finsh_ops.o
    0x08005adc   0x00000024   Code   RO         9515    i.OP_st_dword       finsh_ops.o
    0x08005b00   0x00000024   Code   RO         9516    i.OP_st_word        finsh_ops.o
    0x08005b24   0x00000030   Code   RO         9517    i.OP_sub_byte       finsh_ops.o
    0x08005b54   0x00000030   Code   RO         9518    i.OP_sub_dword      finsh_ops.o
    0x08005b84   0x00000030   Code   RO         9519    i.OP_sub_word       finsh_ops.o
    0x08005bb4   0x00000030   Code   RO         9520    i.OP_xor_byte       finsh_ops.o
    0x08005be4   0x00000030   Code   RO         9521    i.OP_xor_dword      finsh_ops.o
    0x08005c14   0x00000030   Code   RO         9522    i.OP_xor_word       finsh_ops.o
    0x08005c44   0x00000010   Code   RO          765    i.RTC_Alarm_IRQHandler  drv_rtc.o
    0x08005c54   0x00000016   Code   RO         3446    i.RTC_Bcd2ToByte    stm32f4xx_hal_rtc.o
    0x08005c6a   0x0000001a   Code   RO         3447    i.RTC_ByteToBcd2    stm32f4xx_hal_rtc.o
    0x08005c84   0x0000003e   Code   RO         3448    i.RTC_EnterInitMode  stm32f4xx_hal_rtc.o
    0x08005cc2   0x00000002   PAD
    0x08005cc4   0x00000050   Code   RO          766    i.RTC_Init          drv_rtc.o
    0x08005d14   0x00000010   Code   RO          769    i.RTC_WKUP_IRQHandler  drv_rtc.o
    0x08005d24   0x0000004c   Code   RO         8066    i.SCL_H             i2c-bit-ops.o
    0x08005d70   0x00000058   Code   RO         1254    i.SPI6_Init         myspi.o
    0x08005dc8   0x00000020   Code   RO         1255    i.SPI6_ReadWriteWord  myspi.o
    0x08005de8   0x00000048   Code   RO         1256    i.SPI6_SetSpeed     myspi.o
    0x08005e30   0x00000028   Code   RO         4321    i.SPI_CheckFlag_BSY  stm32f4xx_hal_spi.o
    0x08005e58   0x00000028   Code   RO         4326    i.SPI_DMAError      stm32f4xx_hal_spi.o
    0x08005e80   0x0000000e   Code   RO         4327    i.SPI_DMAHalfReceiveCplt  stm32f4xx_hal_spi.o
    0x08005e8e   0x0000000e   Code   RO         4329    i.SPI_DMAHalfTransmitReceiveCplt  stm32f4xx_hal_spi.o
    0x08005e9c   0x00000060   Code   RO         4330    i.SPI_DMAReceiveCplt  stm32f4xx_hal_spi.o
    0x08005efc   0x0000005a   Code   RO         4332    i.SPI_DMATransmitReceiveCplt  stm32f4xx_hal_spi.o
    0x08005f56   0x000000aa   Code   RO         4337    i.SPI_WaitFlagStateUntilTimeout  stm32f4xx_hal_spi.o
    0x08006000   0x00000002   Code   RO          617    i.SVC_Handler       stm32f4xx_it.o
    0x08006002   0x00000002   PAD
    0x08006004   0x0000006c   Code   RO          770    i.SetRTCTimeStamp   drv_rtc.o
    0x08006070   0x00000010   Code   RO          536    i.SysTick_Handler   board.o
    0x08006080   0x000000e4   Code   RO          537    i.SystemClock_Config  board.o
    0x08006164   0x00000064   Code   RO         1332    i.SystemInit        system_stm32f4xx.o
    0x080061c8   0x00000010   Code   RO          439    i.TIM3_IRQHandler   adc_timer.o
    0x080061d8   0x0000002c   Code   RO          440    i.TIM3_Init         adc_timer.o
    0x08006204   0x00000010   Code   RO          441    i.TIM4_IRQHandler   adc_timer.o
    0x08006214   0x0000002c   Code   RO          442    i.TIM4_Init         adc_timer.o
    0x08006240   0x000000e4   Code   RO         4776    i.TIM_Base_SetConfig  stm32f4xx_hal_tim.o
    0x08006324   0x00000368   Code   RO         5622    i.UART_SetConfig    stm32f4xx_hal_uart.o
    0x0800668c   0x00000018   Code   RO          664    i.USART1_IRQHandler  usart.o
    0x080066a4   0x00000018   Code   RO          665    i.USART2_IRQHandler  usart.o
    0x080066bc   0x00000018   Code   RO          666    i.USART3_IRQHandler  usart.o
    0x080066d4   0x00000018   Code   RO          667    i.USART6_IRQHandler  usart.o
    0x080066ec   0x00000004   Code   RO          618    i.UsageFault_Handler  stm32f4xx_it.o
    0x080066f0   0x00000030   Code   RO        10549    i.__ARM_fpclassify  m_wm.l(fpclassify.o)
    0x08006720   0x0000004c   Code   RO         7036    i.__rt_ffs          kservice.o
    0x0800676c   0x00000014   Code   RO         6675    i._has_defunct_thread  idle.o
    0x08006780   0x0000000e   Code   RO        10407    i._is_digit         c_w.l(__printf_wp.o)
    0x0800678e   0x00000002   PAD
    0x08006790   0x000000ec   Code   RO         8962    i._list_device      cmd.o
    0x0800687c   0x000000f8   Code   RO         8963    i._list_event       cmd.o
    0x08006974   0x00000120   Code   RO         8964    i._list_mailbox     cmd.o
    0x08006a94   0x000000cc   Code   RO         8965    i._list_memheap     cmd.o
    0x08006b60   0x00000114   Code   RO         8966    i._list_mempool     cmd.o
    0x08006c74   0x00000108   Code   RO         8967    i._list_msgqueue    cmd.o
    0x08006d7c   0x000000c4   Code   RO         8968    i._list_mutex       cmd.o
    0x08006e40   0x000000f0   Code   RO         8969    i._list_sem         cmd.o
    0x08006f30   0x0000016c   Code   RO         8970    i._list_thread      cmd.o
    0x0800709c   0x00000110   Code   RO         8971    i._list_timer       cmd.o
    0x080071ac   0x00000098   Code   RO         9148    i._msh_exec_cmd     msh.o
    0x08007244   0x000000c8   Code   RO         7521    i._rt_scheduler_stack_check  scheduler.o
    0x0800730c   0x000000d0   Code   RO         7615    i._rt_thread_init   thread.o
    0x080073dc   0x00000042   Code   RO         7751    i._rt_timer_init    timer.o
    0x0800741e   0x0000002e   Code   RO         7752    i._rt_timer_remove  timer.o
    0x0800744c   0x00000194   Code   RO         8196    i._serial_dma_rx    serial.o
    0x080075e0   0x00000064   Code   RO         8197    i._serial_fifo_calc_recved_len  serial.o
    0x08007644   0x000000b8   Code   RO         8198    i._serial_int_rx    serial.o
    0x080076fc   0x00000070   Code   RO         8199    i._serial_int_tx    serial.o
    0x0800776c   0x0000005c   Code   RO         8200    i._serial_poll_rx   serial.o
    0x080077c8   0x00000054   Code   RO         8201    i._serial_poll_tx   serial.o
    0x0800781c   0x00000014   Code   RO         8375    i._spi_bus_device_control  spi_dev.o
    0x08007830   0x00000064   Code   RO         8376    i._spi_bus_device_read  spi_dev.o
    0x08007894   0x00000064   Code   RO         8377    i._spi_bus_device_write  spi_dev.o
    0x080078f8   0x00000014   Code   RO         8378    i._spidev_device_control  spi_dev.o
    0x0800790c   0x00000068   Code   RO         8379    i._spidev_device_read  spi_dev.o
    0x08007974   0x00000068   Code   RO         8380    i._spidev_device_write  spi_dev.o
    0x080079dc   0x000000a0   Code   RO         1164    i.at24cxx_hw_init   drv_eeprom.o
    0x08007a7c   0x0000003e   Code   RO         1165    i.check_at24cxx     drv_eeprom.o
    0x08007aba   0x0000000e   Code   RO         9214    i.cmd_free          msh_cmd.o
    0x08007ac8   0x0000000e   Code   RO         9215    i.cmd_ps            msh_cmd.o
    0x08007ad6   0x00000006   Code   RO         9216    i.cmd_time          msh_cmd.o
    0x08007adc   0x0000014c   Code   RO          906    i.configure         drv_spi.o
    0x08007c28   0x00000074   Code   RO         1042    i.dac2_init         drv_spi_dac.o
    0x08007c9c   0x00000074   Code   RO         1043    i.dac3_init         drv_spi_dac.o
    0x08007d10   0x00000214   Code   RO         8151    i.date              rtc.o
    0x08007f24   0x0000003e   Code   RO         9329    i.finsh_block_insert  finsh_heap.o
    0x08007f62   0x0000007c   Code   RO         9330    i.finsh_block_merge  finsh_heap.o
    0x08007fde   0x0000002e   Code   RO         9331    i.finsh_block_remove  finsh_heap.o
    0x0800800c   0x00000018   Code   RO         9332    i.finsh_block_split  finsh_heap.o
    0x08008024   0x00001654   Code   RO         9248    i.finsh_compile     finsh_compiler.o
    0x08009678   0x00000068   Code   RO         9249    i.finsh_compiler_run  finsh_compiler.o
    0x080096e0   0x0000000c   Code   RO         9295    i.finsh_errno       finsh_error.o
    0x080096ec   0x0000000c   Code   RO         9296    i.finsh_error_init  finsh_error.o
    0x080096f8   0x00000010   Code   RO         9297    i.finsh_error_set   finsh_error.o
    0x08009708   0x00000010   Code   RO         9298    i.finsh_error_string  finsh_error.o
    0x08009718   0x00000016   Code   RO         9382    i.finsh_flush       finsh_init.o
    0x0800972e   0x00000002   PAD
    0x08009730   0x00000040   Code   RO         8844    i.finsh_get_prompt  shell.o
    0x08009770   0x00000058   Code   RO         8845    i.finsh_getchar     shell.o
    0x080097c8   0x00000074   Code   RO         9333    i.finsh_heap_allocate  finsh_heap.o
    0x0800983c   0x0000002c   Code   RO         9334    i.finsh_heap_free   finsh_heap.o
    0x08009868   0x00000058   Code   RO         9335    i.finsh_heap_gc     finsh_heap.o
    0x080098c0   0x00000030   Code   RO         9336    i.finsh_heap_init   finsh_heap.o
    0x080098f0   0x0000001e   Code   RO         9383    i.finsh_init        finsh_init.o
    0x0800990e   0x00000002   PAD
    0x08009910   0x0000003c   Code   RO         9418    i.finsh_node_allocate  finsh_node.o
    0x0800994c   0x00000014   Code   RO         9419    i.finsh_node_init   finsh_node.o
    0x08009960   0x0000001e   Code   RO         9420    i.finsh_node_new_char  finsh_node.o
    0x0800997e   0x00000076   Code   RO         9421    i.finsh_node_new_id  finsh_node.o
    0x080099f4   0x0000001e   Code   RO         9422    i.finsh_node_new_int  finsh_node.o
    0x08009a12   0x0000001e   Code   RO         9423    i.finsh_node_new_long  finsh_node.o
    0x08009a30   0x0000001e   Code   RO         9424    i.finsh_node_new_ptr  finsh_node.o
    0x08009a4e   0x0000004a   Code   RO         9425    i.finsh_node_new_string  finsh_node.o
    0x08009a98   0x00000010   Code   RO         9775    i.finsh_parser_init  finsh_parser.o
    0x08009aa8   0x000000dc   Code   RO         9776    i.finsh_parser_run  finsh_parser.o
    0x08009b84   0x000000d4   Code   RO         8846    i.finsh_run_line    shell.o
    0x08009c58   0x00000040   Code   RO         8847    i.finsh_rx_ind      shell.o
    0x08009c98   0x000000dc   Code   RO         8848    i.finsh_set_device  shell.o
    0x08009d74   0x0000000c   Code   RO         9385    i.finsh_stack_bottom  finsh_init.o
    0x08009d80   0x0000005c   Code   RO         9940    i.finsh_syscall_lookup  finsh_vm.o
    0x08009ddc   0x00000014   Code   RO         8850    i.finsh_system_function_init  shell.o
    0x08009df0   0x000000c0   Code   RO         8851    i.finsh_system_init  shell.o
    0x08009eb0   0x00000014   Code   RO         8852    i.finsh_system_var_init  shell.o
    0x08009ec4   0x0000005c   Code   RO         9887    i.finsh_sysvar_lookup  finsh_var.o
    0x08009f20   0x00000548   Code   RO         8853    i.finsh_thread_entry  shell.o
    0x0800a468   0x00000014   Code   RO         9975    i.finsh_token_init  finsh_token.o
    0x0800a47c   0x00000018   Code   RO         9976    i.finsh_token_token  finsh_token.o
    0x0800a494   0x0000015e   Code   RO         9250    i.finsh_type_check  finsh_compiler.o
    0x0800a5f2   0x00000002   PAD
    0x0800a5f4   0x00000014   Code   RO         9889    i.finsh_var_init    finsh_var.o
    0x0800a608   0x00000078   Code   RO         9890    i.finsh_var_insert  finsh_var.o
    0x0800a680   0x00000040   Code   RO         9891    i.finsh_var_lookup  finsh_var.o
    0x0800a6c0   0x00000054   Code   RO         9941    i.finsh_vm_run      finsh_vm.o
    0x0800a714   0x00000012   Code   RO         8424    i.flash_lock        spi_flash_w25qxx.o
    0x0800a726   0x0000000e   Code   RO         8425    i.flash_unlock      spi_flash_w25qxx.o
    0x0800a734   0x00000020   Code   RO         8972    i.hello             cmd.o
    0x0800a754   0x000000be   Code   RO         8067    i.i2c_bit_send_address  i2c-bit-ops.o
    0x0800a812   0x0000009c   Code   RO         8068    i.i2c_bit_xfer      i2c-bit-ops.o
    0x0800a8ae   0x00000002   PAD
    0x0800a8b0   0x00000088   Code   RO         8038    i.i2c_bus_device_control  i2c_dev.o
    0x0800a938   0x00000074   Code   RO         8039    i.i2c_bus_device_read  i2c_dev.o
    0x0800a9ac   0x00000074   Code   RO         8040    i.i2c_bus_device_write  i2c_dev.o
    0x0800aa20   0x00000010   Code   RO         8069    i.i2c_delay         i2c-bit-ops.o
    0x0800aa30   0x0000000c   Code   RO         8070    i.i2c_delay2        i2c-bit-ops.o
    0x0800aa3c   0x0000005a   Code   RO         8071    i.i2c_readb         i2c-bit-ops.o
    0x0800aa96   0x00000056   Code   RO         8072    i.i2c_recv_bytes    i2c-bit-ops.o
    0x0800aaec   0x00000030   Code   RO         8073    i.i2c_restart       i2c-bit-ops.o
    0x0800ab1c   0x00000036   Code   RO         8074    i.i2c_send_ack_or_nack  i2c-bit-ops.o
    0x0800ab52   0x00000048   Code   RO         8075    i.i2c_send_address  i2c-bit-ops.o
    0x0800ab9a   0x0000004e   Code   RO         8076    i.i2c_send_bytes    i2c-bit-ops.o
    0x0800abe8   0x0000001c   Code   RO         8077    i.i2c_start         i2c-bit-ops.o
    0x0800ac04   0x0000002e   Code   RO         8078    i.i2c_stop          i2c-bit-ops.o
    0x0800ac32   0x00000094   Code   RO         8079    i.i2c_writeb        i2c-bit-ops.o
    0x0800acc6   0x00000002   PAD
    0x0800acc8   0x00000180   Code   RO          508    i.info_init         displayinfo.o
    0x0800ae48   0x000000dc   Code   RO         8973    i.list              cmd.o
    0x0800af24   0x00000020   Code   RO         8152    i.list_date         rtc.o
    0x0800af44   0x00000012   Code   RO         8974    i.list_device       cmd.o
    0x0800af56   0x00000012   Code   RO         8975    i.list_event        cmd.o
    0x0800af68   0x00000012   Code   RO         8976    i.list_mailbox      cmd.o
    0x0800af7a   0x00000002   PAD
    0x0800af7c   0x00000078   Code   RO         7240    i.list_mem          mem.o
    0x0800aff4   0x00000012   Code   RO         8977    i.list_memheap      cmd.o
    0x0800b006   0x00000012   Code   RO         8978    i.list_mempool      cmd.o
    0x0800b018   0x00000012   Code   RO         8979    i.list_msgqueue     cmd.o
    0x0800b02a   0x00000012   Code   RO         8980    i.list_mutex        cmd.o
    0x0800b03c   0x00000210   Code   RO         8981    i.list_prefix       cmd.o
    0x0800b24c   0x00000012   Code   RO         8982    i.list_sem          cmd.o
    0x0800b25e   0x00000012   Code   RO         8983    i.list_thread       cmd.o
    0x0800b270   0x00000012   Code   RO         8984    i.list_timer        cmd.o
    0x0800b282   0x0000000e   Code   RO          338    i.main              startup.o
    0x0800b290   0x00000028   Code   RO         9777    i.make_sys_node     finsh_parser.o
    0x0800b2b8   0x000000a0   Code   RO         9149    i.msh_auto_complete  msh.o
    0x0800b358   0x00000010   Code   RO         9150    i.msh_enter         msh.o
    0x0800b368   0x0000006c   Code   RO         9151    i.msh_exec          msh.o
    0x0800b3d4   0x00000010   Code   RO         9152    i.msh_exit          msh.o
    0x0800b3e4   0x0000005c   Code   RO         9153    i.msh_get_cmd       msh.o
    0x0800b440   0x00000080   Code   RO         9154    i.msh_help          msh.o
    0x0800b4c0   0x0000000c   Code   RO         9155    i.msh_is_used       msh.o
    0x0800b4cc   0x000000f0   Code   RO         9156    i.msh_split         msh.o
    0x0800b5bc   0x0000003e   Code   RO         8985    i.object_name_maxlen  cmd.o
    0x0800b5fa   0x00000002   PAD
    0x0800b5fc   0x0000001c   Code   RO         8986    i.object_split      cmd.o
    0x0800b618   0x0000010c   Code   RO         7241    i.plug_holes        mem.o
    0x0800b724   0x0000018c   Code   RO         7038    i.print_number      kservice.o
    0x0800b8b0   0x00000072   Code   RO         9778    i.proc_additive_expr  finsh_parser.o
    0x0800b922   0x0000004c   Code   RO         9779    i.proc_and_expr     finsh_parser.o
    0x0800b96e   0x00000038   Code   RO         9780    i.proc_assign_expr  finsh_parser.o
    0x0800b9a6   0x0000004e   Code   RO         9781    i.proc_cast_expr    finsh_parser.o
    0x0800b9f4   0x0000004c   Code   RO         9782    i.proc_exclusive_or_expr  finsh_parser.o
    0x0800ba40   0x0000000c   Code   RO         9783    i.proc_expr         finsh_parser.o
    0x0800ba4c   0x00000038   Code   RO         9784    i.proc_expr_statement  finsh_parser.o
    0x0800ba84   0x0000002c   Code   RO         9785    i.proc_identifier   finsh_parser.o
    0x0800bab0   0x0000004c   Code   RO         9786    i.proc_inclusive_or_expr  finsh_parser.o
    0x0800bafc   0x0000008a   Code   RO         9787    i.proc_multiplicative_expr  finsh_parser.o
    0x0800bb86   0x0000004c   Code   RO         9788    i.proc_param_list   finsh_parser.o
    0x0800bbd2   0x000000a2   Code   RO         9789    i.proc_postfix_expr  finsh_parser.o
    0x0800bc74   0x0000009e   Code   RO         9790    i.proc_primary_expr  finsh_parser.o
    0x0800bd12   0x00000074   Code   RO         9791    i.proc_shift_expr   finsh_parser.o
    0x0800bd86   0x000000fa   Code   RO         9792    i.proc_type         finsh_parser.o
    0x0800be80   0x000000be   Code   RO         9793    i.proc_unary_expr   finsh_parser.o
    0x0800bf3e   0x000001da   Code   RO         9794    i.proc_variable_decl  finsh_parser.o
    0x0800c118   0x000000ac   Code   RO            4    i.rt_alarm_process_A_thread_entry  application.o
    0x0800c1c4   0x000000b4   Code   RO            5    i.rt_alarm_process_B_thread_entry  application.o
    0x0800c278   0x0000017c   Code   RO            6    i.rt_application_init  application.o
    0x0800c3f4   0x00000074   Code   RO         7039    i.rt_assert_handler  kservice.o
    0x0800c468   0x00000068   Code   RO         8511    i.rt_completion_done  completion.o
    0x0800c4d0   0x00000048   Code   RO         8512    i.rt_completion_init  completion.o
    0x0800c518   0x00000140   Code   RO         8513    i.rt_completion_wait  completion.o
    0x0800c658   0x0000004c   Code   RO         6539    i.rt_components_board_init  components.o
    0x0800c6a4   0x00000070   Code   RO         6540    i.rt_components_init  components.o
    0x0800c714   0x0000000c   Code   RO         7041    i.rt_console_get_device  kservice.o
    0x0800c720   0x00000034   Code   RO         7042    i.rt_console_set_device  kservice.o
    0x0800c754   0x00000064   Code   RO         8544    i.rt_data_queue_init  dataqueue.o
    0x0800c7b8   0x00000080   Code   RO         8545    i.rt_data_queue_peak  dataqueue.o
    0x0800c838   0x000001c0   Code   RO         8546    i.rt_data_queue_pop  dataqueue.o
    0x0800c9f8   0x00000060   Code   RO         6584    i.rt_device_close   device.o
    0x0800ca58   0x00000040   Code   RO         6585    i.rt_device_control  device.o
    0x0800ca98   0x0000007c   Code   RO         6588    i.rt_device_find    device.o
    0x0800cb14   0x000000fc   Code   RO         6591    i.rt_device_open    device.o
    0x0800cc10   0x00000064   Code   RO         6592    i.rt_device_read    device.o
    0x0800cc74   0x00000036   Code   RO         6593    i.rt_device_register  device.o
    0x0800ccaa   0x00000002   PAD
    0x0800ccac   0x00000030   Code   RO         6594    i.rt_device_set_rx_indicate  device.o
    0x0800ccdc   0x00000064   Code   RO         6597    i.rt_device_write   device.o
    0x0800cd40   0x0000000c   Code   RO         8202    i.rt_dma_calc_recved_len  serial.o
    0x0800cd4c   0x0000009c   Code   RO         8203    i.rt_dma_recv_update_get_index  serial.o
    0x0800cde8   0x000000b4   Code   RO         8204    i.rt_dma_recv_update_put_index  serial.o
    0x0800ce9c   0x00000020   Code   RO         7523    i.rt_enter_critical  scheduler.o
    0x0800cebc   0x0000003c   Code   RO         7524    i.rt_exit_critical  scheduler.o
    0x0800cef8   0x0000020c   Code   RO         7243    i.rt_free           mem.o
    0x0800d104   0x0000002c   Code   RO          539    i.rt_hw_board_init  board.o
    0x0800d130   0x00000002   Code   RO         7045    i.rt_hw_console_output  kservice.o
    0x0800d132   0x00000002   PAD
    0x0800d134   0x00000110   Code   RO         7868    i.rt_hw_hard_fault_exception  cpuport.o
    0x0800d244   0x0000001c   Code   RO          771    i.rt_hw_rtc_init    drv_rtc.o
    0x0800d260   0x00000070   Code   RO          772    i.rt_hw_rtc_register  drv_rtc.o
    0x0800d2d0   0x000001d4   Code   RO         8205    i.rt_hw_serial_isr  serial.o
    0x0800d4a4   0x00000080   Code   RO         8206    i.rt_hw_serial_register  serial.o
    0x0800d524   0x000000dc   Code   RO         1044    i.rt_hw_spi2_init   drv_spi_dac.o
    0x0800d600   0x000000e0   Code   RO         1045    i.rt_hw_spi3_init   drv_spi_dac.o
    0x0800d6e0   0x000000e0   Code   RO         1001    i.rt_hw_spi5_init   drv_spi_flash.o
    0x0800d7c0   0x0000001c   Code   RO         1002    i.rt_hw_spi_flash_init  drv_spi_flash.o
    0x0800d7dc   0x00000050   Code   RO         7869    i.rt_hw_stack_init  cpuport.o
    0x0800d82c   0x00000018   Code   RO         8080    i.rt_i2c_bit_add_bus  i2c-bit-ops.o
    0x0800d844   0x0000005c   Code   RO         8041    i.rt_i2c_bus_device_device_init  i2c_dev.o
    0x0800d8a0   0x0000003c   Code   RO         7993    i.rt_i2c_bus_device_register  i2c_core.o
    0x0800d8dc   0x00000004   Code   RO         7994    i.rt_i2c_core_init  i2c_core.o
    0x0800d8e0   0x00000070   Code   RO         7995    i.rt_i2c_master_recv  i2c_core.o
    0x0800d950   0x00000042   Code   RO         7996    i.rt_i2c_master_send  i2c_core.o
    0x0800d992   0x0000003c   Code   RO         7997    i.rt_i2c_transfer   i2c_core.o
    0x0800d9ce   0x0000002a   Code   RO            7    i.rt_init_thread_entry  application.o
    0x0800d9f8   0x00000038   Code   RO         6997    i.rt_interrupt_enter  irq.o
    0x0800da30   0x0000000c   Code   RO         6999    i.rt_interrupt_get_nest  irq.o
    0x0800da3c   0x00000038   Code   RO         7000    i.rt_interrupt_leave  irq.o
    0x0800da74   0x00000018   Code   RO         6730    i.rt_ipc_list_resume  ipc.o
    0x0800da8c   0x0000006c   Code   RO         6732    i.rt_ipc_list_suspend  ipc.o
    0x0800daf8   0x00000010   Code   RO         6733    i.rt_ipc_object_init  ipc.o
    0x0800db08   0x00000068   Code   RO         7046    i.rt_kprintf        kservice.o
    0x0800db70   0x00000006   Code   RO         6734    i.rt_list_init      ipc.o
    0x0800db76   0x00000006   Code   RO         7525    i.rt_list_init      scheduler.o
    0x0800db7c   0x00000006   Code   RO         7753    i.rt_list_init      timer.o
    0x0800db82   0x00000006   Code   RO         8549    i.rt_list_init      dataqueue.o
    0x0800db88   0x0000000e   Code   RO         7420    i.rt_list_insert_after  object.o
    0x0800db96   0x0000000e   Code   RO         7616    i.rt_list_insert_after  thread.o
    0x0800dba4   0x0000000e   Code   RO         7754    i.rt_list_insert_after  timer.o
    0x0800dbb2   0x0000000e   Code   RO         6735    i.rt_list_insert_before  ipc.o
    0x0800dbc0   0x0000000e   Code   RO         8550    i.rt_list_insert_before  dataqueue.o
    0x0800dbce   0x00000010   Code   RO         6736    i.rt_list_isempty   ipc.o
    0x0800dbde   0x00000010   Code   RO         7755    i.rt_list_isempty   timer.o
    0x0800dbee   0x00000010   Code   RO         8514    i.rt_list_isempty   completion.o
    0x0800dbfe   0x00000010   Code   RO         8551    i.rt_list_isempty   dataqueue.o
    0x0800dc0e   0x00000010   Code   RO         8987    i.rt_list_isempty   cmd.o
    0x0800dc1e   0x00000014   Code   RO         8988    i.rt_list_len       cmd.o
    0x0800dc32   0x00000012   Code   RO         7421    i.rt_list_remove    object.o
    0x0800dc44   0x00000012   Code   RO         7617    i.rt_list_remove    thread.o
    0x0800dc56   0x00000002   PAD
    0x0800dc58   0x000002bc   Code   RO         7245    i.rt_malloc         mem.o
    0x0800df14   0x00000060   Code   RO         6741    i.rt_mb_init        ipc.o
    0x0800df74   0x00000214   Code   RO         6742    i.rt_mb_recv        ipc.o
    0x0800e188   0x00000012   Code   RO         6743    i.rt_mb_send        ipc.o
    0x0800e19a   0x00000002   PAD
    0x0800e19c   0x000001ec   Code   RO         6744    i.rt_mb_send_wait   ipc.o
    0x0800e388   0x0000007c   Code   RO         7050    i.rt_memcpy         kservice.o
    0x0800e404   0x00000042   Code   RO         7051    i.rt_memmove        kservice.o
    0x0800e446   0x00000048   Code   RO         7052    i.rt_memset         kservice.o
    0x0800e48e   0x00000002   PAD
    0x0800e490   0x00000058   Code   RO         6757    i.rt_mutex_init     ipc.o
    0x0800e4e8   0x00000184   Code   RO         6758    i.rt_mutex_release  ipc.o
    0x0800e66c   0x000001e4   Code   RO         6759    i.rt_mutex_take     ipc.o
    0x0800e850   0x000000e0   Code   RO         7422    i.rt_object_allocate  object.o
    0x0800e930   0x0000009c   Code   RO         7424    i.rt_object_delete  object.o
    0x0800e9cc   0x00000058   Code   RO         7425    i.rt_object_detach  object.o
    0x0800ea24   0x00000028   Code   RO         7428    i.rt_object_get_information  object.o
    0x0800ea4c   0x0000007c   Code   RO         7429    i.rt_object_init    object.o
    0x0800eac8   0x0000003c   Code   RO         7430    i.rt_object_is_systemobject  object.o
    0x0800eb04   0x00000054   Code   RO            8    i.rt_optic_power_thread_entry  application.o
    0x0800eb58   0x00000050   Code   RO          773    i.rt_rtc_control    drv_rtc.o
    0x0800eba8   0x00000006   Code   RO          774    i.rt_rtc_open       drv_rtc.o
    0x0800ebae   0x00000008   Code   RO          775    i.rt_rtc_read       drv_rtc.o
    0x0800ebb6   0x00000002   PAD
    0x0800ebb8   0x000000b8   Code   RO         7526    i.rt_schedule       scheduler.o
    0x0800ec70   0x0000007c   Code   RO         7527    i.rt_schedule_insert_thread  scheduler.o
    0x0800ecec   0x00000080   Code   RO         7528    i.rt_schedule_remove_thread  scheduler.o
    0x0800ed6c   0x00000048   Code   RO         6764    i.rt_sem_init       ipc.o
    0x0800edb4   0x00000054   Code   RO         6765    i.rt_sem_release    ipc.o
    0x0800ee08   0x0000018c   Code   RO         6766    i.rt_sem_take       ipc.o
    0x0800ef94   0x00000184   Code   RO         8207    i.rt_serial_close   serial.o
    0x0800f118   0x000000a8   Code   RO         8208    i.rt_serial_control  serial.o
    0x0800f1c0   0x00000048   Code   RO         8209    i.rt_serial_init    serial.o
    0x0800f208   0x000002a0   Code   RO         8210    i.rt_serial_open    serial.o
    0x0800f4a8   0x0000006c   Code   RO         8211    i.rt_serial_read    serial.o
    0x0800f514   0x000000b0   Code   RO         8212    i.rt_serial_write   serial.o
    0x0800f5c4   0x00000028   Code   RO         7053    i.rt_set_errno      kservice.o
    0x0800f5ec   0x000000b0   Code   RO         7054    i.rt_show_version   kservice.o
    0x0800f69c   0x0000004a   Code   RO         8293    i.rt_spi_bus_attach_device  spi_core.o
    0x0800f6e6   0x00000002   PAD
    0x0800f6e8   0x00000058   Code   RO         8381    i.rt_spi_bus_device_init  spi_dev.o
    0x0800f740   0x00000032   Code   RO         8294    i.rt_spi_bus_register  spi_core.o
    0x0800f772   0x00000002   PAD
    0x0800f774   0x00000078   Code   RO         8295    i.rt_spi_configure  spi_core.o
    0x0800f7ec   0x00000016   Code   RO         8426    i.rt_spi_send       spi_flash_w25qxx.o
    0x0800f802   0x00000002   PAD
    0x0800f804   0x00000120   Code   RO         8298    i.rt_spi_send_then_recv  spi_core.o
    0x0800f924   0x00000120   Code   RO         8299    i.rt_spi_send_then_send  spi_core.o
    0x0800fa44   0x000000e0   Code   RO         8302    i.rt_spi_transfer   spi_core.o
    0x0800fb24   0x00000058   Code   RO         8382    i.rt_spidev_device_init  spi_dev.o
    0x0800fb7c   0x00000012   Code   RO         7060    i.rt_strlen         kservice.o
    0x0800fb8e   0x00000028   Code   RO         7061    i.rt_strncmp        kservice.o
    0x0800fbb6   0x00000034   Code   RO         7062    i.rt_strncpy        kservice.o
    0x0800fbea   0x00000002   PAD
    0x0800fbec   0x00000154   Code   RO         7249    i.rt_system_heap_init  mem.o
    0x0800fd40   0x0000002c   Code   RO            9    i.rt_system_led_thread_entry  application.o
    0x0800fd6c   0x00000002   Code   RO         7434    i.rt_system_object_init  object.o
    0x0800fd6e   0x00000002   PAD
    0x0800fd70   0x00000050   Code   RO         7530    i.rt_system_scheduler_init  scheduler.o
    0x0800fdc0   0x00000030   Code   RO         7531    i.rt_system_scheduler_start  scheduler.o
    0x0800fdf0   0x00000002   Code   RO         6501    i.rt_system_tick_init  clock.o
    0x0800fdf2   0x00000002   PAD
    0x0800fdf4   0x0000001c   Code   RO         7756    i.rt_system_timer_init  timer.o
    0x0800fe10   0x00000002   Code   RO         7757    i.rt_system_timer_thread_init  timer.o
    0x0800fe12   0x00000002   PAD
    0x0800fe14   0x0000009c   Code   RO         7618    i.rt_thread_control  thread.o
    0x0800feb0   0x00000050   Code   RO         7619    i.rt_thread_create  thread.o
    0x0800ff00   0x0000000c   Code   RO         7620    i.rt_thread_delay   thread.o
    0x0800ff0c   0x00000068   Code   RO         7621    i.rt_thread_delete  thread.o
    0x0800ff74   0x00000058   Code   RO         7623    i.rt_thread_exit    thread.o
    0x0800ffcc   0x00000018   Code   RO         6676    i.rt_thread_idle_entry  idle.o
    0x0800ffe4   0x000000e0   Code   RO         6677    i.rt_thread_idle_excute  idle.o
    0x080100c4   0x0000003c   Code   RO         6679    i.rt_thread_idle_init  idle.o
    0x08010100   0x0000007c   Code   RO         7625    i.rt_thread_init    thread.o
    0x0801017c   0x00000080   Code   RO         7627    i.rt_thread_resume  thread.o
    0x080101fc   0x0000000c   Code   RO         7629    i.rt_thread_self    thread.o
    0x08010208   0x00000068   Code   RO         7630    i.rt_thread_sleep   thread.o
    0x08010270   0x000000a8   Code   RO         7631    i.rt_thread_startup  thread.o
    0x08010318   0x00000088   Code   RO         7632    i.rt_thread_suspend  thread.o
    0x080103a0   0x0000009c   Code   RO         7634    i.rt_thread_timeout  thread.o
    0x0801043c   0x00000064   Code   RO         7635    i.rt_thread_yield   thread.o
    0x080104a0   0x0000000c   Code   RO         6503    i.rt_tick_get       clock.o
    0x080104ac   0x00000030   Code   RO         6504    i.rt_tick_increase  clock.o
    0x080104dc   0x0000009c   Code   RO         7758    i.rt_timer_check    timer.o
    0x08010578   0x00000064   Code   RO         7759    i.rt_timer_control  timer.o
    0x080105dc   0x00000044   Code   RO         7762    i.rt_timer_detach   timer.o
    0x08010620   0x00000054   Code   RO         7763    i.rt_timer_init     timer.o
    0x08010674   0x0000016c   Code   RO         7766    i.rt_timer_start    timer.o
    0x080107e0   0x0000006c   Code   RO         7767    i.rt_timer_stop     timer.o
    0x0801084c   0x00000328   Code   RO         7065    i.rt_vsnprintf      kservice.o
    0x08010b74   0x00000004   Code   RO         6541    i.rti_board_end     components.o
    0x08010b78   0x00000004   Code   RO         6542    i.rti_board_start   components.o
    0x08010b7c   0x00000004   Code   RO         6543    i.rti_end           components.o
    0x08010b80   0x00000004   Code   RO         6544    i.rti_start         components.o
    0x08010b84   0x0000003c   Code   RO          339    i.rtthread_startup  startup.o
    0x08010bc0   0x0000006c   Code   RO         8153    i.set_date          rtc.o
    0x08010c2c   0x00000068   Code   RO         8154    i.set_time          rtc.o
    0x08010c94   0x00000040   Code   RO         8854    i.shell_auto_complete  shell.o
    0x08010cd4   0x00000030   Code   RO         8855    i.shell_handle_history  shell.o
    0x08010d04   0x000000d8   Code   RO         8856    i.shell_push_history  shell.o
    0x08010ddc   0x00000030   Code   RO         8989    i.show_wait_queue   cmd.o
    0x08010e0c   0x00000026   Code   RO         7067    i.skip_atoi         kservice.o
    0x08010e32   0x00000002   PAD
    0x08010e34   0x000000e4   Code   RO          668    i.stm32_configure   usart.o
    0x08010f18   0x00000090   Code   RO          669    i.stm32_control     usart.o
    0x08010fa8   0x00000008   Code   RO          670    i.stm32_dma_transmit  usart.o
    0x08010fb0   0x00000044   Code   RO          671    i.stm32_getc        usart.o
    0x08010ff4   0x000000f0   Code   RO          672    i.stm32_hw_usart_init  usart.o
    0x080110e4   0x00000044   Code   RO          673    i.stm32_putc        usart.o
    0x08011128   0x0000025c   Code   RO          907    i.stm32_spi_bus_register  drv_spi.o
    0x08011384   0x00000012   Code   RO         1100    i.stm32f4_get_scl   drv_iic.o
    0x08011396   0x00000012   Code   RO         1101    i.stm32f4_get_sda   drv_iic.o
    0x080113a8   0x000000c8   Code   RO         1102    i.stm32f4_i2c_gpio_init  drv_iic.o
    0x08011470   0x00000094   Code   RO         1103    i.stm32f4_i2c_init  drv_iic.o
    0x08011504   0x00000016   Code   RO         1104    i.stm32f4_set_scl   drv_iic.o
    0x0801151a   0x00000016   Code   RO         1105    i.stm32f4_set_sda   drv_iic.o
    0x08011530   0x00000014   Code   RO         1106    i.stm32f4_udelay    drv_iic.o
    0x08011544   0x00000020   Code   RO         8990    i.str_common        cmd.o
    0x08011564   0x00000020   Code   RO         9157    i.str_common        msh.o
    0x08011584   0x00000022   Code   RO         8991    i.str_is_prefix     cmd.o
    0x080115a6   0x00000002   PAD
    0x080115a8   0x000000cc   Code   RO         1166    i.test_at24cxx      drv_eeprom.o
    0x08011674   0x00000050   Code   RO         1046    i.test_dac_7513     drv_spi_dac.o
    0x080116c4   0x00000050   Code   RO         8155    i.time              rtc.o
    0x08011714   0x00000078   Code   RO         9977    i.token_get_string  finsh_token.o
    0x0801178c   0x00000034   Code   RO         9978    i.token_match_name  finsh_token.o
    0x080117c0   0x0000003e   Code   RO         9979    i.token_next_char   finsh_token.o
    0x080117fe   0x00000016   Code   RO         9980    i.token_prev_char   finsh_token.o
    0x08011814   0x000000a2   Code   RO         9981    i.token_proc_char   finsh_token.o
    0x080118b6   0x000000d6   Code   RO         9982    i.token_proc_escape  finsh_token.o
    0x0801198c   0x00000120   Code   RO         9983    i.token_proc_number  finsh_token.o
    0x08011aac   0x00000050   Code   RO         9984    i.token_proc_string  finsh_token.o
    0x08011afc   0x0000019e   Code   RO         9985    i.token_run         finsh_token.o
    0x08011c9a   0x00000098   Code   RO         9986    i.token_spec_number  finsh_token.o
    0x08011d32   0x00000022   Code   RO         9987    i.token_trim_space  finsh_token.o
    0x08011d54   0x0000004c   Code   RO          674    i.uart_isr          usart.o
    0x08011da0   0x0000000a   Code   RO         8992    i.version           cmd.o
    0x08011daa   0x00000006   Code   RO         8427    i.w25qxx_flash_close  spi_flash_w25qxx.o
    0x08011db0   0x00000054   Code   RO         8428    i.w25qxx_flash_control  spi_flash_w25qxx.o
    0x08011e04   0x00000006   Code   RO         8429    i.w25qxx_flash_init  spi_flash_w25qxx.o
    0x08011e0a   0x00000002   PAD
    0x08011e0c   0x0000004c   Code   RO         8430    i.w25qxx_flash_open  spi_flash_w25qxx.o
    0x08011e58   0x00000038   Code   RO         8431    i.w25qxx_flash_read  spi_flash_w25qxx.o
    0x08011e90   0x0000004c   Code   RO         8432    i.w25qxx_flash_write  spi_flash_w25qxx.o
    0x08011edc   0x0000038c   Code   RO         8433    i.w25qxx_init       spi_flash_w25qxx.o
    0x08012268   0x000000dc   Code   RO         8434    i.w25qxx_page_write  spi_flash_w25qxx.o
    0x08012344   0x0000004c   Code   RO         8435    i.w25qxx_read       spi_flash_w25qxx.o
    0x08012390   0x00000024   Code   RO         8436    i.w25qxx_read_status  spi_flash_w25qxx.o
    0x080123b4   0x00000012   Code   RO         8437    i.w25qxx_wait_busy  spi_flash_w25qxx.o
    0x080123c6   0x00000002   PAD
    0x080123c8   0x00000150   Code   RO          908    i.xfer              drv_spi.o
    0x08012518   0x0000002c   Code   RO        10316    locale$$code        c_w.l(lc_ctype_c.o)
    0x08012544   0x0000002c   Code   RO        10319    locale$$code        c_w.l(lc_time_c.o)
    0x08012570   0x0000002c   Code   RO        10527    locale$$code        c_w.l(lc_numeric_c.o)
    0x0801259c   0x0000000a   Code   RO        10295    x$fpl$fpinit        fz_wm.l(fpinit.o)
    0x080125a6   0x00000004   Code   RO        10462    x$fpl$printf1       fz_wm.l(printf1.o)
    0x080125aa   0x00000004   Code   RO        10464    x$fpl$printf2       fz_wm.l(printf2.o)
    0x080125ae   0x00000000   Code   RO        10548    x$fpl$usenofp       fz_wm.l(usenofp.o)
    0x080125ae   0x00000002   PAD
    0x080125b0   0x00000070   Data   RO          676    .constdata          usart.o
    0x08012620   0x00000031   Data   RO          777    .constdata          drv_rtc.o
    0x08012651   0x0000000d   Data   RO          870    .constdata          drv_gpio.o
    0x0801265e   0x00000026   Data   RO          910    .constdata          drv_spi.o
    0x08012684   0x00000025   Data   RO         1004    .constdata          drv_spi_flash.o
    0x080126a9   0x00000034   Data   RO         1048    .constdata          drv_spi_dac.o
    0x080126dd   0x00000003   PAD
    0x080126e0   0x00000051   Data   RO         1108    .constdata          drv_iic.o
    0x08012731   0x00000010   Data   RO         1167    .constdata          drv_eeprom.o
    0x08012741   0x00000008   Data   RO         1886    .constdata          stm32f4xx_hal_dma.o
    0x08012749   0x00000010   Data   RO         3284    .constdata          stm32f4xx_hal_rcc.o
    0x08012759   0x00000030   Data   RO         6545    .constdata          components.o
    0x08012789   0x000000b7   Data   RO         6598    .constdata          device.o
    0x08012840   0x00000016   Data   RO         6682    .constdata          idle.o
    0x08012856   0x000001d7   Data   RO         6768    .constdata          ipc.o
    0x08012a2d   0x00000122   Data   RO         7069    .constdata          kservice.o
    0x08012b4f   0x00000046   Data   RO         7251    .constdata          mem.o
    0x08012b95   0x0000006d   Data   RO         7435    .constdata          object.o
    0x08012c02   0x0000004e   Data   RO         7533    .constdata          scheduler.o
    0x08012c50   0x000000b9   Data   RO         7636    .constdata          thread.o
    0x08012d09   0x0000005c   Data   RO         7769    .constdata          timer.o
    0x08012d65   0x00000024   Data   RO         7998    .constdata          i2c_core.o
    0x08012d89   0x0000005e   Data   RO         8042    .constdata          i2c_dev.o
    0x08012de7   0x00000001   PAD
    0x08012de8   0x0000000c   Data   RO         8081    .constdata          i2c-bit-ops.o
    0x08012df4   0x0000012a   Data   RO         8213    .constdata          serial.o
    0x08012f1e   0x000000a3   Data   RO         8304    .constdata          spi_core.o
    0x08012fc1   0x00000081   Data   RO         8383    .constdata          spi_dev.o
    0x08013042   0x00000027   Data   RO         8439    .constdata          spi_flash_w25qxx.o
    0x08013069   0x00000039   Data   RO         8515    .constdata          completion.o
    0x080130a2   0x0000004b   Data   RO         8552    .constdata          dataqueue.o
    0x080130ed   0x0000006d   Data   RO         8858    .constdata          shell.o
    0x0801315a   0x00000002   PAD
    0x0801315c   0x00000050   Data   RO         8993    .constdata          cmd.o
    0x080131ac   0x0000000e   Data   RO         9158    .constdata          msh.o
    0x080131ba   0x00000002   PAD
    0x080131bc   0x000000c4   Data   RO         9523    .constdata          finsh_ops.o
    0x08013280   0x00000040   Data   RO         9988    .constdata          finsh_token.o
    0x080132c0   0x0000000c   Data   RO        10200    .constdata          c_w.l(_monlen.o)
    0x080132cc   0x00000008   Data   RO        10366    .constdata          c_w.l(_printf_wctomb.o)
    0x080132d4   0x00000028   Data   RO        10395    .constdata          c_w.l(_printf_hex_int_ll_ptr.o)
    0x080132fc   0x00000011   Data   RO        10415    .constdata          c_w.l(__printf_flags_ss_wp.o)
    0x0801330d   0x00000026   Data   RO        10486    .constdata          c_w.l(_printf_fp_hex.o)
    0x08013333   0x00000001   PAD
    0x08013334   0x00000094   Data   RO        10502    .constdata          c_w.l(bigflt0.o)
    0x080133c8   0x000000ed   Data   RO         7252    .conststring        mem.o
    0x080134b5   0x00000003   PAD
    0x080134b8   0x0000015d   Data   RO         8994    .conststring        cmd.o
    0x08013615   0x00000003   PAD
    0x08013618   0x000000f3   Data   RO         9299    .conststring        finsh_error.o
    0x0801370b   0x00000001   PAD
    0x0801370c   0x0000003e   Data   RO         9989    .conststring        finsh_token.o
    0x0801374a   0x00000013   Data   RO         1050    .rodata.name        drv_spi_dac.o
    0x0801375d   0x00000038   Data   RO         1169    .rodata.name        drv_eeprom.o
    0x08013795   0x00000027   Data   RO         7254    .rodata.name        mem.o
    0x080137bc   0x000000b7   Data   RO         8157    .rodata.name        rtc.o
    0x08013873   0x000003a4   Data   RO         8996    .rodata.name        cmd.o
    0x08013c17   0x00000061   Data   RO         9160    .rodata.name        msh.o
    0x08013c78   0x0000007b   Data   RO         9217    .rodata.name        msh_cmd.o
    0x08013cf3   0x00000001   PAD
    0x08013cf4   0x00000008   Data   RO         6546    .rti_fn.0           components.o
    0x08013cfc   0x00000008   Data   RO         6547    .rti_fn.0.end       components.o
    0x08013d04   0x00000008   Data   RO          678    .rti_fn.1           usart.o
    0x08013d0c   0x00000008   Data   RO          778    .rti_fn.1           drv_rtc.o
    0x08013d14   0x00000008   Data   RO          871    .rti_fn.1           drv_gpio.o
    0x08013d1c   0x00000008   Data   RO         6548    .rti_fn.1.end       components.o
    0x08013d24   0x00000008   Data   RO         1006    .rti_fn.3           drv_spi_flash.o
    0x08013d2c   0x00000010   Data   RO         1051    .rti_fn.3           drv_spi_dac.o
    0x08013d3c   0x00000008   Data   RO         1109    .rti_fn.3           drv_iic.o
    0x08013d44   0x00000008   Data   RO         1007    .rti_fn.4           drv_spi_flash.o
    0x08013d4c   0x00000010   Data   RO         1052    .rti_fn.4           drv_spi_dac.o
    0x08013d5c   0x00000008   Data   RO         7999    .rti_fn.4           i2c_core.o
    0x08013d64   0x00000008   Data   RO         1170    .rti_fn.6           drv_eeprom.o
    0x08013d6c   0x00000008   Data   RO         8860    .rti_fn.6           shell.o
    0x08013d74   0x00000008   Data   RO         6549    .rti_fn.6.end       components.o
    0x08013d7c   0x0000000c   Data   RO         1053    FSymTab             drv_spi_dac.o
    0x08013d88   0x00000018   Data   RO         1171    FSymTab             drv_eeprom.o
    0x08013da0   0x0000000c   Data   RO         7255    FSymTab             mem.o
    0x08013dac   0x00000030   Data   RO         8158    FSymTab             rtc.o
    0x08013ddc   0x00000120   Data   RO         8997    FSymTab             cmd.o
    0x08013efc   0x00000024   Data   RO         9161    FSymTab             msh.o
    0x08013f20   0x00000024   Data   RO         9218    FSymTab             msh_cmd.o
    0x08013f44   0x00000020   Data   RO        10551    Region$$Table       anon$$obj.o
    0x08013f64   0x00000010   Data   RO         8998    VSymTab             cmd.o
    0x08013f74   0x00000110   Data   RO        10315    locale$$data        c_w.l(lc_ctype_c.o)
    0x08014084   0x00000180   Data   RO        10318    locale$$data        c_w.l(lc_time_c.o)
    0x08014204   0x0000001c   Data   RO        10526    locale$$data        c_w.l(lc_numeric_c.o)


    Execution Region RW_IRAM1 (Base: 0x20000000, Size: 0x00005ac8, Max: 0x00030000, ABSOLUTE, COMPRESSED[0x00000104])

    Base Addr    Size         Type   Attr      Idx    E Section Name        Object

    0x20000000   0x0000001c   Data   RW           11    .data               application.o
    0x2000001c   0x00000010   Data   RW          446    .data               adc_timer.o
    0x2000002c   0x00000110   Data   RW          677    .data               usart.o
    0x2000013c   0x0000048c   Data   RW          911    .data               drv_spi.o
    0x200005c8   0x00000008   Data   RW         1005    .data               drv_spi_flash.o
    0x200005d0   0x00000018   Data   RW         1049    .data               drv_spi_dac.o
    0x200005e8   0x00000004   Data   RW         1168    .data               drv_eeprom.o
    0x200005ec   0x00000004   Data   RW         1334    .data               system_stm32f4xx.o
    0x200005f0   0x00000004   Data   RW         6506    .data               clock.o
    0x200005f4   0x00000004   Data   RW         6683    .data               idle.o
    0x200005f8   0x00000009   Data   RW         7002    .data               irq.o
    0x20000601   0x00000003   PAD
    0x20000604   0x0000000c   Data   RW         7070    .data               kservice.o
    0x20000610   0x00000020   Data   RW         7253    .data               mem.o
    0x20000630   0x000000b4   Data   RW         7436    .data               object.o
    0x200006e4   0x0000001c   Data   RW         7534    .data               scheduler.o
    0x20000700   0x0000000c   Data   RW         7637    .data               thread.o
    0x2000070c   0x00000010   Data   RW         7770    .data               timer.o
    0x2000071c   0x00000010   Data   RW         7871    .data               cpuport.o
    0x2000072c   0x00000004   Data   RW         8156    .data               rtc.o
    0x20000730   0x00000004   Data   RW         8859    .data               shell.o
    0x20000734   0x00000010   Data   RW         8946    .data               symbol.o
    0x20000744   0x00000004   Data   RW         8995    .data               cmd.o
    0x20000748   0x00000004   Data   RW         9159    .data               msh.o
    0x2000074c   0x00000008   Data   RW         9251    .data               finsh_compiler.o
    0x20000754   0x00000040   Data   RW         9300    .data               finsh_error.o
    0x20000794   0x00000008   Data   RW         9338    .data               finsh_heap.o
    0x2000079c   0x00000004   Data   RW         9893    .data               finsh_var.o
    0x200007a0   0x0000000c   Data   RW         9943    .data               finsh_vm.o
    0x200007ac   0x00000070   Zero   RW           10    .bss                application.o
    0x2000081c   0x000022d8   Zero   RW          445    .bss                adc_timer.o
    0x20002af4   0x0000014c   Zero   RW          509    .bss                displayinfo.o
    0x20002c40   0x00000170   Zero   RW          675    .bss                usart.o
    0x20002db0   0x00000068   Zero   RW          776    .bss                drv_rtc.o
    0x20002e18   0x000001f0   Zero   RW          909    .bss                drv_spi.o
    0x20003008   0x00000054   Zero   RW         1003    .bss                drv_spi_flash.o
    0x2000305c   0x000000a8   Zero   RW         1047    .bss                drv_spi_dac.o
    0x20003104   0x00000018   Zero   RW         1107    .bss                drv_iic.o
    0x2000311c   0x00000108   Zero   RW         1257    .bss                myspi.o
    0x20003224   0x00000490   Zero   RW         6681    .bss                idle.o
    0x200036b4   0x00000080   Zero   RW         7068    .bss                kservice.o
    0x20003734   0x00000028   Zero   RW         7250    .bss                mem.o
    0x2000375c   0x00000100   Zero   RW         7532    .bss                scheduler.o
    0x2000385c   0x00000088   Zero   RW         8438    .bss                spi_flash_w25qxx.o
    0x200038e4   0x00000911   Zero   RW         8857    .bss                shell.o
    0x200041f5   0x00000003   PAD
    0x200041f8   0x00000080   Zero   RW         9337    .bss                finsh_heap.o
    0x20004278   0x00000140   Zero   RW         9426    .bss                finsh_node.o
    0x200043b8   0x000000c0   Zero   RW         9892    .bss                finsh_var.o
    0x20004478   0x00000180   Zero   RW         9942    .bss                finsh_vm.o
    0x200045f8   0x0000002c   Zero   RW        10150    .bss                c_w.l(localtime.o)
    0x20004624   0x00000044   Zero   RW        10198    .bss                c_w.l(asctime.o)
    0x20004668   0x00000060   Zero   RW        10253    .bss                c_w.l(libspace.o)
    0x200046c8   0x00000400   Zero   RW         6495    HEAP                startup_stm32f429xx.o
    0x20004ac8   0x00001000   Zero   RW         6494    STACK               startup_stm32f429xx.o


==============================================================================

Image component sizes


      Code (inc. data)   RO Data    RW Data    ZI Data      Debug   Object Name

       132         22          0          0          0       1527   ad7924.o
       600        114          0         16       8920       4925   adc_timer.o
       902        196          0         28        112     795559   application.o
       316         22          0          0          0       3807   board.o
        62         12          0          4          0       1623   clock.o
      3798       1490       1665          4          0      27494   cmd.o
       512        180         57          0          0       5483   completion.o
       204        106         80          0          0       3986   components.o
       272         26          0          0          0        808   context_rvds.o
       352        166          0         16          0       3574   cpuport.o
       712        154         75          0          0       6703   dataqueue.o
       838        232        183          0          0       7996   device.o
       384        160          0          0        332       1875   displayinfo.o
       646        154        104          4          0       4696   drv_eeprom.o
       296         18         21          0          0       1497   drv_gpio.o
       448         68         89          0         24       5057   drv_iic.o
       650        122         57          0        104       8032   drv_rtc.o
      1596        238         38       1164        496       9807   drv_spi.o
       756        190        115         24        168       7044   drv_spi_dac.o
       252         52         53          8         84       2428   drv_spi_flash.o
      6170        156          0          8          0      10602   finsh_compiler.o
        56         22        243         64          0       2803   finsh_error.o
       552         42          0          8        128       6071   finsh_heap.o
        64          6          0          0          0       2156   finsh_init.o
       392          8          0          0        320       6130   finsh_node.o
      3038        294        196          0          0      26806   finsh_ops.o
      2428         32          0          0          0      16959   finsh_parser.o
      1644         16        126          0          0      10658   finsh_token.o
       296         32          0          4        192       6894   finsh_var.o
       176         36          0         12        384       5493   finsh_vm.o
      1124          4         12          0          0      11877   i2c-bit-ops.o
       302         38         44          0          0       4542   i2c_core.o
       460        136         94          0          0       3700   i2c_dev.o
       328         82         22          4       1168       5062   idle.o
      2834        700        471          0          0      31989   ipc.o
       124         26          0          9          0       2102   irq.o
      2192        242        290         12        128      14023   kservice.o
      1952        754        358         32         40       6724   mem.o
       956        198        147          4          0       8301   msh.o
        34          0        159          0          0       2995   msh_cmd.o
       512         38          0          0        264       3040   myspi.o
       726        240        109        180          0       9613   object.o
       856        318        231          4          0       5452   rtc.o
       862        254         78         28        256       8602   scheduler.o
      3504        756        298          0          0      15915   serial.o
      2560        356        117          4       2321      11400   shell.o
      1044        170        163          0          0       9230   spi_core.o
       624        248        129          0          0       6273   spi_dev.o
      1616        498         39          0        136      13386   spi_flash_w25qxx.o
        74          8          0          0          0       1938   startup.o
        64         26        428          0       5120        932   startup_stm32f429xx.o
        62          6          0          0          0       1085   stm32f4xx_hal.o
       338         22          0          0          0      31521   stm32f4xx_hal_cortex.o
      1354         20          8          0          0       6328   stm32f4xx_hal_dma.o
       568         54          0          0          0       3103   stm32f4xx_hal_gpio.o
        24          4          0          0          0        543   stm32f4xx_hal_pwr.o
      1852         80         16          0          0       5771   stm32f4xx_hal_rcc.o
       880         24          0          0          0       1564   stm32f4xx_hal_rcc_ex.o
      1212         28          0          0          0       7992   stm32f4xx_hal_rtc.o
       104          4          0          0          0       3638   stm32f4xx_hal_rtc_ex.o
      1488         22          0          0          0      12078   stm32f4xx_hal_spi.o
       724         44          0          0          0       5711   stm32f4xx_hal_tim.o
         4          0          0          0          0       1578   stm32f4xx_hal_tim_ex.o
       986          8          0          0          0       1832   stm32f4xx_hal_uart.o
        16          0          0          0          0       2300   stm32f4xx_it.o
         0          0          0         16          0       5005   symbol.o
       100         18          0          4          0       1391   system_stm32f4xx.o
      1608        430        185         12          0      15101   thread.o
      1058        186         92         16          0      11499   timer.o
      1640        290        120        272        368      36824   usart.o

    ----------------------------------------------------------------------
     65380      10698       6760       1964      21068    1330453   Object Totals
         0          0         32          0          0          0   (incl. Generated)
        70          0         16          3          3          0   (incl. Padding)

    ----------------------------------------------------------------------

      Code (inc. data)   RO Data    RW Data    ZI Data      Debug   Library Member Name

        90          0          0          0          0          0   __dczerorl2.o
         8          0          0          0          0         68   __main.o
       392          4         17          0          0         92   __printf_flags_ss_wp.o
        14          0          0          0          0         68   __printf_wp.o
         0          0          0          0          0          0   __rtentry.o
        12          0          0          0          0          0   __rtentry2.o
         6          0          0          0          0          0   __rtentry4.o
        52          8          0          0          0          0   __scatter.o
        28          0          0          0          0          0   __scatter_zi.o
        28          0          0          0          0         68   _chval.o
         0          0         12          0          0          0   _monlen.o
         6          0          0          0          0          0   _printf_a.o
         6          0          0          0          0          0   _printf_c.o
        44          0          0          0          0        108   _printf_char.o
        48          6          0          0          0         96   _printf_char_common.o
        40          0          0          0          0         68   _printf_charcount.o
         6          0          0          0          0          0   _printf_d.o
       120         16          0          0          0         92   _printf_dec.o
         6          0          0          0          0          0   _printf_e.o
         6          0          0          0          0          0   _printf_f.o
      1050          0          0          0          0        216   _printf_fp_dec.o
       764         10         38          0          0        100   _printf_fp_hex.o
       128         16          0          0          0         84   _printf_fp_infnan.o
         6          0          0          0          0          0   _printf_g.o
       148          4         40          0          0        160   _printf_hex_int_ll_ptr.o
         6          0          0          0          0          0   _printf_i.o
       178          0          0          0          0         88   _printf_intcommon.o
        10          0          0          0          0          0   _printf_l.o
         6          0          0          0          0          0   _printf_lc.o
        10          0          0          0          0          0   _printf_ll.o
         6          0          0          0          0          0   _printf_lld.o
         6          0          0          0          0          0   _printf_lli.o
         6          0          0          0          0          0   _printf_llo.o
         6          0          0          0          0          0   _printf_llu.o
         6          0          0          0          0          0   _printf_llx.o
       124         16          0          0          0         92   _printf_longlong_dec.o
         6          0          0          0          0          0   _printf_ls.o
         6          0          0          0          0          0   _printf_n.o
         6          0          0          0          0          0   _printf_o.o
       112          8          0          0          0        124   _printf_oct_int_ll.o
         6          0          0          0          0          0   _printf_p.o
        78          0          0          0          0        108   _printf_pad.o
         0          0          0          0          0          0   _printf_percent.o
         4          0          0          0          0          0   _printf_percent_end.o
         6          0          0          0          0          0   _printf_s.o
        82          0          0          0          0         80   _printf_str.o
        36          0          0          0          0         84   _printf_truncate.o
         6          0          0          0          0          0   _printf_u.o
        44          0          0          0          0        108   _printf_wchar.o
       188          6          8          0          0         92   _printf_wctomb.o
         6          0          0          0          0          0   _printf_x.o
        10          0          0          0          0         68   _sputc.o
       158          0          0          0          0         92   _strtoul.o
        64          0          0          0          0         92   _wcrtomb.o
        12          6          0          0         68         68   asctime.o
       104         30          0          0          0         88   asctime_internal.o
        26          0          0          0          0         80   atoi.o
       220          4        148          0          0         96   bigflt0.o
      1910        128          0          0          0        672   btod.o
        14          0          0          0          0         80   ctime.o
        10          0          0          0          0         68   defsig_exit.o
        50          0          0          0          0         88   defsig_general.o
        80         58          0          0          0         76   defsig_rtmem_inner.o
        14          0          0          0          0         80   defsig_rtmem_outer.o
        18          0          0          0          0         80   exit.o
        94          0          0          0          0         80   h1_alloc.o
        52          0          0          0          0         68   h1_extend.o
        78          0          0          0          0         80   h1_free.o
        14          0          0          0          0         84   h1_init.o
         6          0          0          0          0        152   heapauxi.o
         4          0          0          0          0        136   hguard.o
         0          0          0          0          0          0   indicate_semi.o
       138          0          0          0          0        168   init_alloc.o
        44         10        272          0          0         76   lc_ctype_c.o
        44         10         28          0          0         76   lc_numeric_c.o
        44         10        384          0          0         76   lc_time_c.o
         2          0          0          0          0          0   libinit.o
        52          0          0          0          0          0   libinit2.o
         2          0          0          0          0          0   libshutdown.o
         2          0          0          0          0          0   libshutdown2.o
         8          4          0          0         96         68   libspace.o
       138          0          0          0          0         80   lludiv10.o
        12          6          0          0         44         68   localtime.o
       184          6          0          0          0         80   localtime_internal.o
         0          0          0          0          0          0   maybetermalloc1.o
        88          0          0          0          0         76   memcmp.o
       424         10          0          0          0        124   mktime.o
        16          4          0          0          0         76   rt_ctype_table.o
         8          4          0          0          0         68   rt_errno_addr_intlibspace.o
         8          4          0          0          0         68   rt_heap_descriptor_intlibspace.o
         8          4          0          0          0         68   rt_locale_intlibspace.o
        68          0          0          0          0         68   rt_memclr.o
        78          0          0          0          0         80   rt_memclr_w.o
       138          0          0          0          0         68   rt_memcpy_v6.o
       100          0          0          0          0         80   rt_memcpy_w.o
         2          0          0          0          0          0   rtexit.o
        10          0          0          0          0          0   rtexit2.o
        44          6          0          0          0         84   sprintf.o
        24          0          0          0          0         68   strcat.o
       128          0          0          0          0         68   strcmpv7m.o
        72          0          0          0          0         80   strcpy.o
        62          0          0          0          0         76   strlen.o
       150          0          0          0          0         80   strncmp.o
        86          0          0          0          0         76   strncpy.o
       112          0          0          0          0         88   strtol.o
        12          4          0          0          0         68   sys_exit.o
        74          0          0          0          0         80   sys_stackheap_outer.o
        14          0          0          0          0         76   sys_wrch.o
         2          0          0          0          0         68   use_no_semi.o
        10          0          0          0          0        116   fpinit.o
         4          0          0          0          0        116   printf1.o
         4          0          0          0          0        116   printf2.o
         0          0          0          0          0          0   usenofp.o
        48          0          0          0          0        124   fpclassify.o

    ----------------------------------------------------------------------
      9376        402        948          0        208       7176   Library Totals
        16          0          1          0          0          0   (incl. Padding)

    ----------------------------------------------------------------------

      Code (inc. data)   RO Data    RW Data    ZI Data      Debug   Library Name

      9294        402        947          0        208       6704   c_w.l
        18          0          0          0          0        348   fz_wm.l
        48          0          0          0          0        124   m_wm.l

    ----------------------------------------------------------------------
      9376        402        948          0        208       7176   Library Totals

    ----------------------------------------------------------------------

==============================================================================


      Code (inc. data)   RO Data    RW Data    ZI Data      Debug   

     74756      11100       7708       1964      21276    1281629   Grand Totals
     74756      11100       7708        260      21276    1281629   ELF Image Totals (compressed)
     74756      11100       7708        260          0          0   ROM Totals

==============================================================================

    Total RO  Size (Code + RO Data)                82464 (  80.53kB)
    Total RW  Size (RW Data + ZI Data)             23240 (  22.70kB)
    Total ROM Size (Code + RO Data + RW Data)      82724 (  80.79kB)

==============================================================================

