Archive member included to satisfy reference by file (symbol)

d:/stm32/env/tools/gnu_gcc/arm_gcc/mingw/bin/../lib/gcc/arm-none-eabi/5.4.1/armv7e-m/fpu\libgcc.a(_arm_addsubdf3.o)
                              build\kernel\components\libc\compilers\minilibc\math.o (__aeabi_dsub)
d:/stm32/env/tools/gnu_gcc/arm_gcc/mingw/bin/../lib/gcc/arm-none-eabi/5.4.1/armv7e-m/fpu\libgcc.a(_arm_muldivdf3.o)
                              build\kernel\components\libc\compilers\minilibc\math.o (__aeabi_dmul)
d:/stm32/env/tools/gnu_gcc/arm_gcc/mingw/bin/../lib/gcc/arm-none-eabi/5.4.1/armv7e-m/fpu\libgcc.a(_arm_fixdfsi.o)
                              build\kernel\components\libc\compilers\minilibc\math.o (__aeabi_d2iz)
d:/stm32/env/tools/gnu_gcc/arm_gcc/mingw/bin/../lib/gcc/arm-none-eabi/5.4.1/../../../../arm-none-eabi/lib/armv7e-m/fpu\libc.a(lib_a-init.o)
                              build\Libraries\CMSIS\Device\ST\STM32F4xx\Source\Templates\gcc\startup_stm32f429xx.o (__libc_init_array)
d:/stm32/env/tools/gnu_gcc/arm_gcc/mingw/bin/../lib/gcc/arm-none-eabi/5.4.1/../../../../arm-none-eabi/lib/armv7e-m/fpu\libc.a(lib_a-sysgettod.o)
                              build\kernel\components\libc\compilers\minilibc\time.o (gettimeofday)
d:/stm32/env/tools/gnu_gcc/arm_gcc/mingw/bin/../lib/gcc/arm-none-eabi/5.4.1/../../../../arm-none-eabi/lib/armv7e-m/fpu\libc.a(lib_a-gettimeofdayr.o)
                              d:/stm32/env/tools/gnu_gcc/arm_gcc/mingw/bin/../lib/gcc/arm-none-eabi/5.4.1/../../../../arm-none-eabi/lib/armv7e-m/fpu\libc.a(lib_a-sysgettod.o) (_gettimeofday_r)
d:/stm32/env/tools/gnu_gcc/arm_gcc/mingw/bin/../lib/gcc/arm-none-eabi/5.4.1/../../../../arm-none-eabi/lib/armv7e-m/fpu\libc.a(lib_a-impure.o)
                              d:/stm32/env/tools/gnu_gcc/arm_gcc/mingw/bin/../lib/gcc/arm-none-eabi/5.4.1/../../../../arm-none-eabi/lib/armv7e-m/fpu\libc.a(lib_a-sysgettod.o) (_impure_ptr)
d:/stm32/env/tools/gnu_gcc/arm_gcc/mingw/bin/../lib/gcc/arm-none-eabi/5.4.1/../../../../arm-none-eabi/lib/armv7e-m/fpu\libc.a(lib_a-reent.o)
                              d:/stm32/env/tools/gnu_gcc/arm_gcc/mingw/bin/../lib/gcc/arm-none-eabi/5.4.1/../../../../arm-none-eabi/lib/armv7e-m/fpu\libc.a(lib_a-gettimeofdayr.o) (errno)
d:/stm32/env/tools/gnu_gcc/arm_gcc/mingw/bin/../lib/gcc/arm-none-eabi/5.4.1/../../../../arm-none-eabi/lib/armv7e-m/fpu\libc.a(lib_a-freer.o)
                              d:/stm32/env/tools/gnu_gcc/arm_gcc/mingw/bin/../lib/gcc/arm-none-eabi/5.4.1/../../../../arm-none-eabi/lib/armv7e-m/fpu\libc.a(lib_a-reent.o) (_free_r)
d:/stm32/env/tools/gnu_gcc/arm_gcc/mingw/bin/../lib/gcc/arm-none-eabi/5.4.1/../../../../arm-none-eabi/lib/armv7e-m/fpu\libc.a(lib_a-mallocr.o)
                              d:/stm32/env/tools/gnu_gcc/arm_gcc/mingw/bin/../lib/gcc/arm-none-eabi/5.4.1/../../../../arm-none-eabi/lib/armv7e-m/fpu\libc.a(lib_a-freer.o) (__malloc_current_mallinfo)
d:/stm32/env/tools/gnu_gcc/arm_gcc/mingw/bin/../lib/gcc/arm-none-eabi/5.4.1/../../../../arm-none-eabi/lib/armv7e-m/fpu\libc.a(lib_a-mlock.o)
                              d:/stm32/env/tools/gnu_gcc/arm_gcc/mingw/bin/../lib/gcc/arm-none-eabi/5.4.1/../../../../arm-none-eabi/lib/armv7e-m/fpu\libc.a(lib_a-freer.o) (__malloc_lock)
d:/stm32/env/tools/gnu_gcc/arm_gcc/mingw/bin/../lib/gcc/arm-none-eabi/5.4.1/../../../../arm-none-eabi/lib/armv7e-m/fpu\libc.a(lib_a-sbrkr.o)
                              d:/stm32/env/tools/gnu_gcc/arm_gcc/mingw/bin/../lib/gcc/arm-none-eabi/5.4.1/../../../../arm-none-eabi/lib/armv7e-m/fpu\libc.a(lib_a-freer.o) (_sbrk_r)

Allocating common symbols
Common symbol       size              file

info                0xac              build\applications\displayInfo.o
alarm_count_A_item  0x14              build\applications\displayInfo.o
optic_power_th_item
                    0x14              build\applications\displayInfo.o
alarm_A_th_item     0x14              build\applications\displayInfo.o
rt_interrupt_to_thread
                    0x4               build\kernel\libcpu\arm\cortex-m4\cpuport.o
rt_interrupt_from_thread
                    0x4               build\kernel\libcpu\arm\cortex-m4\cpuport.o
global_sysvar_list  0x4               build\kernel\components\finsh\finsh_var.o
finsh_heap          0x80              build\kernel\components\finsh\finsh_heap.o
adc_data_b          0x1130            build\applications\adc_timer.o
errno               0x4               d:/stm32/env/tools/gnu_gcc/arm_gcc/mingw/bin/../lib/gcc/arm-none-eabi/5.4.1/../../../../arm-none-eabi/lib/armv7e-m/fpu\libc.a(lib_a-reent.o)
shell               0x4               build\kernel\components\finsh\shell.o
optic_power_B_item  0x14              build\applications\displayInfo.o
rt_thread_switch_interrupt_flag
                    0x4               build\kernel\libcpu\arm\cortex-m4\cpuport.o
RTC_Handler         0x20              build\drivers\drv_rtc.o
powerid             0x4               build\applications\application.o
[...]
Memory Configuration

Name             Origin             Length             Attributes
CODE             0x08000000         0x00100000         xr
DATA             0x20000000         0x00020000         rw
*default*        0x00000000         0xffffffff

Linker script and memory map

LOAD d:/stm32/env/tools/gnu_gcc/arm_gcc/mingw/bin/../lib/gcc/arm-none-eabi/5.4.1/../../../../arm-none-eabi/lib/armv7e-m/fpu\libm.a
LOAD d:/stm32/env/tools/gnu_gcc/arm_gcc/mingw/bin/../lib/gcc/arm-none-eabi/5.4.1/armv7e-m/fpu\libgcc.a
LOAD d:/stm32/env/tools/gnu_gcc/arm_gcc/mingw/bin/../lib/gcc/arm-none-eabi/5.4.1/../../../../arm-none-eabi/lib/armv7e-m/fpu\libc.a
LOAD build\applications\application.o
LOAD build\applications\startup.o
LOAD build\applications\delay.o
LOAD build\applications\adc_timer.o
LOAD build\applications\displayInfo.o
LOAD build\drivers\board.o
LOAD build\drivers\stm32f4xx_it.o
LOAD build\drivers\usart.o
LOAD build\drivers\drv_rtc.o
LOAD build\drivers\drv_gpio.o
LOAD build\drivers\drv_spi.o
LOAD build\drivers\drv_spi_flash.o
LOAD build\drivers\drv_spi_dac.o
LOAD build\drivers\drv_spi_adc.o
LOAD build\drivers\drv_iic.o
LOAD build\drivers\drv_eeprom.o
LOAD build\Libraries\CMSIS\Device\ST\STM32F4xx\Source\Templates\system_stm32f4xx.o
LOAD build\Libraries\STM32F4xx_HAL_Driver\Src\stm32f4xx_hal.o
LOAD build\Libraries\STM32F4xx_HAL_Driver\Src\stm32f4xx_hal_adc.o
LOAD build\Libraries\STM32F4xx_HAL_Driver\Src\stm32f4xx_hal_adc_ex.o
LOAD build\Libraries\STM32F4xx_HAL_Driver\Src\stm32f4xx_hal_can.o
LOAD build\Libraries\STM32F4xx_HAL_Driver\Src\stm32f4xx_hal_cec.o
LOAD build\Libraries\STM32F4xx_HAL_Driver\Src\stm32f4xx_hal_cortex.o
LOAD build\Libraries\STM32F4xx_HAL_Driver\Src\stm32f4xx_hal_crc.o
LOAD build\Libraries\STM32F4xx_HAL_Driver\Src\stm32f4xx_hal_cryp.o
LOAD build\Libraries\STM32F4xx_HAL_Driver\Src\stm32f4xx_hal_cryp_ex.o
LOAD build\Libraries\STM32F4xx_HAL_Driver\Src\stm32f4xx_hal_dac.o
LOAD build\Libraries\STM32F4xx_HAL_Driver\Src\stm32f4xx_hal_dac_ex.o
LOAD build\Libraries\STM32F4xx_HAL_Driver\Src\stm32f4xx_hal_dcmi.o
LOAD build\Libraries\STM32F4xx_HAL_Driver\Src\stm32f4xx_hal_dcmi_ex.o
LOAD build\Libraries\STM32F4xx_HAL_Driver\Src\stm32f4xx_hal_dfsdm.o
LOAD build\Libraries\STM32F4xx_HAL_Driver\Src\stm32f4xx_hal_dma.o
LOAD build\Libraries\STM32F4xx_HAL_Driver\Src\stm32f4xx_hal_dma2d.o
LOAD build\Libraries\STM32F4xx_HAL_Driver\Src\stm32f4xx_hal_dma_ex.o
LOAD build\Libraries\STM32F4xx_HAL_Driver\Src\stm32f4xx_hal_dsi.o
LOAD build\Libraries\STM32F4xx_HAL_Driver\Src\stm32f4xx_hal_eth.o
LOAD build\Libraries\STM32F4xx_HAL_Driver\Src\stm32f4xx_hal_flash.o
LOAD build\Libraries\STM32F4xx_HAL_Driver\Src\stm32f4xx_hal_flash_ex.o
LOAD build\Libraries\STM32F4xx_HAL_Driver\Src\stm32f4xx_hal_flash_ramfunc.o
LOAD build\Libraries\STM32F4xx_HAL_Driver\Src\stm32f4xx_hal_fmpi2c.o
LOAD build\Libraries\STM32F4xx_HAL_Driver\Src\stm32f4xx_hal_fmpi2c_ex.o
LOAD build\Libraries\STM32F4xx_HAL_Driver\Src\stm32f4xx_hal_gpio.o
LOAD build\Libraries\STM32F4xx_HAL_Driver\Src\stm32f4xx_hal_hash.o
LOAD build\Libraries\STM32F4xx_HAL_Driver\Src\stm32f4xx_hal_hash_ex.o
LOAD build\Libraries\STM32F4xx_HAL_Driver\Src\stm32f4xx_hal_hcd.o
LOAD build\Libraries\STM32F4xx_HAL_Driver\Src\stm32f4xx_hal_i2c.o
LOAD build\Libraries\STM32F4xx_HAL_Driver\Src\stm32f4xx_hal_i2c_ex.o
LOAD build\Libraries\STM32F4xx_HAL_Driver\Src\stm32f4xx_hal_i2s.o
LOAD build\Libraries\STM32F4xx_HAL_Driver\Src\stm32f4xx_hal_i2s_ex.o
LOAD build\Libraries\STM32F4xx_HAL_Driver\Src\stm32f4xx_hal_irda.o
LOAD build\Libraries\STM32F4xx_HAL_Driver\Src\stm32f4xx_hal_iwdg.o
LOAD build\Libraries\STM32F4xx_HAL_Driver\Src\stm32f4xx_hal_lptim.o
LOAD build\Libraries\STM32F4xx_HAL_Driver\Src\stm32f4xx_hal_ltdc.o
LOAD build\Libraries\STM32F4xx_HAL_Driver\Src\stm32f4xx_hal_ltdc_ex.o
LOAD build\Libraries\STM32F4xx_HAL_Driver\Src\stm32f4xx_hal_nand.o
LOAD build\Libraries\STM32F4xx_HAL_Driver\Src\stm32f4xx_hal_nor.o
LOAD build\Libraries\STM32F4xx_HAL_Driver\Src\stm32f4xx_hal_pccard.o
LOAD build\Libraries\STM32F4xx_HAL_Driver\Src\stm32f4xx_hal_pcd.o
LOAD build\Libraries\STM32F4xx_HAL_Driver\Src\stm32f4xx_hal_pcd_ex.o
LOAD build\Libraries\STM32F4xx_HAL_Driver\Src\stm32f4xx_hal_pwr.o
LOAD build\Libraries\STM32F4xx_HAL_Driver\Src\stm32f4xx_hal_pwr_ex.o
LOAD build\Libraries\STM32F4xx_HAL_Driver\Src\stm32f4xx_hal_qspi.o
LOAD build\Libraries\STM32F4xx_HAL_Driver\Src\stm32f4xx_hal_rcc.o
LOAD build\Libraries\STM32F4xx_HAL_Driver\Src\stm32f4xx_hal_rcc_ex.o
LOAD build\Libraries\STM32F4xx_HAL_Driver\Src\stm32f4xx_hal_rng.o
LOAD build\Libraries\STM32F4xx_HAL_Driver\Src\stm32f4xx_hal_rtc.o
LOAD build\Libraries\STM32F4xx_HAL_Driver\Src\stm32f4xx_hal_rtc_ex.o
LOAD build\Libraries\STM32F4xx_HAL_Driver\Src\stm32f4xx_hal_sai.o
LOAD build\Libraries\STM32F4xx_HAL_Driver\Src\stm32f4xx_hal_sai_ex.o
LOAD build\Libraries\STM32F4xx_HAL_Driver\Src\stm32f4xx_hal_sd.o
LOAD build\Libraries\STM32F4xx_HAL_Driver\Src\stm32f4xx_hal_sdram.o
LOAD build\Libraries\STM32F4xx_HAL_Driver\Src\stm32f4xx_hal_smartcard.o
LOAD build\Libraries\STM32F4xx_HAL_Driver\Src\stm32f4xx_hal_spdifrx.o
LOAD build\Libraries\STM32F4xx_HAL_Driver\Src\stm32f4xx_hal_spi.o
LOAD build\Libraries\STM32F4xx_HAL_Driver\Src\stm32f4xx_hal_sram.o
LOAD build\Libraries\STM32F4xx_HAL_Driver\Src\stm32f4xx_hal_tim.o
LOAD build\Libraries\STM32F4xx_HAL_Driver\Src\stm32f4xx_hal_tim_ex.o
LOAD build\Libraries\STM32F4xx_HAL_Driver\Src\stm32f4xx_hal_uart.o
LOAD build\Libraries\STM32F4xx_HAL_Driver\Src\stm32f4xx_hal_usart.o
LOAD build\Libraries\STM32F4xx_HAL_Driver\Src\stm32f4xx_hal_wwdg.o
LOAD build\Libraries\STM32F4xx_HAL_Driver\Src\stm32f4xx_ll_fmc.o
LOAD build\Libraries\STM32F4xx_HAL_Driver\Src\stm32f4xx_ll_fsmc.o
LOAD build\Libraries\STM32F4xx_HAL_Driver\Src\stm32f4xx_ll_sdmmc.o
LOAD build\Libraries\STM32F4xx_HAL_Driver\Src\stm32f4xx_ll_usb.o
LOAD build\Libraries\CMSIS\Device\ST\STM32F4xx\Source\Templates\gcc\startup_stm32f429xx.o
LOAD build\kernel\src\clock.o
LOAD build\kernel\src\components.o
LOAD build\kernel\src\device.o
LOAD build\kernel\src\idle.o
LOAD build\kernel\src\ipc.o
LOAD build\kernel\src\irq.o
LOAD build\kernel\src\kservice.o
LOAD build\kernel\src\mem.o
LOAD build\kernel\src\memheap.o
LOAD build\kernel\src\mempool.o
LOAD build\kernel\src\object.o
LOAD build\kernel\src\scheduler.o
LOAD build\kernel\src\signal.o
LOAD build\kernel\src\thread.o
LOAD build\kernel\src\timer.o
LOAD build\kernel\libcpu\arm\cortex-m4\cpuport.o
LOAD build\kernel\libcpu\arm\cortex-m4\context_gcc.o
LOAD build\kernel\libcpu\arm\common\backtrace.o
LOAD build\kernel\libcpu\arm\common\div0.o
LOAD build\kernel\libcpu\arm\common\showmem.o
LOAD build\kernel\components\finsh\shell.o
LOAD build\kernel\components\finsh\symbol.o
LOAD build\kernel\components\finsh\cmd.o
LOAD build\kernel\components\finsh\msh.o
LOAD build\kernel\components\finsh\msh_cmd.o
LOAD build\kernel\components\finsh\msh_file.o
LOAD build\kernel\components\finsh\finsh_compiler.o
LOAD build\kernel\components\finsh\finsh_error.o
LOAD build\kernel\components\finsh\finsh_heap.o
LOAD build\kernel\components\finsh\finsh_init.o
LOAD build\kernel\components\finsh\finsh_node.o
LOAD build\kernel\components\finsh\finsh_ops.o
LOAD build\kernel\components\finsh\finsh_parser.o
LOAD build\kernel\components\finsh\finsh_var.o
LOAD build\kernel\components\finsh\finsh_vm.o
LOAD build\kernel\components\finsh\finsh_token.o
LOAD build\kernel\components\libc\compilers\minilibc\ctype.o
LOAD build\kernel\components\libc\compilers\minilibc\math.o
LOAD build\kernel\components\libc\compilers\minilibc\qsort.o
LOAD build\kernel\components\libc\compilers\minilibc\rand.o
LOAD build\kernel\components\libc\compilers\minilibc\stdlib.o
LOAD build\kernel\components\libc\compilers\minilibc\string.o
LOAD build\kernel\components\libc\compilers\minilibc\time.o
LOAD build\kernel\components\drivers\hwtimer\hwtimer.o
LOAD build\kernel\components\drivers\i2c\i2c_core.o
LOAD build\kernel\components\drivers\i2c\i2c_dev.o
LOAD build\kernel\components\drivers\i2c\i2c-bit-ops.o
LOAD build\kernel\components\drivers\rtc\rtc.o
LOAD build\kernel\components\drivers\serial\serial.o
LOAD build\kernel\components\drivers\spi\spi_core.o
LOAD build\kernel\components\drivers\spi\spi_dev.o
LOAD build\kernel\components\drivers\spi\spi_flash_w25qxx.o
LOAD build\kernel\components\drivers\src\completion.o
LOAD build\kernel\components\drivers\src\dataqueue.o
LOAD build\kernel\components\drivers\src\pipe.o
LOAD build\kernel\components\drivers\src\ringbuffer.o
LOAD build\kernel\components\drivers\src\waitqueue.o
LOAD build\kernel\components\drivers\src\workqueue.o
START GROUP
LOAD d:/stm32/env/tools/gnu_gcc/arm_gcc/mingw/bin/../lib/gcc/arm-none-eabi/5.4.1/armv7e-m/fpu\libgcc.a
LOAD d:/stm32/env/tools/gnu_gcc/arm_gcc/mingw/bin/../lib/gcc/arm-none-eabi/5.4.1/../../../../arm-none-eabi/lib/armv7e-m/fpu\libc.a
END GROUP
                0x00000200                _system_stack_size = 0x200

.text           0x08000000    0x1653c
                0x08000000                . = ALIGN (0x4)
                0x08000000                _stext = .
 *(.isr_vector)
 .isr_vector    0x08000000      0x1ac build\Libraries\CMSIS\Device\ST\STM32F4xx\Source\Templates\gcc\startup_stm32f429xx.o
                0x08000000                g_pfnVectors
                0x080001ac                . = ALIGN (0x4)
 *(.text)
 .text          0x080001ac      0x114 build\kernel\libcpu\arm\cortex-m4\context_gcc.o
                0x080001ac                rt_hw_interrupt_disable
                0x080001b4                rt_hw_interrupt_enable
                0x080001ba                rt_hw_context_switch_interrupt
                0x080001ba                rt_hw_context_switch
                0x080001da                PendSV_Handler
                0x08000246                rt_hw_context_switch_to
                0x0800028e                rt_hw_interrupt_thread_switch
                0x08000292                HardFault_Handler
 *(.text.*)
 .text.rt_init_thread_entry
                0x080002c0       0x30 build\applications\application.o
                0x080002c0                rt_init_thread_entry
 .text.rt_system_led_thread_entry
                0x080002f0       0x34 build\applications\application.o
                0x080002f0                rt_system_led_thread_entry
 .text.rt_application_init
                0x08000324       0xbc build\applications\application.o
                0x08000324                rt_application_init
 .text.rtthread_startup
                0x080003e0       0x40 build\applications\startup.o
                0x080003e0                rtthread_startup
 .text.main     0x08000420       0x14 build\applications\startup.o
                0x08000420                main
 .text.TIM3_Init
                0x08000434       0x4c build\applications\adc_timer.o
                0x08000434                TIM3_Init
 .text.TIM4_Init
                0x08000480       0x4c build\applications\adc_timer.o
                0x08000480                TIM4_Init
 .text.HAL_TIM_Base_MspInit
                0x080004cc       0x88 build\applications\adc_timer.o
                0x080004cc                HAL_TIM_Base_MspInit
 .text.TIM3_IRQHandler
                0x08000554       0x14 build\applications\adc_timer.o
                0x08000554                TIM3_IRQHandler
 .text.TIM4_IRQHandler
                0x08000568       0x14 build\applications\adc_timer.o
                0x08000568                TIM4_IRQHandler
 .text.HAL_TIM_PeriodElapsedCallback
                0x0800057c       0x70 build\applications\adc_timer.o
                0x0800057c                HAL_TIM_PeriodElapsedCallback
 .text._init    0x080005ec       0x10 build\drivers\board.o
                0x080005ec                _init
 .text.Error_Handler
                0x080005fc        0x8 build\drivers\board.o
                0x080005fc                Error_Handler
 .text.SystemClock_Config
                0x08000604      0x108 build\drivers\board.o
                0x08000604                SystemClock_Config
 .text.SysTick_Handler
                0x0800070c       0x14 build\drivers\board.o
                0x0800070c                SysTick_Handler
 .text.HAL_InitTick
                0x08000720       0x18 build\drivers\board.o
                0x08000720                HAL_InitTick
 .text.HAL_GetTick
                0x08000738       0x24 build\drivers\board.o
                0x08000738                HAL_GetTick
 .text.rt_hw_board_init
                0x0800075c       0x2c build\drivers\board.o
                0x0800075c                rt_hw_board_init
 .text.NMI_Handler
                0x08000788       0x10 build\drivers\stm32f4xx_it.o
                0x08000788                NMI_Handler
 .text.MemManage_Handler
                0x08000798        0x8 build\drivers\stm32f4xx_it.o
                0x08000798                MemManage_Handler
 .text.BusFault_Handler
                0x080007a0        0x8 build\drivers\stm32f4xx_it.o
                0x080007a0                BusFault_Handler
 .text.UsageFault_Handler
                0x080007a8        0x8 build\drivers\stm32f4xx_it.o
                0x080007a8                UsageFault_Handler
 .text.SVC_Handler
                0x080007b0       0x10 build\drivers\stm32f4xx_it.o
                0x080007b0                SVC_Handler
 .text.NVIC_EnableIRQ
                0x080007c0       0x34 build\drivers\usart.o
 .text.NVIC_DisableIRQ
                0x080007f4       0x34 build\drivers\usart.o
 .text.stm32_configure
                0x08000828      0x108 build\drivers\usart.o
 .text.stm32_control
                0x08000930       0x7c build\drivers\usart.o
 .text.stm32_putc
                0x080009ac       0x4c build\drivers\usart.o
 .text.stm32_getc
                0x080009f8       0x50 build\drivers\usart.o
 .text.stm32_dma_transmit
                0x08000a48       0x1c build\drivers\usart.o
 .text.uart_isr
                0x08000a64       0x5c build\drivers\usart.o
 .text.HAL_UART_MspInit
                0x08000ac0      0x2c0 build\drivers\usart.o
                0x08000ac0                HAL_UART_MspInit
 .text.USART1_IRQHandler
                0x08000d80       0x1c build\drivers\usart.o
                0x08000d80                USART1_IRQHandler
 .text.USART2_IRQHandler
                0x08000d9c       0x1c build\drivers\usart.o
                0x08000d9c                USART2_IRQHandler
 .text.USART3_IRQHandler
                0x08000db8       0x1c build\drivers\usart.o
                0x08000db8                USART3_IRQHandler
 .text.USART6_IRQHandler
                0x08000dd4       0x1c build\drivers\usart.o
                0x08000dd4                USART6_IRQHandler
 .text.stm32_hw_usart_init
                0x08000df0      0x114 build\drivers\usart.o
                0x08000df0                stm32_hw_usart_init
 .text.RTC_Init
                0x08000f04       0x6c build\drivers\drv_rtc.o
                0x08000f04                RTC_Init
 .text.HAL_RTC_MspInit
                0x08000f70       0x68 build\drivers\drv_rtc.o
                0x08000f70                HAL_RTC_MspInit
 .text.RTC_Alarm_IRQHandler
                0x08000fd8       0x14 build\drivers\drv_rtc.o
                0x08000fd8                RTC_Alarm_IRQHandler
 .text.HAL_RTC_AlarmAEventCallback
                0x08000fec       0x1c build\drivers\drv_rtc.o
                0x08000fec                HAL_RTC_AlarmAEventCallback
 .text.RTC_WKUP_IRQHandler
                0x08001008       0x14 build\drivers\drv_rtc.o
                0x08001008                RTC_WKUP_IRQHandler
 .text.GetRTCTimeStamp
                0x0800101c       0x60 build\drivers\drv_rtc.o
                0x0800101c                GetRTCTimeStamp
 .text.SetRTCTimeStamp
                0x0800107c       0x8c build\drivers\drv_rtc.o
                0x0800107c                SetRTCTimeStamp
 .text.rt_rtc_open
                0x08001108       0x1c build\drivers\drv_rtc.o
 .text.rt_rtc_read
                0x08001124       0x1c build\drivers\drv_rtc.o
 .text.rt_rtc_control
                0x08001140       0x58 build\drivers\drv_rtc.o
 .text.rt_hw_rtc_register
                0x08001198       0x8c build\drivers\drv_rtc.o
                0x08001198                rt_hw_rtc_register
 .text.rt_hw_rtc_init
                0x08001224       0x20 build\drivers\drv_rtc.o
                0x08001224                rt_hw_rtc_init
 .text.MX_GPIO_Init
                0x08001244      0x130 build\drivers\drv_gpio.o
                0x08001244                MX_GPIO_Init
 .text.DMA_RxConfiguration
                0x08001374      0x100 build\drivers\drv_spi.o
 .text.configure
                0x08001474      0x198 build\drivers\drv_spi.o
 .text.xfer     0x0800160c      0x1d8 build\drivers\drv_spi.o
 .text.DMA1_Stream3_IRQHandler
                0x080017e4       0x18 build\drivers\drv_spi.o
                0x080017e4                DMA1_Stream3_IRQHandler
 .text.DMA1_Stream4_IRQHandler
                0x080017fc       0x18 build\drivers\drv_spi.o
                0x080017fc                DMA1_Stream4_IRQHandler
 .text.DMA1_Stream0_IRQHandler
                0x08001814       0x18 build\drivers\drv_spi.o
                0x08001814                DMA1_Stream0_IRQHandler
 .text.DMA1_Stream7_IRQHandler
                0x0800182c       0x18 build\drivers\drv_spi.o
                0x0800182c                DMA1_Stream7_IRQHandler
 .text.DMA2_Stream3_IRQHandler
                0x08001844       0x18 build\drivers\drv_spi.o
                0x08001844                DMA2_Stream3_IRQHandler
 .text.DMA2_Stream4_IRQHandler
                0x0800185c       0x18 build\drivers\drv_spi.o
                0x0800185c                DMA2_Stream4_IRQHandler
 .text.DMA2_Stream6_IRQHandler
                0x08001874       0x18 build\drivers\drv_spi.o
                0x08001874                DMA2_Stream6_IRQHandler
 .text.DMA2_Stream5_IRQHandler
                0x0800188c       0x18 build\drivers\drv_spi.o
                0x0800188c                DMA2_Stream5_IRQHandler
 .text.stm32_spi_bus_register
                0x080018a4      0x284 build\drivers\drv_spi.o
                0x080018a4                stm32_spi_bus_register
 .text.rt_hw_spi5_init
                0x08001b28       0xf0 build\drivers\drv_spi_flash.o
 .text.rt_hw_spi_flash_init
                0x08001c18       0x1c build\drivers\drv_spi_flash.o
 .text.rt_spi_send
                0x08001c34       0x24 build\drivers\drv_spi_dac.o
 .text.rt_hw_spi2_init
                0x08001c58       0xec build\drivers\drv_spi_dac.o
 .text.rt_hw_spi3_init
                0x08001d44       0xf0 build\drivers\drv_spi_dac.o
 .text.dac2_init
                0x08001e34       0x68 build\drivers\drv_spi_dac.o
                0x08001e34                dac2_init
 .text.dac3_init
                0x08001e9c       0x68 build\drivers\drv_spi_dac.o
                0x08001e9c                dac3_init
 .text.test_dac_7513
                0x08001f04       0x54 build\drivers\drv_spi_dac.o
                0x08001f04                test_dac_7513
 .text.rt_hw_spi6_init
                0x08001f58      0x174 build\drivers\drv_spi_adc.o
 .text.adc7924_init
                0x080020cc       0x5c build\drivers\drv_spi_adc.o
                0x080020cc                adc7924_init
 .text.adc_ReadOneSample
                0x08002128       0x30 build\drivers\drv_spi_adc.o
                0x08002128                adc_ReadOneSample
 .text.stm32f4_i2c_gpio_init
                0x08002158       0xd8 build\drivers\drv_iic.o
 .text.stm32f4_set_sda
                0x08002230       0x2c build\drivers\drv_iic.o
 .text.stm32f4_set_scl
                0x0800225c       0x2c build\drivers\drv_iic.o
 .text.stm32f4_get_sda
                0x08002288       0x28 build\drivers\drv_iic.o
 .text.stm32f4_get_scl
                0x080022b0       0x28 build\drivers\drv_iic.o
 .text.stm32f4_udelay
                0x080022d8       0x34 build\drivers\drv_iic.o
 .text.stm32f4_i2c_init
                0x0800230c       0x90 build\drivers\drv_iic.o
                0x0800230c                stm32f4_i2c_init
 .text.AT24CXX_Read
                0x0800239c       0x74 build\drivers\drv_eeprom.o
 .text.AT24CXX_Write
                0x08002410       0xcc build\drivers\drv_eeprom.o
 .text.test_at24cxx
                0x080024dc       0xf8 build\drivers\drv_eeprom.o
 .text.check_at24cxx
                0x080025d4       0x4c build\drivers\drv_eeprom.o
 .text.at24cxx_hw_init
                0x08002620       0x6c build\drivers\drv_eeprom.o
                0x08002620                at24cxx_hw_init
 .text.SystemInit
                0x0800268c       0x6c build\Libraries\CMSIS\Device\ST\STM32F4xx\Source\Templates\system_stm32f4xx.o
                0x0800268c                SystemInit
 .text.HAL_Init
                0x080026f8       0x44 build\Libraries\STM32F4xx_HAL_Driver\Src\stm32f4xx_hal.o
                0x080026f8                HAL_Init
 .text.HAL_MspInit
                0x0800273c       0x10 build\Libraries\STM32F4xx_HAL_Driver\Src\stm32f4xx_hal.o
                0x0800273c                HAL_MspInit
 .text.NVIC_SetPriorityGrouping
                0x0800274c       0x48 build\Libraries\STM32F4xx_HAL_Driver\Src\stm32f4xx_hal_cortex.o
 .text.NVIC_GetPriorityGrouping
                0x08002794       0x1c build\Libraries\STM32F4xx_HAL_Driver\Src\stm32f4xx_hal_cortex.o
 .text.NVIC_EnableIRQ
                0x080027b0       0x34 build\Libraries\STM32F4xx_HAL_Driver\Src\stm32f4xx_hal_cortex.o
 .text.NVIC_SetPriority
                0x080027e4       0x54 build\Libraries\STM32F4xx_HAL_Driver\Src\stm32f4xx_hal_cortex.o
 .text.NVIC_EncodePriority
                0x08002838       0x64 build\Libraries\STM32F4xx_HAL_Driver\Src\stm32f4xx_hal_cortex.o
 .text.SysTick_Config
                0x0800289c       0x44 build\Libraries\STM32F4xx_HAL_Driver\Src\stm32f4xx_hal_cortex.o
 .text.HAL_NVIC_SetPriorityGrouping
                0x080028e0       0x18 build\Libraries\STM32F4xx_HAL_Driver\Src\stm32f4xx_hal_cortex.o
                0x080028e0                HAL_NVIC_SetPriorityGrouping
 .text.HAL_NVIC_SetPriority
                0x080028f8       0x38 build\Libraries\STM32F4xx_HAL_Driver\Src\stm32f4xx_hal_cortex.o
                0x080028f8                HAL_NVIC_SetPriority
 .text.HAL_NVIC_EnableIRQ
                0x08002930       0x1c build\Libraries\STM32F4xx_HAL_Driver\Src\stm32f4xx_hal_cortex.o
                0x08002930                HAL_NVIC_EnableIRQ
 .text.HAL_SYSTICK_Config
                0x0800294c       0x18 build\Libraries\STM32F4xx_HAL_Driver\Src\stm32f4xx_hal_cortex.o
                0x0800294c                HAL_SYSTICK_Config
 .text.HAL_SYSTICK_CLKSourceConfig
                0x08002964       0x38 build\Libraries\STM32F4xx_HAL_Driver\Src\stm32f4xx_hal_cortex.o
                0x08002964                HAL_SYSTICK_CLKSourceConfig
 .text.HAL_DMA_Init
                0x0800299c      0x154 build\Libraries\STM32F4xx_HAL_Driver\Src\stm32f4xx_hal_dma.o
                0x0800299c                HAL_DMA_Init
 .text.HAL_DMA_DeInit
                0x08002af0       0x98 build\Libraries\STM32F4xx_HAL_Driver\Src\stm32f4xx_hal_dma.o
                0x08002af0                HAL_DMA_DeInit
 .text.HAL_DMA_Start_IT
                0x08002b88       0xc0 build\Libraries\STM32F4xx_HAL_Driver\Src\stm32f4xx_hal_dma.o
                0x08002b88                HAL_DMA_Start_IT
 .text.HAL_DMA_IRQHandler
                0x08002c48      0x320 build\Libraries\STM32F4xx_HAL_Driver\Src\stm32f4xx_hal_dma.o
                0x08002c48                HAL_DMA_IRQHandler
 .text.DMA_SetConfig
                0x08002f68       0x5c build\Libraries\STM32F4xx_HAL_Driver\Src\stm32f4xx_hal_dma.o
 .text.DMA_CalcBaseAndBitshift
                0x08002fc4       0x6c build\Libraries\STM32F4xx_HAL_Driver\Src\stm32f4xx_hal_dma.o
 .text.DMA_CheckFifoParam
                0x08003030      0x114 build\Libraries\STM32F4xx_HAL_Driver\Src\stm32f4xx_hal_dma.o
 .text.HAL_GPIO_Init
                0x08003144      0x354 build\Libraries\STM32F4xx_HAL_Driver\Src\stm32f4xx_hal_gpio.o
                0x08003144                HAL_GPIO_Init
 .text.HAL_GPIO_ReadPin
                0x08003498       0x30 build\Libraries\STM32F4xx_HAL_Driver\Src\stm32f4xx_hal_gpio.o
                0x08003498                HAL_GPIO_ReadPin
 .text.HAL_GPIO_WritePin
                0x080034c8       0x34 build\Libraries\STM32F4xx_HAL_Driver\Src\stm32f4xx_hal_gpio.o
                0x080034c8                HAL_GPIO_WritePin
 .text.HAL_PWR_EnableBkUpAccess
                0x080034fc       0x38 build\Libraries\STM32F4xx_HAL_Driver\Src\stm32f4xx_hal_pwr.o
                0x080034fc                HAL_PWR_EnableBkUpAccess
 .text.HAL_RCC_OscConfig
                0x08003534      0x4bc build\Libraries\STM32F4xx_HAL_Driver\Src\stm32f4xx_hal_rcc.o
                0x08003534                HAL_RCC_OscConfig
 .text.HAL_RCC_ClockConfig
                0x080039f0      0x224 build\Libraries\STM32F4xx_HAL_Driver\Src\stm32f4xx_hal_rcc.o
                0x080039f0                HAL_RCC_ClockConfig
 .text.HAL_RCC_GetSysClockFreq
                0x08003c14       0xfc build\Libraries\STM32F4xx_HAL_Driver\Src\stm32f4xx_hal_rcc.o
                0x08003c14                HAL_RCC_GetSysClockFreq
 .text.HAL_RCC_GetHCLKFreq
                0x08003d10       0x18 build\Libraries\STM32F4xx_HAL_Driver\Src\stm32f4xx_hal_rcc.o
                0x08003d10                HAL_RCC_GetHCLKFreq
 .text.HAL_RCC_GetPCLK1Freq
                0x08003d28       0x44 build\Libraries\STM32F4xx_HAL_Driver\Src\stm32f4xx_hal_rcc.o
                0x08003d28                HAL_RCC_GetPCLK1Freq
 .text.HAL_RCC_GetPCLK2Freq
                0x08003d6c       0x44 build\Libraries\STM32F4xx_HAL_Driver\Src\stm32f4xx_hal_rcc.o
                0x08003d6c                HAL_RCC_GetPCLK2Freq
 .text.HAL_RCCEx_PeriphCLKConfig
                0x08003db0      0x434 build\Libraries\STM32F4xx_HAL_Driver\Src\stm32f4xx_hal_rcc_ex.o
                0x08003db0                HAL_RCCEx_PeriphCLKConfig
 .text.HAL_RTC_Init
                0x080041e4       0xf8 build\Libraries\STM32F4xx_HAL_Driver\Src\stm32f4xx_hal_rtc.o
                0x080041e4                HAL_RTC_Init
 .text.HAL_RTC_SetTime
                0x080042dc      0x18c build\Libraries\STM32F4xx_HAL_Driver\Src\stm32f4xx_hal_rtc.o
                0x080042dc                HAL_RTC_SetTime
 .text.HAL_RTC_GetTime
                0x08004468       0xbc build\Libraries\STM32F4xx_HAL_Driver\Src\stm32f4xx_hal_rtc.o
                0x08004468                HAL_RTC_GetTime
 .text.HAL_RTC_SetDate
                0x08004524      0x16c build\Libraries\STM32F4xx_HAL_Driver\Src\stm32f4xx_hal_rtc.o
                0x08004524                HAL_RTC_SetDate
 .text.HAL_RTC_GetDate
                0x08004690       0xa0 build\Libraries\STM32F4xx_HAL_Driver\Src\stm32f4xx_hal_rtc.o
                0x08004690                HAL_RTC_GetDate
 .text.HAL_RTC_AlarmIRQHandler
                0x08004730       0x8c build\Libraries\STM32F4xx_HAL_Driver\Src\stm32f4xx_hal_rtc.o
                0x08004730                HAL_RTC_AlarmIRQHandler
 .text.HAL_RTC_WaitForSynchro
                0x080047bc       0x50 build\Libraries\STM32F4xx_HAL_Driver\Src\stm32f4xx_hal_rtc.o
                0x080047bc                HAL_RTC_WaitForSynchro
 .text.RTC_EnterInitMode
                0x0800480c       0x58 build\Libraries\STM32F4xx_HAL_Driver\Src\stm32f4xx_hal_rtc.o
                0x0800480c                RTC_EnterInitMode
 .text.RTC_ByteToBcd2
                0x08004864       0x3c build\Libraries\STM32F4xx_HAL_Driver\Src\stm32f4xx_hal_rtc.o
                0x08004864                RTC_ByteToBcd2
 .text.RTC_Bcd2ToByte
                0x080048a0       0x3c build\Libraries\STM32F4xx_HAL_Driver\Src\stm32f4xx_hal_rtc.o
                0x080048a0                RTC_Bcd2ToByte
 .text.HAL_RTCEx_WakeUpTimerIRQHandler
                0x080048dc       0x58 build\Libraries\STM32F4xx_HAL_Driver\Src\stm32f4xx_hal_rtc_ex.o
                0x080048dc                HAL_RTCEx_WakeUpTimerIRQHandler
 .text.HAL_RTCEx_WakeUpTimerEventCallback
                0x08004934       0x14 build\Libraries\STM32F4xx_HAL_Driver\Src\stm32f4xx_hal_rtc_ex.o
                0x08004934                HAL_RTCEx_WakeUpTimerEventCallback
 .text.HAL_RTCEx_BKUPWrite
                0x08004948       0x34 build\Libraries\STM32F4xx_HAL_Driver\Src\stm32f4xx_hal_rtc_ex.o
                0x08004948                HAL_RTCEx_BKUPWrite
 .text.HAL_RTCEx_BKUPRead
                0x0800497c       0x30 build\Libraries\STM32F4xx_HAL_Driver\Src\stm32f4xx_hal_rtc_ex.o
                0x0800497c                HAL_RTCEx_BKUPRead
 .text.HAL_RTCEx_AlarmBEventCallback
                0x080049ac       0x14 build\Libraries\STM32F4xx_HAL_Driver\Src\stm32f4xx_hal_rtc_ex.o
                0x080049ac                HAL_RTCEx_AlarmBEventCallback
 .text.HAL_SPI_Init
                0x080049c0       0xc8 build\Libraries\STM32F4xx_HAL_Driver\Src\stm32f4xx_hal_spi.o
                0x080049c0                HAL_SPI_Init
 .text.HAL_SPI_MspInit
                0x08004a88       0x14 build\Libraries\STM32F4xx_HAL_Driver\Src\stm32f4xx_hal_spi.o
                0x08004a88                HAL_SPI_MspInit
 .text.HAL_SPI_TransmitReceive_DMA
                0x08004a9c      0x1d0 build\Libraries\STM32F4xx_HAL_Driver\Src\stm32f4xx_hal_spi.o
                0x08004a9c                HAL_SPI_TransmitReceive_DMA
 .text.HAL_SPI_RxCpltCallback
                0x08004c6c       0x14 build\Libraries\STM32F4xx_HAL_Driver\Src\stm32f4xx_hal_spi.o
                0x08004c6c                HAL_SPI_RxCpltCallback
 .text.HAL_SPI_TxRxCpltCallback
                0x08004c80       0x14 build\Libraries\STM32F4xx_HAL_Driver\Src\stm32f4xx_hal_spi.o
                0x08004c80                HAL_SPI_TxRxCpltCallback
 .text.HAL_SPI_RxHalfCpltCallback
                0x08004c94       0x14 build\Libraries\STM32F4xx_HAL_Driver\Src\stm32f4xx_hal_spi.o
                0x08004c94                HAL_SPI_RxHalfCpltCallback
 .text.HAL_SPI_TxRxHalfCpltCallback
                0x08004ca8       0x14 build\Libraries\STM32F4xx_HAL_Driver\Src\stm32f4xx_hal_spi.o
                0x08004ca8                HAL_SPI_TxRxHalfCpltCallback
 .text.HAL_SPI_ErrorCallback
                0x08004cbc       0x14 build\Libraries\STM32F4xx_HAL_Driver\Src\stm32f4xx_hal_spi.o
                0x08004cbc                HAL_SPI_ErrorCallback
 .text.HAL_SPI_GetState
                0x08004cd0       0x1c build\Libraries\STM32F4xx_HAL_Driver\Src\stm32f4xx_hal_spi.o
                0x08004cd0                HAL_SPI_GetState
 .text.SPI_DMAReceiveCplt
                0x08004cec       0x84 build\Libraries\STM32F4xx_HAL_Driver\Src\stm32f4xx_hal_spi.o
 .text.SPI_DMATransmitReceiveCplt
                0x08004d70       0x84 build\Libraries\STM32F4xx_HAL_Driver\Src\stm32f4xx_hal_spi.o
 .text.SPI_DMAHalfReceiveCplt
                0x08004df4       0x1c build\Libraries\STM32F4xx_HAL_Driver\Src\stm32f4xx_hal_spi.o
 .text.SPI_DMAHalfTransmitReceiveCplt
                0x08004e10       0x1c build\Libraries\STM32F4xx_HAL_Driver\Src\stm32f4xx_hal_spi.o
 .text.SPI_DMAError
                0x08004e2c       0x40 build\Libraries\STM32F4xx_HAL_Driver\Src\stm32f4xx_hal_spi.o
 .text.SPI_WaitFlagStateUntilTimeout
                0x08004e6c       0xd4 build\Libraries\STM32F4xx_HAL_Driver\Src\stm32f4xx_hal_spi.o
 .text.SPI_CheckFlag_BSY
                0x08004f40       0x3c build\Libraries\STM32F4xx_HAL_Driver\Src\stm32f4xx_hal_spi.o
 .text.HAL_TIM_Base_Init
                0x08004f7c       0x58 build\Libraries\STM32F4xx_HAL_Driver\Src\stm32f4xx_hal_tim.o
                0x08004f7c                HAL_TIM_Base_Init
 .text.HAL_TIM_Base_Start_IT
                0x08004fd4       0x38 build\Libraries\STM32F4xx_HAL_Driver\Src\stm32f4xx_hal_tim.o
                0x08004fd4                HAL_TIM_Base_Start_IT
 .text.HAL_TIM_IRQHandler
                0x0800500c      0x210 build\Libraries\STM32F4xx_HAL_Driver\Src\stm32f4xx_hal_tim.o
                0x0800500c                HAL_TIM_IRQHandler
 .text.HAL_TIM_OC_DelayElapsedCallback
                0x0800521c       0x14 build\Libraries\STM32F4xx_HAL_Driver\Src\stm32f4xx_hal_tim.o
                0x0800521c                HAL_TIM_OC_DelayElapsedCallback
 .text.HAL_TIM_IC_CaptureCallback
                0x08005230       0x14 build\Libraries\STM32F4xx_HAL_Driver\Src\stm32f4xx_hal_tim.o
                0x08005230                HAL_TIM_IC_CaptureCallback
 .text.HAL_TIM_PWM_PulseFinishedCallback
                0x08005244       0x14 build\Libraries\STM32F4xx_HAL_Driver\Src\stm32f4xx_hal_tim.o
                0x08005244                HAL_TIM_PWM_PulseFinishedCallback
 .text.HAL_TIM_TriggerCallback
                0x08005258       0x14 build\Libraries\STM32F4xx_HAL_Driver\Src\stm32f4xx_hal_tim.o
                0x08005258                HAL_TIM_TriggerCallback
 .text.TIM_Base_SetConfig
                0x0800526c      0x154 build\Libraries\STM32F4xx_HAL_Driver\Src\stm32f4xx_hal_tim.o
                0x0800526c                TIM_Base_SetConfig
 .text.HAL_TIMEx_CommutationCallback
                0x080053c0       0x14 build\Libraries\STM32F4xx_HAL_Driver\Src\stm32f4xx_hal_tim_ex.o
                0x080053c0                HAL_TIMEx_CommutationCallback
 .text.HAL_TIMEx_BreakCallback
                0x080053d4       0x14 build\Libraries\STM32F4xx_HAL_Driver\Src\stm32f4xx_hal_tim_ex.o
                0x080053d4                HAL_TIMEx_BreakCallback
 .text.HAL_UART_Init
                0x080053e8       0x9c build\Libraries\STM32F4xx_HAL_Driver\Src\stm32f4xx_hal_uart.o
                0x080053e8                HAL_UART_Init
 .text.UART_SetConfig
                0x08005484      0x438 build\Libraries\STM32F4xx_HAL_Driver\Src\stm32f4xx_hal_uart.o
 .text.Reset_Handler
                0x080058bc       0x50 build\Libraries\CMSIS\Device\ST\STM32F4xx\Source\Templates\gcc\startup_stm32f429xx.o
                0x080058bc                Reset_Handler
 .text.Default_Handler
                0x0800590c        0x2 build\Libraries\CMSIS\Device\ST\STM32F4xx\Source\Templates\gcc\startup_stm32f429xx.o
                0x0800590c                HASH_RNG_IRQHandler
                0x0800590c                EXTI2_IRQHandler
                0x0800590c                TIM8_CC_IRQHandler
                0x0800590c                DebugMon_Handler
                0x0800590c                UART8_IRQHandler
                0x0800590c                SPI4_IRQHandler
                0x0800590c                TIM1_CC_IRQHandler
                0x0800590c                DMA1_Stream5_IRQHandler
                0x0800590c                PVD_IRQHandler
                0x0800590c                SDIO_IRQHandler
                0x0800590c                TAMP_STAMP_IRQHandler
                0x0800590c                CAN2_RX1_IRQHandler
                0x0800590c                EXTI3_IRQHandler
                0x0800590c                TIM8_TRG_COM_TIM14_IRQHandler
                0x0800590c                TIM1_UP_TIM10_IRQHandler
                0x0800590c                TIM8_UP_TIM13_IRQHandler
                0x0800590c                I2C3_ER_IRQHandler
                0x0800590c                EXTI0_IRQHandler
                0x0800590c                I2C2_EV_IRQHandler
                0x0800590c                DMA1_Stream2_IRQHandler
                0x0800590c                CAN1_RX0_IRQHandler
                0x0800590c                FPU_IRQHandler
                0x0800590c                OTG_HS_WKUP_IRQHandler
                0x0800590c                LTDC_ER_IRQHandler
                0x0800590c                CAN2_SCE_IRQHandler
                0x0800590c                DMA2_Stream2_IRQHandler
                0x0800590c                SPI1_IRQHandler
                0x0800590c                TIM6_DAC_IRQHandler
                0x0800590c                TIM1_BRK_TIM9_IRQHandler
                0x0800590c                DCMI_IRQHandler
                0x0800590c                CAN2_RX0_IRQHandler
                0x0800590c                CAN1_RX1_IRQHandler
                0x0800590c                UART5_IRQHandler
                0x0800590c                DMA2_Stream0_IRQHandler
                0x0800590c                I2C1_EV_IRQHandler
                0x0800590c                DMA1_Stream6_IRQHandler
                0x0800590c                DMA1_Stream1_IRQHandler
                0x0800590c                UART4_IRQHandler
                0x0800590c                RCC_IRQHandler
                0x0800590c                TIM8_BRK_TIM12_IRQHandler
                0x0800590c                Default_Handler
                0x0800590c                EXTI15_10_IRQHandler
                0x0800590c                ADC_IRQHandler
                0x0800590c                SPI5_IRQHandler
                0x0800590c                TIM7_IRQHandler
                0x0800590c                CAN2_TX_IRQHandler
                0x0800590c                TIM5_IRQHandler
                0x0800590c                DMA2_Stream7_IRQHandler
                0x0800590c                I2C3_EV_IRQHandler
                0x0800590c                EXTI9_5_IRQHandler
                0x0800590c                LTDC_IRQHandler
                0x0800590c                ETH_WKUP_IRQHandler
                0x0800590c                SPI2_IRQHandler
                0x0800590c                OTG_HS_EP1_IN_IRQHandler
                0x0800590c                CAN1_TX_IRQHandler
                0x0800590c                EXTI4_IRQHandler
                0x0800590c                ETH_IRQHandler
                0x0800590c                OTG_HS_EP1_OUT_IRQHandler
                0x0800590c                WWDG_IRQHandler
                0x0800590c                SPI6_IRQHandler
                0x0800590c                TIM2_IRQHandler
                0x0800590c                OTG_FS_WKUP_IRQHandler
                0x0800590c                TIM1_TRG_COM_TIM11_IRQHandler
                0x0800590c                OTG_HS_IRQHandler
                0x0800590c                DMA2D_IRQHandler
                0x0800590c                EXTI1_IRQHandler
                0x0800590c                UART7_IRQHandler
                0x0800590c                I2C2_ER_IRQHandler
                0x0800590c                DMA2_Stream1_IRQHandler
                0x0800590c                CAN1_SCE_IRQHandler
                0x0800590c                FLASH_IRQHandler
                0x0800590c                OTG_FS_IRQHandler
                0x0800590c                SPI3_IRQHandler
                0x0800590c                I2C1_ER_IRQHandler
                0x0800590c                FMC_IRQHandler
                0x0800590c                SAI1_IRQHandler
 *fill*         0x0800590e        0x2 00000000
 .text.rt_system_tick_init
                0x08005910       0x10 build\kernel\src\clock.o
                0x08005910                rt_system_tick_init
 .text.rt_tick_get
                0x08005920       0x18 build\kernel\src\clock.o
                0x08005920                rt_tick_get
 .text.rt_tick_increase
                0x08005938       0x44 build\kernel\src\clock.o
                0x08005938                rt_tick_increase
 .text.rti_start
                0x0800597c       0x10 build\kernel\src\components.o
 .text.rti_board_start
                0x0800598c       0x10 build\kernel\src\components.o
 .text.rti_board_end
                0x0800599c       0x10 build\kernel\src\components.o
 .text.rti_end  0x080059ac       0x10 build\kernel\src\components.o
 .text.rt_components_board_init
                0x080059bc       0x50 build\kernel\src\components.o
                0x080059bc                rt_components_board_init
 .text.rt_components_init
                0x08005a0c       0x58 build\kernel\src\components.o
                0x08005a0c                rt_components_init
 .text.rt_device_register
                0x08005a64       0x58 build\kernel\src\device.o
                0x08005a64                rt_device_register
 .text.rt_device_find
                0x08005abc       0x90 build\kernel\src\device.o
                0x08005abc                rt_device_find
 .text.rt_device_open
                0x08005b4c      0x104 build\kernel\src\device.o
                0x08005b4c                rt_device_open
 .text.rt_device_close
                0x08005c50       0x84 build\kernel\src\device.o
                0x08005c50                rt_device_close
 .text.rt_device_read
                0x08005cd4       0x6c build\kernel\src\device.o
                0x08005cd4                rt_device_read
 .text.rt_device_write
                0x08005d40       0x6c build\kernel\src\device.o
                0x08005d40                rt_device_write
 .text.rt_device_control
                0x08005dac       0x4c build\kernel\src\device.o
                0x08005dac                rt_device_control
 .text.rt_device_set_rx_indicate
                0x08005df8       0x34 build\kernel\src\device.o
                0x08005df8                rt_device_set_rx_indicate
 .text.rt_list_remove
                0x08005e2c       0x38 build\kernel\src\idle.o
 .text._has_defunct_thread
                0x08005e64       0x2c build\kernel\src\idle.o
 .text.rt_thread_idle_excute
                0x08005e90       0xc8 build\kernel\src\idle.o
                0x08005e90                rt_thread_idle_excute
 .text.rt_thread_idle_entry
                0x08005f58       0x20 build\kernel\src\idle.o
 .text.rt_thread_idle_init
                0x08005f78       0x40 build\kernel\src\idle.o
                0x08005f78                rt_thread_idle_init
 .text.rt_list_init
                0x08005fb8       0x24 build\kernel\src\ipc.o
 .text.rt_list_insert_before
                0x08005fdc       0x34 build\kernel\src\ipc.o
 .text.rt_list_isempty
                0x08006010       0x24 build\kernel\src\ipc.o
 .text.rt_ipc_object_init
                0x08006034       0x1c build\kernel\src\ipc.o
 .text.rt_ipc_list_suspend
                0x08006050       0x90 build\kernel\src\ipc.o
 .text.rt_ipc_list_resume
                0x080060e0       0x20 build\kernel\src\ipc.o
 .text.rt_sem_init
                0x08006100       0x54 build\kernel\src\ipc.o
                0x08006100                rt_sem_init
 .text.rt_sem_take
                0x08006154      0x144 build\kernel\src\ipc.o
                0x08006154                rt_sem_take
 .text.rt_sem_release
                0x08006298       0x68 build\kernel\src\ipc.o
                0x08006298                rt_sem_release
 .text.rt_mutex_init
                0x08006300       0x68 build\kernel\src\ipc.o
                0x08006300                rt_mutex_init
 .text.rt_mutex_take
                0x08006368      0x1bc build\kernel\src\ipc.o
                0x08006368                rt_mutex_take
 .text.rt_mutex_release
                0x08006524      0x16c build\kernel\src\ipc.o
                0x08006524                rt_mutex_release
 .text.rt_mb_init
                0x08006690       0x78 build\kernel\src\ipc.o
                0x08006690                rt_mb_init
 .text.rt_interrupt_enter
                0x08006708       0x40 build\kernel\src\irq.o
                0x08006708                rt_interrupt_enter
 .text.rt_interrupt_leave
                0x08006748       0x40 build\kernel\src\irq.o
                0x08006748                rt_interrupt_leave
 .text.rt_interrupt_get_nest
                0x08006788       0x18 build\kernel\src\irq.o
                0x08006788                rt_interrupt_get_nest
 .text.rt_set_errno
                0x080067a0       0x40 build\kernel\src\kservice.o
                0x080067a0                rt_set_errno
 .text.rt_memset
                0x080067e0       0xb8 build\kernel\src\kservice.o
                0x080067e0                rt_memset
                0x080067e0                memset
 .text.rt_memcpy
                0x08006898       0xd4 build\kernel\src\kservice.o
                0x08006898                rt_memcpy
                0x08006898                memcpy
 .text.rt_memmove
                0x0800696c       0x84 build\kernel\src\kservice.o
                0x0800696c                rt_memmove
                0x0800696c                memmove
 .text.rt_memcmp
                0x080069f0       0x58 build\kernel\src\kservice.o
                0x080069f0                rt_memcmp
                0x080069f0                memcmp
 .text.rt_strncpy
                0x08006a48       0x64 build\kernel\src\kservice.o
                0x08006a48                rt_strncpy
 .text.rt_strncmp
                0x08006aac       0x4c build\kernel\src\kservice.o
                0x08006aac                rt_strncmp
 .text.rt_strlen
                0x08006af8       0x30 build\kernel\src\kservice.o
                0x08006af8                strlen
                0x08006af8                rt_strlen
 .text.rt_show_version
                0x08006b28       0x44 build\kernel\src\kservice.o
                0x08006b28                rt_show_version
 .text.divide   0x08006b6c       0x68 build\kernel\src\kservice.o
 .text.skip_atoi
                0x08006bd4       0x40 build\kernel\src\kservice.o
 .text.print_number
                0x08006c14      0x1d4 build\kernel\src\kservice.o
 .text.rt_vsnprintf
                0x08006de8      0x544 build\kernel\src\kservice.o
                0x08006de8                rt_vsnprintf
 .text.rt_console_get_device
                0x0800732c       0x18 build\kernel\src\kservice.o
                0x0800732c                rt_console_get_device
 .text.rt_console_set_device
                0x08007344       0x4c build\kernel\src\kservice.o
                0x08007344                rt_console_set_device
 .text.rt_hw_console_output
                0x08007390       0x14 build\kernel\src\kservice.o
                0x08007390                rt_hw_console_output
 .text.rt_kprintf
                0x080073a4       0x80 build\kernel\src\kservice.o
                0x080073a4                rt_kprintf
 .text.__rt_ffs
                0x08007424       0x70 build\kernel\src\kservice.o
                0x08007424                __rt_ffs
 .text.rt_assert_handler
                0x08007494       0x4c build\kernel\src\kservice.o
                0x08007494                rt_assert_handler
 .text.plug_holes
                0x080074e0      0x100 build\kernel\src\mem.o
 .text.rt_system_heap_init
                0x080075e0      0x118 build\kernel\src\mem.o
                0x080075e0                rt_system_heap_init
 .text.rt_malloc
                0x080076f8      0x294 build\kernel\src\mem.o
                0x080076f8                rt_malloc
 .text.rt_free  0x0800798c      0x188 build\kernel\src\mem.o
                0x0800798c                rt_free
 .text.list_mem
                0x08007b14       0x44 build\kernel\src\mem.o
                0x08007b14                list_mem
 .text.rt_list_insert_after
                0x08007b58       0x34 build\kernel\src\object.o
 .text.rt_list_remove
                0x08007b8c       0x38 build\kernel\src\object.o
 .text.rt_system_object_init
                0x08007bc4       0x10 build\kernel\src\object.o
                0x08007bc4                rt_system_object_init
 .text.rt_object_get_information
                0x08007bd4       0x48 build\kernel\src\object.o
                0x08007bd4                rt_object_get_information
 .text.rt_object_init
                0x08007c1c       0x84 build\kernel\src\object.o
                0x08007c1c                rt_object_init
 .text.rt_object_detach
                0x08007ca0       0x54 build\kernel\src\object.o
                0x08007ca0                rt_object_detach
 .text.rt_object_allocate
                0x08007cf4       0xcc build\kernel\src\object.o
                0x08007cf4                rt_object_allocate
 .text.rt_object_delete
                0x08007dc0       0x74 build\kernel\src\object.o
                0x08007dc0                rt_object_delete
 .text.rt_object_is_systemobject
                0x08007e34       0x3c build\kernel\src\object.o
                0x08007e34                rt_object_is_systemobject
 .text.rt_list_init
                0x08007e70       0x24 build\kernel\src\scheduler.o
 .text.rt_list_insert_before
                0x08007e94       0x34 build\kernel\src\scheduler.o
 .text.rt_list_remove
                0x08007ec8       0x38 build\kernel\src\scheduler.o
 .text.rt_list_isempty
                0x08007f00       0x24 build\kernel\src\scheduler.o
 .text._rt_scheduler_stack_check
                0x08007f24       0x98 build\kernel\src\scheduler.o
 .text.rt_system_scheduler_init
                0x08007fbc       0x54 build\kernel\src\scheduler.o
                0x08007fbc                rt_system_scheduler_init
 .text.rt_system_scheduler_start
                0x08008010       0x3c build\kernel\src\scheduler.o
                0x08008010                rt_system_scheduler_start
 .text.rt_schedule
                0x0800804c       0xd4 build\kernel\src\scheduler.o
                0x0800804c                rt_schedule
 .text.rt_schedule_insert_thread
                0x08008120       0x80 build\kernel\src\scheduler.o
                0x08008120                rt_schedule_insert_thread
 .text.rt_schedule_remove_thread
                0x080081a0       0x70 build\kernel\src\scheduler.o
                0x080081a0                rt_schedule_remove_thread
 .text.rt_enter_critical
                0x08008210       0x2c build\kernel\src\scheduler.o
                0x08008210                rt_enter_critical
 .text.rt_exit_critical
                0x0800823c       0x48 build\kernel\src\scheduler.o
                0x0800823c                rt_exit_critical
 .text.rt_list_init
                0x08008284       0x24 build\kernel\src\thread.o
 .text.rt_list_insert_after
                0x080082a8       0x34 build\kernel\src\thread.o
 .text.rt_list_insert_before
                0x080082dc       0x34 build\kernel\src\thread.o
 .text.rt_list_remove
                0x08008310       0x38 build\kernel\src\thread.o
 .text.rt_thread_exit
                0x08008348       0x70 build\kernel\src\thread.o
                0x08008348                rt_thread_exit
 .text._rt_thread_init
                0x080083b8       0xfc build\kernel\src\thread.o
 .text.rt_thread_init
                0x080084b4       0x6c build\kernel\src\thread.o
                0x080084b4                rt_thread_init
 .text.rt_thread_self
                0x08008520       0x18 build\kernel\src\thread.o
                0x08008520                rt_thread_self
 .text.rt_thread_startup
                0x08008538       0x84 build\kernel\src\thread.o
                0x08008538                rt_thread_startup
 .text.rt_thread_create
                0x080085bc       0x64 build\kernel\src\thread.o
                0x080085bc                rt_thread_create
 .text.rt_thread_delete
                0x08008620       0x70 build\kernel\src\thread.o
                0x08008620                rt_thread_delete
 .text.rt_thread_yield
                0x08008690       0x74 build\kernel\src\thread.o
                0x08008690                rt_thread_yield
 .text.rt_thread_sleep
                0x08008704       0x74 build\kernel\src\thread.o
                0x08008704                rt_thread_sleep
 .text.rt_thread_delay
                0x08008778       0x18 build\kernel\src\thread.o
                0x08008778                rt_thread_delay
 .text.rt_thread_control
                0x08008790       0xb8 build\kernel\src\thread.o
                0x08008790                rt_thread_control
 .text.rt_thread_suspend
                0x08008848       0x8c build\kernel\src\thread.o
                0x08008848                rt_thread_suspend
 .text.rt_thread_resume
                0x080088d4       0x7c build\kernel\src\thread.o
                0x080088d4                rt_thread_resume
 .text.rt_thread_timeout
                0x08008950       0x68 build\kernel\src\thread.o
                0x08008950                rt_thread_timeout
 .text.rt_list_init
                0x080089b8       0x24 build\kernel\src\timer.o
 .text.rt_list_insert_after
                0x080089dc       0x34 build\kernel\src\timer.o
 .text.rt_list_remove
                0x08008a10       0x38 build\kernel\src\timer.o
 .text.rt_list_isempty
                0x08008a48       0x24 build\kernel\src\timer.o
 .text._rt_timer_init
                0x08008a6c       0x68 build\kernel\src\timer.o
 .text._rt_timer_remove
                0x08008ad4       0x34 build\kernel\src\timer.o
 .text.rt_timer_init
                0x08008b08       0x48 build\kernel\src\timer.o
                0x08008b08                rt_timer_init
 .text.rt_timer_detach
                0x08008b50       0x44 build\kernel\src\timer.o
                0x08008b50                rt_timer_detach
 .text.rt_timer_start
                0x08008b94      0x1e0 build\kernel\src\timer.o
                0x08008b94                rt_timer_start
 .text.rt_timer_stop
                0x08008d74       0x74 build\kernel\src\timer.o
                0x08008d74                rt_timer_stop
 .text.rt_timer_control
                0x08008de8       0x84 build\kernel\src\timer.o
                0x08008de8                rt_timer_control
 .text.rt_timer_check
                0x08008e6c       0xb8 build\kernel\src\timer.o
                0x08008e6c                rt_timer_check
 .text.rt_system_timer_init
                0x08008f24       0x34 build\kernel\src\timer.o
                0x08008f24                rt_system_timer_init
 .text.rt_system_timer_thread_init
                0x08008f58       0x10 build\kernel\src\timer.o
                0x08008f58                rt_system_timer_thread_init
 .text.rt_hw_stack_init
                0x08008f68       0x90 build\kernel\libcpu\arm\cortex-m4\cpuport.o
                0x08008f68                rt_hw_stack_init
 .text.rt_hw_hard_fault_exception
                0x08008ff8       0xc4 build\kernel\libcpu\arm\cortex-m4\cpuport.o
                0x08008ff8                rt_hw_hard_fault_exception
 .text.finsh_get_prompt
                0x080090bc       0x60 build\kernel\components\finsh\shell.o
                0x080090bc                finsh_get_prompt
 .text.finsh_getchar
                0x0800911c       0x58 build\kernel\components\finsh\shell.o
 .text.finsh_rx_ind
                0x08009174       0x3c build\kernel\components\finsh\shell.o
 .text.finsh_set_device
                0x080091b0       0xd8 build\kernel\components\finsh\shell.o
                0x080091b0                finsh_set_device
 .text.shell_auto_complete
                0x08009288       0x48 build\kernel\components\finsh\shell.o
 .text.finsh_run_line
                0x080092d0       0xd8 build\kernel\components\finsh\shell.o
                0x080092d0                finsh_run_line
 .text.shell_handle_history
                0x080093a8       0x34 build\kernel\components\finsh\shell.o
 .text.shell_push_history
                0x080093dc      0x160 build\kernel\components\finsh\shell.o
 .text.finsh_thread_entry
                0x0800953c      0x628 build\kernel\components\finsh\shell.o
                0x0800953c                finsh_thread_entry
 .text.finsh_system_function_init
                0x08009b64       0x2c build\kernel\components\finsh\shell.o
                0x08009b64                finsh_system_function_init
 .text.finsh_system_var_init
                0x08009b90       0x2c build\kernel\components\finsh\shell.o
                0x08009b90                finsh_system_var_init
 .text.finsh_system_init
                0x08009bbc       0xbc build\kernel\components\finsh\shell.o
                0x08009bbc                finsh_system_init
 .text.rt_list_isempty
                0x08009c78       0x24 build\kernel\components\finsh\cmd.o
 .text.rt_list_len
                0x08009c9c       0x38 build\kernel\components\finsh\cmd.o
 .text.hello    0x08009cd4       0x14 build\kernel\components\finsh\cmd.o
                0x08009cd4                hello
 .text.version  0x08009ce8       0x10 build\kernel\components\finsh\cmd.o
                0x08009ce8                version
 .text.object_name_maxlen
                0x08009cf8       0x68 build\kernel\components\finsh\cmd.o
 .text.object_split
                0x08009d60       0x28 build\kernel\components\finsh\cmd.o
 .text._list_thread
                0x08009d88      0x128 build\kernel\components\finsh\cmd.o
 .text.list_thread
                0x08009eb0       0x24 build\kernel\components\finsh\cmd.o
                0x08009eb0                list_thread
 .text.show_wait_queue
                0x08009ed4       0x50 build\kernel\components\finsh\cmd.o
 .text._list_sem
                0x08009f24       0xd8 build\kernel\components\finsh\cmd.o
 .text.list_sem
                0x08009ffc       0x24 build\kernel\components\finsh\cmd.o
                0x08009ffc                list_sem
 .text._list_event
                0x0800a020       0xbc build\kernel\components\finsh\cmd.o
 .text.list_event
                0x0800a0dc       0x24 build\kernel\components\finsh\cmd.o
                0x0800a0dc                list_event
 .text._list_mutex
                0x0800a100       0x90 build\kernel\components\finsh\cmd.o
 .text.list_mutex
                0x0800a190       0x24 build\kernel\components\finsh\cmd.o
                0x0800a190                list_mutex
 .text._list_mailbox
                0x0800a1b4       0xf8 build\kernel\components\finsh\cmd.o
 .text.list_mailbox
                0x0800a2ac       0x24 build\kernel\components\finsh\cmd.o
                0x0800a2ac                list_mailbox
 .text._list_msgqueue
                0x0800a2d0       0xe8 build\kernel\components\finsh\cmd.o
 .text.list_msgqueue
                0x0800a3b8       0x24 build\kernel\components\finsh\cmd.o
                0x0800a3b8                list_msgqueue
 .text._list_memheap
                0x0800a3dc       0x7c build\kernel\components\finsh\cmd.o
 .text.list_memheap
                0x0800a458       0x24 build\kernel\components\finsh\cmd.o
                0x0800a458                list_memheap
 .text._list_mempool
                0x0800a47c       0xcc build\kernel\components\finsh\cmd.o
 .text.list_mempool
                0x0800a548       0x24 build\kernel\components\finsh\cmd.o
                0x0800a548                list_mempool
 .text._list_timer
                0x0800a56c       0xac build\kernel\components\finsh\cmd.o
 .text.list_timer
                0x0800a618       0x24 build\kernel\components\finsh\cmd.o
                0x0800a618                list_timer
 .text._list_device
                0x0800a63c       0xc0 build\kernel\components\finsh\cmd.o
 .text.list_device
                0x0800a6fc       0x24 build\kernel\components\finsh\cmd.o
                0x0800a6fc                list_device
 .text.list     0x0800a720       0xf0 build\kernel\components\finsh\cmd.o
                0x0800a720                list
 .text.str_is_prefix
                0x0800a810       0x48 build\kernel\components\finsh\cmd.o
 .text.str_common
                0x0800a858       0x4c build\kernel\components\finsh\cmd.o
 .text.list_prefix
                0x0800a8a4      0x294 build\kernel\components\finsh\cmd.o
                0x0800a8a4                list_prefix
 .text.msh_is_used
                0x0800ab38       0x18 build\kernel\components\finsh\msh.o
                0x0800ab38                msh_is_used
 .text.msh_exit
                0x0800ab50       0x24 build\kernel\components\finsh\msh.o
 .text.msh_enter
                0x0800ab74       0x1c build\kernel\components\finsh\msh.o
 .text.msh_help
                0x0800ab90       0x7c build\kernel\components\finsh\msh.o
                0x0800ab90                msh_help
 .text.msh_split
                0x0800ac0c      0x170 build\kernel\components\finsh\msh.o
 .text.msh_get_cmd
                0x0800ad7c       0x80 build\kernel\components\finsh\msh.o
 .text._msh_exec_cmd
                0x0800adfc       0xd0 build\kernel\components\finsh\msh.o
 .text.msh_exec
                0x0800aecc       0x84 build\kernel\components\finsh\msh.o
                0x0800aecc                msh_exec
 .text.str_common
                0x0800af50       0x4c build\kernel\components\finsh\msh.o
 .text.msh_auto_complete
                0x0800af9c       0xd0 build\kernel\components\finsh\msh.o
                0x0800af9c                msh_auto_complete
 .text.cmd_ps   0x0800b06c       0x18 build\kernel\components\finsh\msh_cmd.o
                0x0800b06c                cmd_ps
 .text.cmd_time
                0x0800b084       0x18 build\kernel\components\finsh\msh_cmd.o
                0x0800b084                cmd_time
 .text.cmd_free
                0x0800b09c       0x18 build\kernel\components\finsh\msh_cmd.o
                0x0800b09c                cmd_free
 .text.finsh_compile
                0x0800b0b4     0x1840 build\kernel\components\finsh\finsh_compiler.o
 .text.finsh_type_check
                0x0800c8f4      0x218 build\kernel\components\finsh\finsh_compiler.o
 .text.finsh_compiler_run
                0x0800cb0c       0x84 build\kernel\components\finsh\finsh_compiler.o
                0x0800cb0c                finsh_compiler_run
 .text.finsh_error_init
                0x0800cb90       0x1c build\kernel\components\finsh\finsh_error.o
                0x0800cb90                finsh_error_init
 .text.finsh_error_set
                0x0800cbac       0x24 build\kernel\components\finsh\finsh_error.o
                0x0800cbac                finsh_error_set
 .text.finsh_errno
                0x0800cbd0       0x18 build\kernel\components\finsh\finsh_error.o
                0x0800cbd0                finsh_errno
 .text.finsh_error_string
                0x0800cbe8       0x24 build\kernel\components\finsh\finsh_error.o
                0x0800cbe8                finsh_error_string
 .text.finsh_heap_init
                0x0800cc0c       0x3c build\kernel\components\finsh\finsh_heap.o
                0x0800cc0c                finsh_heap_init
 .text.finsh_heap_allocate
                0x0800cc48       0xa8 build\kernel\components\finsh\finsh_heap.o
                0x0800cc48                finsh_heap_allocate
 .text.finsh_heap_free
                0x0800ccf0       0x38 build\kernel\components\finsh\finsh_heap.o
                0x0800ccf0                finsh_heap_free
 .text.finsh_heap_gc
                0x0800cd28       0x88 build\kernel\components\finsh\finsh_heap.o
 .text.finsh_block_insert
                0x0800cdb0       0x84 build\kernel\components\finsh\finsh_heap.o
 .text.finsh_block_remove
                0x0800ce34       0x5c build\kernel\components\finsh\finsh_heap.o
 .text.finsh_block_split
                0x0800ce90       0x44 build\kernel\components\finsh\finsh_heap.o
 .text.finsh_block_merge
                0x0800ced4       0xec build\kernel\components\finsh\finsh_heap.o
 .text.finsh_init
                0x0800cfc0       0x28 build\kernel\components\finsh\finsh_init.o
                0x0800cfc0                finsh_init
 .text.finsh_stack_bottom
                0x0800cfe8       0x18 build\kernel\components\finsh\finsh_init.o
                0x0800cfe8                finsh_stack_bottom
 .text.finsh_flush
                0x0800d000       0x20 build\kernel\components\finsh\finsh_init.o
                0x0800d000                finsh_flush
 .text.finsh_node_init
                0x0800d020       0x1c build\kernel\components\finsh\finsh_node.o
                0x0800d020                finsh_node_init
 .text.finsh_node_allocate
                0x0800d03c       0x70 build\kernel\components\finsh\finsh_node.o
                0x0800d03c                finsh_node_allocate
 .text.finsh_node_new_id
                0x0800d0ac       0xac build\kernel\components\finsh\finsh_node.o
                0x0800d0ac                finsh_node_new_id
 .text.finsh_node_new_char
                0x0800d158       0x34 build\kernel\components\finsh\finsh_node.o
                0x0800d158                finsh_node_new_char
 .text.finsh_node_new_int
                0x0800d18c       0x30 build\kernel\components\finsh\finsh_node.o
                0x0800d18c                finsh_node_new_int
 .text.finsh_node_new_long
                0x0800d1bc       0x30 build\kernel\components\finsh\finsh_node.o
                0x0800d1bc                finsh_node_new_long
 .text.finsh_node_new_string
                0x0800d1ec       0x68 build\kernel\components\finsh\finsh_node.o
                0x0800d1ec                finsh_node_new_string
 .text.finsh_node_new_ptr
                0x0800d254       0x30 build\kernel\components\finsh\finsh_node.o
                0x0800d254                finsh_node_new_ptr
 .text.OP_no_op
                0x0800d284       0x10 build\kernel\components\finsh\finsh_ops.o
                0x0800d284                OP_no_op
 .text.OP_add_byte
                0x0800d294       0x38 build\kernel\components\finsh\finsh_ops.o
                0x0800d294                OP_add_byte
 .text.OP_add_word
                0x0800d2cc       0x44 build\kernel\components\finsh\finsh_ops.o
                0x0800d2cc                OP_add_word
 .text.OP_add_dword
                0x0800d310       0x38 build\kernel\components\finsh\finsh_ops.o
                0x0800d310                OP_add_dword
 .text.OP_sub_byte
                0x0800d348       0x38 build\kernel\components\finsh\finsh_ops.o
                0x0800d348                OP_sub_byte
 .text.OP_sub_word
                0x0800d380       0x44 build\kernel\components\finsh\finsh_ops.o
                0x0800d380                OP_sub_word
 .text.OP_sub_dword
                0x0800d3c4       0x38 build\kernel\components\finsh\finsh_ops.o
                0x0800d3c4                OP_sub_dword
 .text.OP_div_byte
                0x0800d3fc       0x3c build\kernel\components\finsh\finsh_ops.o
                0x0800d3fc                OP_div_byte
 .text.OP_div_word
                0x0800d438       0x40 build\kernel\components\finsh\finsh_ops.o
                0x0800d438                OP_div_word
 .text.OP_div_dword
                0x0800d478       0x38 build\kernel\components\finsh\finsh_ops.o
                0x0800d478                OP_div_dword
 .text.OP_mod_byte
                0x0800d4b0       0x44 build\kernel\components\finsh\finsh_ops.o
                0x0800d4b0                OP_mod_byte
 .text.OP_mod_word
                0x0800d4f4       0x48 build\kernel\components\finsh\finsh_ops.o
                0x0800d4f4                OP_mod_word
 .text.OP_mod_dword
                0x0800d53c       0x40 build\kernel\components\finsh\finsh_ops.o
                0x0800d53c                OP_mod_dword
 .text.OP_mul_byte
                0x0800d57c       0x3c build\kernel\components\finsh\finsh_ops.o
                0x0800d57c                OP_mul_byte
 .text.OP_mul_word
                0x0800d5b8       0x44 build\kernel\components\finsh\finsh_ops.o
                0x0800d5b8                OP_mul_word
 .text.OP_mul_dword
                0x0800d5fc       0x38 build\kernel\components\finsh\finsh_ops.o
                0x0800d5fc                OP_mul_dword
 .text.OP_and_byte
                0x0800d634       0x38 build\kernel\components\finsh\finsh_ops.o
                0x0800d634                OP_and_byte
 .text.OP_and_word
                0x0800d66c       0x3c build\kernel\components\finsh\finsh_ops.o
                0x0800d66c                OP_and_word
 .text.OP_and_dword
                0x0800d6a8       0x38 build\kernel\components\finsh\finsh_ops.o
                0x0800d6a8                OP_and_dword
 .text.OP_or_byte
                0x0800d6e0       0x38 build\kernel\components\finsh\finsh_ops.o
                0x0800d6e0                OP_or_byte
 .text.OP_or_word
                0x0800d718       0x3c build\kernel\components\finsh\finsh_ops.o
                0x0800d718                OP_or_word
 .text.OP_or_dword
                0x0800d754       0x38 build\kernel\components\finsh\finsh_ops.o
                0x0800d754                OP_or_dword
 .text.OP_xor_byte
                0x0800d78c       0x38 build\kernel\components\finsh\finsh_ops.o
                0x0800d78c                OP_xor_byte
 .text.OP_xor_word
                0x0800d7c4       0x3c build\kernel\components\finsh\finsh_ops.o
                0x0800d7c4                OP_xor_word
 .text.OP_xor_dword
                0x0800d800       0x38 build\kernel\components\finsh\finsh_ops.o
                0x0800d800                OP_xor_dword
 .text.OP_bw_byte
                0x0800d838       0x28 build\kernel\components\finsh\finsh_ops.o
                0x0800d838                OP_bw_byte
 .text.OP_bw_word
                0x0800d860       0x28 build\kernel\components\finsh\finsh_ops.o
                0x0800d860                OP_bw_word
 .text.OP_bw_dword
                0x0800d888       0x24 build\kernel\components\finsh\finsh_ops.o
                0x0800d888                OP_bw_dword
 .text.OP_shl_byte
                0x0800d8ac       0x3c build\kernel\components\finsh\finsh_ops.o
                0x0800d8ac                OP_shl_byte
 .text.OP_shl_word
                0x0800d8e8       0x40 build\kernel\components\finsh\finsh_ops.o
                0x0800d8e8                OP_shl_word
 .text.OP_shl_dword
                0x0800d928       0x38 build\kernel\components\finsh\finsh_ops.o
                0x0800d928                OP_shl_dword
 .text.OP_shr_byte
                0x0800d960       0x3c build\kernel\components\finsh\finsh_ops.o
                0x0800d960                OP_shr_byte
 .text.OP_shr_word
                0x0800d99c       0x40 build\kernel\components\finsh\finsh_ops.o
                0x0800d99c                OP_shr_word
 .text.OP_shr_dword
                0x0800d9dc       0x38 build\kernel\components\finsh\finsh_ops.o
                0x0800d9dc                OP_shr_dword
 .text.OP_ld_byte
                0x0800da14       0x38 build\kernel\components\finsh\finsh_ops.o
                0x0800da14                OP_ld_byte
 .text.OP_ld_word
                0x0800da4c       0x48 build\kernel\components\finsh\finsh_ops.o
                0x0800da4c                OP_ld_word
 .text.OP_ld_dword
                0x0800da94       0x5c build\kernel\components\finsh\finsh_ops.o
                0x0800da94                OP_ld_dword
 .text.OP_ld_value_byte
                0x0800daf0       0x68 build\kernel\components\finsh\finsh_ops.o
                0x0800daf0                OP_ld_value_byte
 .text.OP_ld_value_byte_stack
                0x0800db58       0x2c build\kernel\components\finsh\finsh_ops.o
                0x0800db58                OP_ld_value_byte_stack
 .text.OP_ld_value_word
                0x0800db84       0x68 build\kernel\components\finsh\finsh_ops.o
                0x0800db84                OP_ld_value_word
 .text.OP_ld_value_word_stack
                0x0800dbec       0x30 build\kernel\components\finsh\finsh_ops.o
                0x0800dbec                OP_ld_value_word_stack
 .text.OP_ld_value_dword
                0x0800dc1c       0x68 build\kernel\components\finsh\finsh_ops.o
                0x0800dc1c                OP_ld_value_dword
 .text.OP_ld_value_dword_stack
                0x0800dc84       0x2c build\kernel\components\finsh\finsh_ops.o
                0x0800dc84                OP_ld_value_dword_stack
 .text.OP_st_byte
                0x0800dcb0       0x30 build\kernel\components\finsh\finsh_ops.o
                0x0800dcb0                OP_st_byte
 .text.OP_st_word
                0x0800dce0       0x34 build\kernel\components\finsh\finsh_ops.o
                0x0800dce0                OP_st_word
 .text.OP_st_dword
                0x0800dd14       0x30 build\kernel\components\finsh\finsh_ops.o
                0x0800dd14                OP_st_dword
 .text.OP_pop   0x0800dd44       0x1c build\kernel\components\finsh\finsh_ops.o
                0x0800dd44                OP_pop
 .text.OP_call  0x0800dd60      0x3e8 build\kernel\components\finsh\finsh_ops.o
                0x0800dd60                OP_call
 .text.proc_variable_decl
                0x0800e148      0x2c0 build\kernel\components\finsh\finsh_parser.o
 .text.proc_type
                0x0800e408      0x198 build\kernel\components\finsh\finsh_parser.o
 .text.proc_identifier
                0x0800e5a0       0x44 build\kernel\components\finsh\finsh_parser.o
 .text.proc_expr_statement
                0x0800e5e4       0x58 build\kernel\components\finsh\finsh_parser.o
 .text.proc_expr
                0x0800e63c       0x18 build\kernel\components\finsh\finsh_parser.o
 .text.proc_assign_expr
                0x0800e654       0x4c build\kernel\components\finsh\finsh_parser.o
 .text.proc_inclusive_or_expr
                0x0800e6a0       0x68 build\kernel\components\finsh\finsh_parser.o
 .text.proc_exclusive_or_expr
                0x0800e708       0x68 build\kernel\components\finsh\finsh_parser.o
 .text.proc_and_expr
                0x0800e770       0x68 build\kernel\components\finsh\finsh_parser.o
 .text.proc_shift_expr
                0x0800e7d8       0x90 build\kernel\components\finsh\finsh_parser.o
 .text.proc_additive_expr
                0x0800e868       0x90 build\kernel\components\finsh\finsh_parser.o
 .text.proc_multiplicative_expr
                0x0800e8f8       0xa8 build\kernel\components\finsh\finsh_parser.o
 .text.proc_cast_expr
                0x0800e9a0       0x74 build\kernel\components\finsh\finsh_parser.o
 .text.proc_unary_expr
                0x0800ea14      0x104 build\kernel\components\finsh\finsh_parser.o
 .text.proc_postfix_expr
                0x0800eb18       0xd0 build\kernel\components\finsh\finsh_parser.o
 .text.proc_primary_expr
                0x0800ebe8      0x14c build\kernel\components\finsh\finsh_parser.o
 .text.proc_param_list
                0x0800ed34       0x74 build\kernel\components\finsh\finsh_parser.o
 .text.make_sys_node
                0x0800eda8       0x44 build\kernel\components\finsh\finsh_parser.o
 .text.finsh_parser_run
                0x0800edec      0x160 build\kernel\components\finsh\finsh_parser.o
                0x0800edec                finsh_parser_run
 .text.finsh_parser_init
                0x0800ef4c       0x1c build\kernel\components\finsh\finsh_parser.o
                0x0800ef4c                finsh_parser_init
 .text.finsh_var_init
                0x0800ef68       0x18 build\kernel\components\finsh\finsh_var.o
                0x0800ef68                finsh_var_init
 .text.finsh_var_insert
                0x0800ef80       0xb4 build\kernel\components\finsh\finsh_var.o
                0x0800ef80                finsh_var_insert
 .text.finsh_var_lookup
                0x0800f034       0x60 build\kernel\components\finsh\finsh_var.o
                0x0800f034                finsh_var_lookup
 .text.finsh_sysvar_lookup
                0x0800f094       0x84 build\kernel\components\finsh\finsh_var.o
                0x0800f094                finsh_sysvar_lookup
 .text.finsh_vm_run
                0x0800f118       0x64 build\kernel\components\finsh\finsh_vm.o
                0x0800f118                finsh_vm_run
 .text.finsh_syscall_lookup
                0x0800f17c       0x84 build\kernel\components\finsh\finsh_vm.o
                0x0800f17c                finsh_syscall_lookup
 .text.finsh_token_init
                0x0800f200       0x24 build\kernel\components\finsh\finsh_token.o
                0x0800f200                finsh_token_init
 .text.finsh_token_token
                0x0800f224       0x2c build\kernel\components\finsh\finsh_token.o
                0x0800f224                finsh_token_token
 .text.token_get_string
                0x0800f250       0xa8 build\kernel\components\finsh\finsh_token.o
                0x0800f250                token_get_string
 .text.token_next_char
                0x0800f2f8       0x68 build\kernel\components\finsh\finsh_token.o
 .text.token_prev_char
                0x0800f360       0x34 build\kernel\components\finsh\finsh_token.o
 .text.token_run
                0x0800f394      0x344 build\kernel\components\finsh\finsh_token.o
 .text.token_match_name
                0x0800f6d8       0x54 build\kernel\components\finsh\finsh_token.o
 .text.token_trim_space
                0x0800f72c       0x34 build\kernel\components\finsh\finsh_token.o
 .text.token_proc_char
                0x0800f760       0xd8 build\kernel\components\finsh\finsh_token.o
 .text.token_proc_string
                0x0800f838       0x70 build\kernel\components\finsh\finsh_token.o
 .text.token_proc_escape
                0x0800f8a8      0x24c build\kernel\components\finsh\finsh_token.o
 .text.token_proc_number
                0x0800faf4      0x1f0 build\kernel\components\finsh\finsh_token.o
 .text.token_spec_number
                0x0800fce4      0x100 build\kernel\components\finsh\finsh_token.o
 .text.atoi     0x0800fde4       0x88 build\kernel\components\libc\compilers\minilibc\stdlib.o
                0x0800fde4                atoi
 .text.strncpy  0x0800fe6c       0x20 build\kernel\components\libc\compilers\minilibc\string.o
                0x0800fe6c                strncpy
 .text.strcmp   0x0800fe8c       0x44 build\kernel\components\libc\compilers\minilibc\string.o
                0x0800fe8c                strcmp
 .text.strncmp  0x0800fed0       0x4c build\kernel\components\libc\compilers\minilibc\string.o
                0x0800fed0                strncmp
 .text.__isleap
                0x0800ff1c       0x60 build\kernel\components\libc\compilers\minilibc\time.o
                0x0800ff1c                __isleap
 .text.gmtime_r
                0x0800ff7c      0x160 build\kernel\components\libc\compilers\minilibc\time.o
                0x0800ff7c                gmtime_r
 .text.localtime_r
                0x080100dc       0x58 build\kernel\components\libc\compilers\minilibc\time.o
                0x080100dc                localtime_r
 .text.localtime
                0x08010134       0x20 build\kernel\components\libc\compilers\minilibc\time.o
                0x08010134                localtime
 .text.mktime   0x08010154      0x264 build\kernel\components\libc\compilers\minilibc\time.o
                0x08010154                mktime
 .text.num2str  0x080103b8       0x58 build\kernel\components\libc\compilers\minilibc\time.o
 .text.asctime_r
                0x08010410      0x110 build\kernel\components\libc\compilers\minilibc\time.o
                0x08010410                asctime_r
 .text.asctime  0x08010520       0x20 build\kernel\components\libc\compilers\minilibc\time.o
                0x08010520                asctime
 .text.ctime    0x08010540       0x20 build\kernel\components\libc\compilers\minilibc\time.o
                0x08010540                ctime
 .text._gettimeofday
                0x08010560       0x24 build\kernel\components\libc\compilers\minilibc\time.o
                0x08010560                _gettimeofday
 .text.rt_i2c_bus_device_register
                0x08010584       0x44 build\kernel\components\drivers\i2c\i2c_core.o
                0x08010584                rt_i2c_bus_device_register
 .text.rt_i2c_transfer
                0x080105c8       0x4c build\kernel\components\drivers\i2c\i2c_core.o
                0x080105c8                rt_i2c_transfer
 .text.rt_i2c_master_send
                0x08010614       0x50 build\kernel\components\drivers\i2c\i2c_core.o
                0x08010614                rt_i2c_master_send
 .text.rt_i2c_master_recv
                0x08010664       0x74 build\kernel\components\drivers\i2c\i2c_core.o
                0x08010664                rt_i2c_master_recv
 .text.rt_i2c_core_init
                0x080106d8       0x10 build\kernel\components\drivers\i2c\i2c_core.o
                0x080106d8                rt_i2c_core_init
 .text.i2c_bus_device_read
                0x080106e8       0x64 build\kernel\components\drivers\i2c\i2c_dev.o
 .text.i2c_bus_device_write
                0x0801074c       0x64 build\kernel\components\drivers\i2c\i2c_dev.o
 .text.i2c_bus_device_control
                0x080107b0       0xa8 build\kernel\components\drivers\i2c\i2c_dev.o
 .text.rt_i2c_bus_device_device_init
                0x08010858       0x78 build\kernel\components\drivers\i2c\i2c_dev.o
                0x08010858                rt_i2c_bus_device_device_init
 .text.i2c_delay
                0x080108d0       0x20 build\kernel\components\drivers\i2c\i2c-bit-ops.o
 .text.i2c_delay2
                0x080108f0       0x1c build\kernel\components\drivers\i2c\i2c-bit-ops.o
 .text.SCL_H    0x0801090c       0x74 build\kernel\components\drivers\i2c\i2c-bit-ops.o
 .text.i2c_start
                0x08010980       0x34 build\kernel\components\drivers\i2c\i2c-bit-ops.o
 .text.i2c_restart
                0x080109b4       0x4c build\kernel\components\drivers\i2c\i2c-bit-ops.o
 .text.i2c_stop
                0x08010a00       0x44 build\kernel\components\drivers\i2c\i2c-bit-ops.o
 .text.i2c_waitack
                0x08010a44       0x60 build\kernel\components\drivers\i2c\i2c-bit-ops.o
 .text.i2c_writeb
                0x08010aa4       0x90 build\kernel\components\drivers\i2c\i2c-bit-ops.o
 .text.i2c_readb
                0x08010b34       0x8c build\kernel\components\drivers\i2c\i2c-bit-ops.o
 .text.i2c_send_bytes
                0x08010bc0       0x78 build\kernel\components\drivers\i2c\i2c-bit-ops.o
 .text.i2c_send_ack_or_nack
                0x08010c38       0x58 build\kernel\components\drivers\i2c\i2c-bit-ops.o
 .text.i2c_recv_bytes
                0x08010c90       0x7c build\kernel\components\drivers\i2c\i2c-bit-ops.o
 .text.i2c_send_address
                0x08010d0c       0x64 build\kernel\components\drivers\i2c\i2c-bit-ops.o
 .text.i2c_bit_send_address
                0x08010d70      0x118 build\kernel\components\drivers\i2c\i2c-bit-ops.o
 .text.i2c_bit_xfer
                0x08010e88       0xf0 build\kernel\components\drivers\i2c\i2c-bit-ops.o
 .text.rt_i2c_bit_add_bus
                0x08010f78       0x28 build\kernel\components\drivers\i2c\i2c-bit-ops.o
                0x08010f78                rt_i2c_bit_add_bus
 .text.time     0x08010fa0       0x74 build\kernel\components\drivers\rtc\rtc.o
                0x08010fa0                time
 .text.set_date
                0x08011014       0x90 build\kernel\components\drivers\rtc\rtc.o
                0x08011014                set_date
 .text.set_time
                0x080110a4       0x8c build\kernel\components\drivers\rtc\rtc.o
                0x080110a4                set_time
 .text.list_date
                0x08011130       0x30 build\kernel\components\drivers\rtc\rtc.o
                0x08011130                list_date
 .text.date     0x08011160      0x154 build\kernel\components\drivers\rtc\rtc.o
 .text._serial_poll_rx
                0x080112b4       0x74 build\kernel\components\drivers\serial\serial.o
 .text._serial_poll_tx
                0x08011328       0x7c build\kernel\components\drivers\serial\serial.o
 .text._serial_int_rx
                0x080113a4       0xd8 build\kernel\components\drivers\serial\serial.o
 .text._serial_int_tx
                0x0801147c       0x90 build\kernel\components\drivers\serial\serial.o
 .text._serial_fifo_calc_recved_len
                0x0801150c       0x88 build\kernel\components\drivers\serial\serial.o
 .text.rt_dma_calc_recved_len
                0x08011594       0x18 build\kernel\components\drivers\serial\serial.o
 .text.rt_dma_recv_update_get_index
                0x080115ac       0xa4 build\kernel\components\drivers\serial\serial.o
 .text.rt_dma_recv_update_put_index
                0x08011650      0x10c build\kernel\components\drivers\serial\serial.o
 .text._serial_dma_rx
                0x0801175c      0x198 build\kernel\components\drivers\serial\serial.o
 .text._serial_dma_tx
                0x080118f4       0x60 build\kernel\components\drivers\serial\serial.o
 .text.rt_serial_init
                0x08011954       0x5c build\kernel\components\drivers\serial\serial.o
 .text.rt_serial_open
                0x080119b0      0x35c build\kernel\components\drivers\serial\serial.o
 .text.rt_serial_close
                0x08011d0c      0x1ac build\kernel\components\drivers\serial\serial.o
 .text.rt_serial_read
                0x08011eb8       0x84 build\kernel\components\drivers\serial\serial.o
 .text.rt_serial_write
                0x08011f3c       0x84 build\kernel\components\drivers\serial\serial.o
 .text.rt_serial_control
                0x08011fc0       0xd4 build\kernel\components\drivers\serial\serial.o
 .text.rt_hw_serial_register
                0x08012094       0x9c build\kernel\components\drivers\serial\serial.o
                0x08012094                rt_hw_serial_register
 .text.rt_hw_serial_isr
                0x08012130      0x258 build\kernel\components\drivers\serial\serial.o
                0x08012130                rt_hw_serial_isr
 .text.rt_spi_bus_register
                0x08012388       0x44 build\kernel\components\drivers\spi\spi_core.o
                0x08012388                rt_spi_bus_register
 .text.rt_spi_bus_attach_device
                0x080123cc       0x64 build\kernel\components\drivers\spi\spi_core.o
                0x080123cc                rt_spi_bus_attach_device
 .text.rt_spi_configure
                0x08012430       0x98 build\kernel\components\drivers\spi\spi_core.o
                0x08012430                rt_spi_configure
 .text.rt_spi_send_then_send
                0x080124c8      0x148 build\kernel\components\drivers\spi\spi_core.o
                0x080124c8                rt_spi_send_then_send
 .text.rt_spi_send_then_recv
                0x08012610      0x148 build\kernel\components\drivers\spi\spi_core.o
                0x08012610                rt_spi_send_then_recv
 .text.rt_spi_transfer
                0x08012758      0x108 build\kernel\components\drivers\spi\spi_core.o
                0x08012758                rt_spi_transfer
 .text._spi_bus_device_read
                0x08012860       0x58 build\kernel\components\drivers\spi\spi_dev.o
 .text._spi_bus_device_write
                0x080128b8       0x58 build\kernel\components\drivers\spi\spi_dev.o
 .text._spi_bus_device_control
                0x08012910       0x28 build\kernel\components\drivers\spi\spi_dev.o
 .text.rt_spi_bus_device_init
                0x08012938       0x70 build\kernel\components\drivers\spi\spi_dev.o
                0x08012938                rt_spi_bus_device_init
 .text._spidev_device_read
                0x080129a8       0x58 build\kernel\components\drivers\spi\spi_dev.o
 .text._spidev_device_write
                0x08012a00       0x58 build\kernel\components\drivers\spi\spi_dev.o
 .text._spidev_device_control
                0x08012a58       0x28 build\kernel\components\drivers\spi\spi_dev.o
 .text.rt_spidev_device_init
                0x08012a80       0x70 build\kernel\components\drivers\spi\spi_dev.o
                0x08012a80                rt_spidev_device_init
 .text.rt_spi_send
                0x08012af0       0x24 build\kernel\components\drivers\spi\spi_flash_w25qxx.o
 .text.rt_spi_sendrecv8
                0x08012b14       0x2c build\kernel\components\drivers\spi\spi_flash_w25qxx.o
 .text.flash_lock
                0x08012b40       0x20 build\kernel\components\drivers\spi\spi_flash_w25qxx.o
 .text.flash_unlock
                0x08012b60       0x1c build\kernel\components\drivers\spi\spi_flash_w25qxx.o
 .text.w25qxx_read_status
                0x08012b7c       0x1c build\kernel\components\drivers\spi\spi_flash_w25qxx.o
 .text.w25qxx_wait_busy
                0x08012b98       0x18 build\kernel\components\drivers\spi\spi_flash_w25qxx.o
 .text.w25qxx_read
                0x08012bb0       0x5c build\kernel\components\drivers\spi\spi_flash_w25qxx.o
 .text.w25qxx_page_write
                0x08012c0c       0xf4 build\kernel\components\drivers\spi\spi_flash_w25qxx.o
                0x08012c0c                w25qxx_page_write
 .text.w25qxx_flash_init
                0x08012d00       0x18 build\kernel\components\drivers\spi\spi_flash_w25qxx.o
 .text.w25qxx_flash_open
                0x08012d18       0x5c build\kernel\components\drivers\spi\spi_flash_w25qxx.o
 .text.w25qxx_flash_close
                0x08012d74       0x18 build\kernel\components\drivers\spi\spi_flash_w25qxx.o
 .text.w25qxx_flash_control
                0x08012d8c       0x60 build\kernel\components\drivers\spi\spi_flash_w25qxx.o
 .text.w25qxx_flash_read
                0x08012dec       0x44 build\kernel\components\drivers\spi\spi_flash_w25qxx.o
 .text.w25qxx_flash_write
                0x08012e30       0x64 build\kernel\components\drivers\spi\spi_flash_w25qxx.o
 .text.w25qxx_init
                0x08012e94      0x274 build\kernel\components\drivers\spi\spi_flash_w25qxx.o
                0x08012e94                w25qxx_init
 .text.rt_list_init
                0x08013108       0x24 build\kernel\components\drivers\src\completion.o
 .text.rt_list_insert_before
                0x0801312c       0x34 build\kernel\components\drivers\src\completion.o
 .text.rt_list_isempty
                0x08013160       0x24 build\kernel\components\drivers\src\completion.o
 .text.rt_completion_init
                0x08013184       0x44 build\kernel\components\drivers\src\completion.o
                0x08013184                rt_completion_init
 .text.rt_completion_wait
                0x080131c8       0xfc build\kernel\components\drivers\src\completion.o
                0x080131c8                rt_completion_wait
 .text.rt_completion_done
                0x080132c4       0x70 build\kernel\components\drivers\src\completion.o
                0x080132c4                rt_completion_done
 .text.rt_list_init
                0x08013334       0x24 build\kernel\components\drivers\src\dataqueue.o
 .text.rt_list_insert_before
                0x08013358       0x34 build\kernel\components\drivers\src\dataqueue.o
 .text.rt_list_isempty
                0x0801338c       0x24 build\kernel\components\drivers\src\dataqueue.o
 .text.rt_data_queue_init
                0x080133b0       0x84 build\kernel\components\drivers\src\dataqueue.o
                0x080133b0                rt_data_queue_init
 .text.rt_data_queue_pop
                0x08013434      0x1e4 build\kernel\components\drivers\src\dataqueue.o
                0x08013434                rt_data_queue_pop
 .text.rt_data_queue_peak
                0x08013618       0xa0 build\kernel\components\drivers\src\dataqueue.o
                0x08013618                rt_data_queue_peak
 .text.__libc_init_array
                0x080136b8       0x50 d:/stm32/env/tools/gnu_gcc/arm_gcc/mingw/bin/../lib/gcc/arm-none-eabi/5.4.1/../../../../arm-none-eabi/lib/armv7e-m/fpu\libc.a(lib_a-init.o)
                0x080136b8                __libc_init_array
 .text.gettimeofday
                0x08013708       0x10 d:/stm32/env/tools/gnu_gcc/arm_gcc/mingw/bin/../lib/gcc/arm-none-eabi/5.4.1/../../../../arm-none-eabi/lib/armv7e-m/fpu\libc.a(lib_a-sysgettod.o)
                0x08013708                gettimeofday
 .text._gettimeofday_r
                0x08013718       0x28 d:/stm32/env/tools/gnu_gcc/arm_gcc/mingw/bin/../lib/gcc/arm-none-eabi/5.4.1/../../../../arm-none-eabi/lib/armv7e-m/fpu\libc.a(lib_a-gettimeofdayr.o)
                0x08013718                _gettimeofday_r
 *(.rodata)
 .rodata        0x08013740       0x27 build\applications\application.o
 *fill*         0x08013767        0x1 00000000
 .rodata        0x08013768        0x6 build\drivers\board.o
 *fill*         0x0801376e        0x2 00000000
 .rodata        0x08013770       0x5c build\drivers\usart.o
 .rodata        0x080137cc       0x34 build\drivers\drv_rtc.o
 .rodata        0x08013800       0x78 build\drivers\drv_spi.o
 .rodata        0x08013878       0x17 build\drivers\drv_spi_flash.o
 *fill*         0x0801388f        0x1 00000000
 .rodata        0x08013890       0x3a build\drivers\drv_spi_dac.o
 *fill*         0x080138ca        0x2 00000000
 .rodata        0x080138cc       0x32 build\drivers\drv_spi_adc.o
 *fill*         0x080138fe        0x2 00000000
 .rodata        0x08013900       0x21 build\drivers\drv_iic.o
 *fill*         0x08013921        0x3 00000000
 .rodata        0x08013924       0x83 build\drivers\drv_eeprom.o
 *fill*         0x080139a7        0x1 00000000
 .rodata        0x080139a8       0x3a build\kernel\src\components.o
 *fill*         0x080139e2        0x2 00000000
 .rodata        0x080139e4       0x74 build\kernel\src\device.o
 .rodata        0x08013a58       0x32 build\kernel\src\idle.o
 *fill*         0x08013a8a        0x2 00000000
 .rodata        0x08013a8c       0xda build\kernel\src\ipc.o
 *fill*         0x08013b66        0x2 00000000
 .rodata        0x08013b68       0xc7 build\kernel\src\kservice.o
 *fill*         0x08013c2f        0x1 00000000
 .rodata        0x08013c30      0x302 build\kernel\src\mem.o
 *fill*         0x08013f32        0x2 00000000
 .rodata        0x08013f34       0x81 build\kernel\src\object.o
 *fill*         0x08013fb5        0x3 00000000
 .rodata        0x08013fb8       0x65 build\kernel\src\scheduler.o
 *fill*         0x0801401d        0x3 00000000
 .rodata        0x08014020       0xdb build\kernel\src\thread.o
 *fill*         0x080140fb        0x1 00000000
 .rodata        0x080140fc       0x37 build\kernel\src\timer.o
 *fill*         0x08014133        0x1 00000000
 .rodata        0x08014134       0xae build\kernel\libcpu\arm\cortex-m4\cpuport.o
 *fill*         0x080141e2        0x2 00000000
 .rodata        0x080141e4       0xc3 build\kernel\components\finsh\shell.o
 *fill*         0x080142a7        0x1 00000000
 .rodata        0x080142a8      0x71c build\kernel\components\finsh\cmd.o
 .rodata        0x080149c4       0x80 build\kernel\components\finsh\msh.o
 .rodata        0x08014a44       0xf2 build\kernel\components\finsh\finsh_error.o
 *fill*         0x08014b36        0x2 00000000
 .rodata        0x08014b38       0x3d build\kernel\components\finsh\finsh_token.o
 *fill*         0x08014b75        0x3 00000000
 .rodata        0x08014b78       0x1f build\kernel\components\drivers\i2c\i2c_core.o
 *fill*         0x08014b97        0x1 00000000
 .rodata        0x08014b98       0x22 build\kernel\components\drivers\i2c\i2c_dev.o
 *fill*         0x08014bba        0x2 00000000
 .rodata        0x08014bbc      0x12f build\kernel\components\drivers\rtc\rtc.o
 *fill*         0x08014ceb        0x1 00000000
 .rodata        0x08014cec      0x126 build\kernel\components\drivers\serial\serial.o
 *fill*         0x08014e12        0x2 00000000
 .rodata        0x08014e14       0x49 build\kernel\components\drivers\spi\spi_core.o
 *fill*         0x08014e5d        0x3 00000000
 .rodata        0x08014e60       0x63 build\kernel\components\drivers\spi\spi_dev.o
 *fill*         0x08014ec3        0x1 00000000