Component: ARM Compiler 5.06 update 1 (build 61) Tool: armlink [4d35a8]

==============================================================================

Section Cross References

    application.o(i.rt_alarm_process_A_thread_entry) refers to ipc.o(i.rt_mb_recv) for rt_mb_recv
    application.o(i.rt_alarm_process_A_thread_entry) refers to stm32f4xx_hal_gpio.o(i.HAL_GPIO_WritePin) for HAL_GPIO_WritePin
    application.o(i.rt_alarm_process_A_thread_entry) refers to application.o(.bss) for mb_a
    application.o(i.rt_alarm_process_A_thread_entry) refers to displayinfo.o(.bss) for info
    application.o(i.rt_alarm_process_B_thread_entry) refers to ipc.o(i.rt_mb_recv) for rt_mb_recv
    application.o(i.rt_alarm_process_B_thread_entry) refers to stm32f4xx_hal_gpio.o(i.HAL_GPIO_WritePin) for HAL_GPIO_WritePin
    application.o(i.rt_alarm_process_B_thread_entry) refers to application.o(.bss) for mb_b
    application.o(i.rt_alarm_process_B_thread_entry) refers to displayinfo.o(.bss) for info
    application.o(i.rt_application_init) refers to ipc.o(i.rt_mb_init) for rt_mb_init
    application.o(i.rt_application_init) refers to thread.o(i.rt_thread_create) for rt_thread_create
    application.o(i.rt_application_init) refers to thread.o(i.rt_thread_startup) for rt_thread_startup
    application.o(i.rt_application_init) refers to application.o(.data) for mb_a_pool
    application.o(i.rt_application_init) refers to application.o(.bss) for mb_a
    application.o(i.rt_application_init) refers to application.o(i.rt_init_thread_entry) for rt_init_thread_entry
    application.o(i.rt_application_init) refers to application.o(i.rt_system_led_thread_entry) for rt_system_led_thread_entry
    application.o(i.rt_application_init) refers to application.o(i.rt_optic_power_thread_entry) for rt_optic_power_thread_entry
    application.o(i.rt_application_init) refers to application.o(i.rt_alarm_process_A_thread_entry) for rt_alarm_process_A_thread_entry
    application.o(i.rt_application_init) refers to application.o(i.rt_alarm_process_B_thread_entry) for rt_alarm_process_B_thread_entry
    application.o(i.rt_init_thread_entry) refers to components.o(i.rt_components_init) for rt_components_init
    application.o(i.rt_init_thread_entry) refers to ad7924.o(i.AD7924_Init) for AD7924_Init
    application.o(i.rt_init_thread_entry) refers to adc_timer.o(i.TIM4_Init) for TIM4_Init
    application.o(i.rt_init_thread_entry) refers to adc_timer.o(i.TIM3_Init) for TIM3_Init
    application.o(i.rt_init_thread_entry) refers to displayinfo.o(i.info_init) for info_init
    application.o(i.rt_init_thread_entry) refers to lcd.o(i.lcd1602_init) for lcd1602_init
    application.o(i.rt_init_thread_entry) refers to dfs.o(i.dfs_init) for dfs_init
    application.o(i.rt_init_thread_entry) refers to dfs_elm.o(i.elm_init) for elm_init
    application.o(i.rt_init_thread_entry) refers to dfs_fs.o(i.dfs_mount) for dfs_mount
    application.o(i.rt_init_thread_entry) refers to kservice.o(i.rt_kprintf) for rt_kprintf
    application.o(i.rt_init_thread_entry) refers to delay.o(i.delay_ms) for delay_ms
    application.o(i.rt_init_thread_entry) refers to lwip_comm.o(i.lwip_comm_init) for lwip_comm_init
    application.o(i.rt_init_thread_entry) refers to udp_demo.o(i.udp_demo_test) for udp_demo_test
    application.o(i.rt_init_thread_entry) refers to lwip_comm.o(i.lwip_periodic_handle) for lwip_periodic_handle
    application.o(i.rt_init_thread_entry) refers to thread.o(i.rt_thread_delay) for rt_thread_delay
    application.o(i.rt_optic_power_thread_entry) refers to thread.o(i.rt_thread_delay) for rt_thread_delay
    application.o(i.rt_optic_power_thread_entry) refers to adc_timer.o(.bss) for adc_data_a
    application.o(i.rt_optic_power_thread_entry) refers to displayinfo.o(.bss) for info
    application.o(i.rt_system_led_thread_entry) refers to stm32f4xx_hal_gpio.o(i.HAL_GPIO_WritePin) for HAL_GPIO_WritePin
    application.o(i.rt_system_led_thread_entry) refers to thread.o(i.rt_thread_delay) for rt_thread_delay
    startup.o(i.assert_failed) refers to kservice.o(i.rt_kprintf) for rt_kprintf
    startup.o(i.main) refers to context_rvds.o(.text) for rt_hw_interrupt_disable
    startup.o(i.main) refers to startup.o(i.rtthread_startup) for rtthread_startup
    startup.o(i.rtthread_startup) refers to board.o(i.rt_hw_board_init) for rt_hw_board_init
    startup.o(i.rtthread_startup) refers to kservice.o(i.rt_show_version) for rt_show_version
    startup.o(i.rtthread_startup) refers to clock.o(i.rt_system_tick_init) for rt_system_tick_init
    startup.o(i.rtthread_startup) refers to object.o(i.rt_system_object_init) for rt_system_object_init
    startup.o(i.rtthread_startup) refers to timer.o(i.rt_system_timer_init) for rt_system_timer_init
    startup.o(i.rtthread_startup) refers to mem.o(i.rt_system_heap_init) for rt_system_heap_init
    startup.o(i.rtthread_startup) refers to scheduler.o(i.rt_system_scheduler_init) for rt_system_scheduler_init
[...]
    0x08008cf4   0x00000036   Code   RO        11122    i.clmt_clust        ff.o
    0x08008d2a   0x00000044   Code   RO        10695    i.close             dfs_posix.o
    0x08008d6e   0x0000004a   Code   RO        10696    i.closedir          dfs_posix.o
    0x08008db8   0x0000001a   Code   RO        11123    i.clust2sect        ff.o
    0x08008dd2   0x00000002   PAD
    0x08008dd4   0x00000060   Code   RO         9477    i.cmd_cat           msh_cmd.o
    0x08008e34   0x0000004c   Code   RO         9478    i.cmd_cd            msh_cmd.o
    0x08008e80   0x00000054   Code   RO         9479    i.cmd_cp            msh_cmd.o
    0x08008ed4   0x00000054   Code   RO         9480    i.cmd_df            msh_cmd.o
    0x08008f28   0x0000009c   Code   RO         9481    i.cmd_echo          msh_cmd.o
    0x08008fc4   0x0000000e   Code   RO         9482    i.cmd_free          msh_cmd.o
    0x08008fd2   0x00000002   PAD
    0x08008fd4   0x00000020   Code   RO         9483    i.cmd_ls            msh_cmd.o
    0x08008ff4   0x00000080   Code   RO         9484    i.cmd_mkdir         msh_cmd.o
    0x08009074   0x00000094   Code   RO         9485    i.cmd_mkfs          msh_cmd.o
    0x08009108   0x00000138   Code   RO         9486    i.cmd_mv            msh_cmd.o
    0x08009240   0x0000000e   Code   RO         9487    i.cmd_ps            msh_cmd.o
    0x0800924e   0x00000002   PAD
    0x08009250   0x0000001c   Code   RO         9488    i.cmd_pwd           msh_cmd.o
    0x0800926c   0x00000064   Code   RO         9489    i.cmd_rm            msh_cmd.o
    0x080092d0   0x00000006   Code   RO         9490    i.cmd_time          msh_cmd.o
    0x080092d6   0x00000002   PAD
    0x080092d8   0x00000098   Code   RO        11124    i.cmp_lfn           ff.o
    0x08009370   0x0000014c   Code   RO          985    i.configure         drv_spi.o
    0x080094bc   0x0000016c   Code   RO        10503    i.copy              dfs_file.o
    0x08009628   0x00000138   Code   RO        10504    i.copydir           dfs_file.o
    0x08009760   0x0000010c   Code   RO        10505    i.copyfile          dfs_file.o
    0x0800986c   0x000000e0   Code   RO        11125    i.create_chain      ff.o
    0x0800994c   0x00000230   Code   RO        11126    i.create_name       ff.o
    0x08009b7c   0x00000074   Code   RO         1121    i.dac2_init         drv_spi_dac.o
    0x08009bf0   0x00000074   Code   RO         1122    i.dac3_init         drv_spi_dac.o
    0x08009c64   0x00000214   Code   RO         8396    i.date              rtc.o
    0x08009e78   0x00000018   Code   RO          474    i.delay_ms          delay.o
    0x08009e90   0x00000048   Code   RO          475    i.delay_us          delay.o
    0x08009ed8   0x00000010   Code   RO        10847    i.devfs_init        devfs.o
    0x08009ee8   0x00000110   Code   RO        10621    i.df                dfs_fs.o
    0x08009ff8   0x00000098   Code   RO        10848    i.dfs_device_fs_close  devfs.o
    0x0800a090   0x00000098   Code   RO        10849    i.dfs_device_fs_getdents  devfs.o
    0x0800a128   0x00000064   Code   RO        10850    i.dfs_device_fs_ioctl  devfs.o
    0x0800a18c   0x00000006   Code   RO        10851    i.dfs_device_fs_mount  devfs.o
    0x0800a192   0x00000002   PAD
    0x0800a194   0x000000ec   Code   RO        10852    i.dfs_device_fs_open  devfs.o
    0x0800a280   0x00000006   Code   RO        10853    i.dfs_device_fs_poll  devfs.o
    0x0800a286   0x00000002   PAD
    0x0800a288   0x00000068   Code   RO        10854    i.dfs_device_fs_read  devfs.o
    0x0800a2f0   0x00000094   Code   RO        10855    i.dfs_device_fs_stat  devfs.o
    0x0800a384   0x00000068   Code   RO        10856    i.dfs_device_fs_write  devfs.o
    0x0800a3ec   0x00000078   Code   RO        10918    i.dfs_elm_close     dfs_elm.o
    0x0800a464   0x00000038   Code   RO        10919    i.dfs_elm_flush     dfs_elm.o
    0x0800a49c   0x000000f4   Code   RO        10920    i.dfs_elm_getdents  dfs_elm.o
    0x0800a590   0x00000008   Code   RO        10921    i.dfs_elm_ioctl     dfs_elm.o
    0x0800a598   0x00000094   Code   RO        10922    i.dfs_elm_lseek     dfs_elm.o
    0x0800a62c   0x00000128   Code   RO        10923    i.dfs_elm_mkfs      dfs_elm.o
    0x0800a754   0x0000010c   Code   RO        10924    i.dfs_elm_mount     dfs_elm.o
    0x0800a860   0x0000016c   Code   RO        10925    i.dfs_elm_open      dfs_elm.o
    0x0800a9cc   0x0000005c   Code   RO        10926    i.dfs_elm_read      dfs_elm.o
    0x0800aa28   0x00000064   Code   RO        10927    i.dfs_elm_rename    dfs_elm.o
    0x0800aa8c   0x00000108   Code   RO        10928    i.dfs_elm_stat      dfs_elm.o
    0x0800ab94   0x000000a0   Code   RO        10929    i.dfs_elm_statfs    dfs_elm.o
    0x0800ac34   0x0000005c   Code   RO        10930    i.dfs_elm_unlink    dfs_elm.o
    0x0800ac90   0x0000007c   Code   RO        10931    i.dfs_elm_unmount   dfs_elm.o
    0x0800ad0c   0x00000060   Code   RO        10932    i.dfs_elm_write     dfs_elm.o
    0x0800ad6c   0x00000032   Code   RO        10506    i.dfs_file_close    dfs_file.o
    0x0800ad9e   0x00000030   Code   RO        10508    i.dfs_file_getdents  dfs_file.o
    0x0800adce   0x00000030   Code   RO        10510    i.dfs_file_lseek    dfs_file.o
    0x0800adfe   0x00000002   PAD
    0x0800ae00   0x000000f0   Code   RO        10511    i.dfs_file_open     dfs_file.o
    0x0800aef0   0x0000003e   Code   RO        10512    i.dfs_file_read     dfs_file.o
    0x0800af2e   0x000000aa   Code   RO        10513    i.dfs_file_rename   dfs_file.o
    0x0800afd8   0x000000b6   Code   RO        10514    i.dfs_file_stat     dfs_file.o
    0x0800b08e   0x00000002   PAD
    0x0800b090   0x00000098   Code   RO        10515    i.dfs_file_unlink   dfs_file.o
    0x0800b128   0x0000002a   Code   RO        10516    i.dfs_file_write    dfs_file.o
    0x0800b152   0x00000002   PAD
    0x0800b154   0x00000084   Code   RO        10624    i.dfs_filesystem_lookup  dfs_fs.o
    0x0800b1d8   0x00000078   Code   RO        10398    i.dfs_init          dfs.o
    0x0800b250   0x00000028   Code   RO        10399    i.dfs_lock          dfs.o
    0x0800b278   0x000000c4   Code   RO        10625    i.dfs_mkfs          dfs_fs.o
    0x0800b33c   0x000001a8   Code   RO        10626    i.dfs_mount         dfs_fs.o
    0x0800b4e4   0x00000178   Code   RO        10400    i.dfs_normalize_path  dfs.o
    0x0800b65c   0x00000068   Code   RO        10627    i.dfs_register      dfs_fs.o
    0x0800b6c4   0x00000028   Code   RO        10628    i.dfs_statfs        dfs_fs.o
    0x0800b6ec   0x00000038   Code   RO        10401    i.dfs_subdir        dfs.o
    0x0800b724   0x00000010   Code   RO        10402    i.dfs_unlock        dfs.o
    0x0800b734   0x00000060   Code   RO        11127    i.dir_alloc         ff.o
    0x0800b794   0x000000fc   Code   RO        11128    i.dir_find          ff.o
    0x0800b890   0x0000011a   Code   RO        11129    i.dir_next          ff.o
    0x0800b9aa   0x000000d2   Code   RO        11130    i.dir_read          ff.o
    0x0800ba7c   0x00000142   Code   RO        11131    i.dir_register      ff.o
    0x0800bbbe   0x00000060   Code   RO        11132    i.dir_remove        ff.o
    0x0800bc1e   0x000000a6   Code   RO        11133    i.dir_sdi           ff.o
    0x0800bcc4   0x00000006   Code   RO        10933    i.disk_initialize   dfs_elm.o
    0x0800bcca   0x00000002   PAD
    0x0800bccc   0x000000a0   Code   RO        10934    i.disk_ioctl        dfs_elm.o
    0x0800bd6c   0x00000034   Code   RO        10935    i.disk_read         dfs_elm.o
    0x0800bda0   0x00000006   Code   RO        10936    i.disk_status       dfs_elm.o
    0x0800bda6   0x00000002   PAD
    0x0800bda8   0x00000034   Code   RO        10937    i.disk_write        dfs_elm.o
    0x0800bddc   0x00000024   Code   RO        11134    i.elm_get_vol       ff.o
    0x0800be00   0x00000010   Code   RO        10938    i.elm_init          dfs_elm.o
    0x0800be10   0x00000058   Code   RO        10939    i.elm_result_to_dfs  dfs_elm.o
    0x0800be68   0x00000194   Code   RO        11633    i.etharp_arp_input  etharp.o
    0x0800bffc   0x000002d0   Code   RO        11636    i.etharp_find_entry  etharp.o
    0x0800c2cc   0x00000040   Code   RO        11637    i.etharp_free_entry  etharp.o
    0x0800c30c   0x00000200   Code   RO        11638    i.etharp_output     etharp.o
    0x0800c50c   0x00000110   Code   RO        11639    i.etharp_output_to_arp_index  etharp.o
    0x0800c61c   0x0000025c   Code   RO        11640    i.etharp_query      etharp.o
    0x0800c878   0x00000190   Code   RO        11641    i.etharp_raw        etharp.o
    0x0800ca08   0x0000002c   Code   RO        11642    i.etharp_request    etharp.o
    0x0800ca34   0x000000a8   Code   RO        11643    i.etharp_send_ip    etharp.o
    0x0800cadc   0x0000008c   Code   RO        11644    i.etharp_tmr        etharp.o
    0x0800cb68   0x00000148   Code   RO        11645    i.etharp_update_arp_entry  etharp.o
    0x0800ccb0   0x0000013c   Code   RO        11646    i.ethernet_input    etharp.o
    0x0800cdec   0x000000a0   Code   RO        11737    i.ethernetif_init   ethernetif.o
    0x0800ce8c   0x0000002c   Code   RO        11738    i.ethernetif_input  ethernetif.o
    0x0800ceb8   0x0000002a   Code   RO        11135    i.f_close           ff.o
    0x0800cee2   0x00000106   Code   RO        11137    i.f_getfree         ff.o
    0x0800cfe8   0x00000366   Code   RO        11138    i.f_lseek           ff.o
    0x0800d34e   0x00000196   Code   RO        11139    i.f_mkdir           ff.o
    0x0800d4e4   0x000006dc   Code   RO        11140    i.f_mkfs            ff.o
    0x0800dbc0   0x00000080   Code   RO        11141    i.f_mount           ff.o
    0x0800dc40   0x00000234   Code   RO        11142    i.f_open            ff.o
    0x0800de74   0x0000009a   Code   RO        11143    i.f_opendir         ff.o
    0x0800df0e   0x00000234   Code   RO        11144    i.f_read            ff.o
    0x0800e142   0x00000078   Code   RO        11145    i.f_readdir         ff.o
    0x0800e1ba   0x00000142   Code   RO        11146    i.f_rename          ff.o
    0x0800e2fc   0x0000003e   Code   RO        11147    i.f_seekdir         ff.o
    0x0800e33a   0x00000068   Code   RO        11148    i.f_stat            ff.o
    0x0800e3a2   0x000000b0   Code   RO        11149    i.f_sync            ff.o
    0x0800e452   0x000000d4   Code   RO        11151    i.f_unlink          ff.o
    0x0800e526   0x00000278   Code   RO        11152    i.f_write           ff.o
    0x0800e79e   0x00000002   PAD
    0x0800e7a0   0x00000040   Code   RO        10403    i.fd_get            dfs.o
    0x0800e7e0   0x0000009c   Code   RO        10404    i.fd_is_open        dfs.o
    0x0800e87c   0x00000044   Code   RO        10405    i.fd_new            dfs.o
    0x0800e8c0   0x0000003c   Code   RO        10406    i.fd_put            dfs.o
    0x0800e8fc   0x0000004c   Code   RO        11446    i.ff_convert        ccsbcs.o
    0x0800e948   0x00000030   Code   RO        10940    i.ff_cre_syncobj    dfs_elm.o
    0x0800e978   0x00000010   Code   RO        10941    i.ff_del_syncobj    dfs_elm.o
    0x0800e988   0x0000000c   Code   RO        10942    i.ff_memalloc       dfs_elm.o
    0x0800e994   0x0000000c   Code   RO        10943    i.ff_memfree        dfs_elm.o
    0x0800e9a0   0x0000000c   Code   RO        10944    i.ff_rel_grant      dfs_elm.o
    0x0800e9ac   0x00000018   Code   RO        10945    i.ff_req_grant      dfs_elm.o
    0x0800e9c4   0x000000a4   Code   RO        11447    i.ff_wtoupper       ccsbcs.o
    0x0800ea68   0x00000354   Code   RO        11153    i.find_volume       ff.o
    0x0800edbc   0x0000003e   Code   RO         9670    i.finsh_block_insert  finsh_heap.o
    0x0800edfa   0x0000007c   Code   RO         9671    i.finsh_block_merge  finsh_heap.o
    0x0800ee76   0x0000002e   Code   RO         9672    i.finsh_block_remove  finsh_heap.o
    0x0800eea4   0x00000018   Code   RO         9673    i.finsh_block_split  finsh_heap.o
    0x0800eebc   0x00001654   Code   RO         9589    i.finsh_compile     finsh_compiler.o
    0x08010510   0x00000068   Code   RO         9590    i.finsh_compiler_run  finsh_compiler.o
    0x08010578   0x0000000c   Code   RO         9636    i.finsh_errno       finsh_error.o
    0x08010584   0x0000000c   Code   RO         9637    i.finsh_error_init  finsh_error.o
    0x08010590   0x00000010   Code   RO         9638    i.finsh_error_set   finsh_error.o
    0x080105a0   0x00000010   Code   RO         9639    i.finsh_error_string  finsh_error.o
    0x080105b0   0x00000016   Code   RO         9723    i.finsh_flush       finsh_init.o
    0x080105c6   0x00000002   PAD
    0x080105c8   0x0000005c   Code   RO         9089    i.finsh_get_prompt  shell.o
    0x08010624   0x00000058   Code   RO         9090    i.finsh_getchar     shell.o
    0x0801067c   0x00000074   Code   RO         9674    i.finsh_heap_allocate  finsh_heap.o
    0x080106f0   0x0000002c   Code   RO         9675    i.finsh_heap_free   finsh_heap.o
    0x0801071c   0x00000058   Code   RO         9676    i.finsh_heap_gc     finsh_heap.o
    0x08010774   0x00000030   Code   RO         9677    i.finsh_heap_init   finsh_heap.o
    0x080107a4   0x0000001e   Code   RO         9724    i.finsh_init        finsh_init.o
    0x080107c2   0x00000002   PAD
    0x080107c4   0x0000003c   Code   RO         9759    i.finsh_node_allocate  finsh_node.o
    0x08010800   0x00000014   Code   RO         9760    i.finsh_node_init   finsh_node.o
    0x08010814   0x0000001e   Code   RO         9761    i.finsh_node_new_char  finsh_node.o
    0x08010832   0x00000076   Code   RO         9762    i.finsh_node_new_id  finsh_node.o
    0x080108a8   0x0000001e   Code   RO         9763    i.finsh_node_new_int  finsh_node.o
    0x080108c6   0x0000001e   Code   RO         9764    i.finsh_node_new_long  finsh_node.o
    0x080108e4   0x0000001e   Code   RO         9765    i.finsh_node_new_ptr  finsh_node.o
    0x08010902   0x0000004a   Code   RO         9766    i.finsh_node_new_string  finsh_node.o
    0x0801094c   0x00000010   Code   RO        10116    i.finsh_parser_init  finsh_parser.o
    0x0801095c   0x000000dc   Code   RO        10117    i.finsh_parser_run  finsh_parser.o
    0x08010a38   0x000000d4   Code   RO         9091    i.finsh_run_line    shell.o
    0x08010b0c   0x00000040   Code   RO         9092    i.finsh_rx_ind      shell.o
    0x08010b4c   0x000000dc   Code   RO         9093    i.finsh_set_device  shell.o
    0x08010c28   0x0000000c   Code   RO         9726    i.finsh_stack_bottom  finsh_init.o
    0x08010c34   0x0000005c   Code   RO        10281    i.finsh_syscall_lookup  finsh_vm.o
    0x08010c90   0x00000014   Code   RO         9095    i.finsh_system_function_init  shell.o
    0x08010ca4   0x000000c0   Code   RO         9096    i.finsh_system_init  shell.o
    0x08010d64   0x00000014   Code   RO         9097    i.finsh_system_var_init  shell.o
    0x08010d78   0x0000005c   Code   RO        10228    i.finsh_sysvar_lookup  finsh_var.o
    0x08010dd4   0x00000548   Code   RO         9098    i.finsh_thread_entry  shell.o
    0x0801131c   0x00000014   Code   RO        10316    i.finsh_token_init  finsh_token.o
    0x08011330   0x00000018   Code   RO        10317    i.finsh_token_token  finsh_token.o
    0x08011348   0x0000015e   Code   RO         9591    i.finsh_type_check  finsh_compiler.o
    0x080114a6   0x00000002   PAD
    0x080114a8   0x00000014   Code   RO        10230    i.finsh_var_init    finsh_var.o
    0x080114bc   0x00000078   Code   RO        10231    i.finsh_var_insert  finsh_var.o
    0x08011534   0x00000040   Code   RO        10232    i.finsh_var_lookup  finsh_var.o
    0x08011574   0x00000054   Code   RO        10282    i.finsh_vm_run      finsh_vm.o
    0x080115c8   0x00000012   Code   RO         8669    i.flash_lock        spi_flash_w25qxx.o
    0x080115da   0x0000000e   Code   RO         8670    i.flash_unlock      spi_flash_w25qxx.o
    0x080115e8   0x000000ae   Code   RO        11154    i.follow_path       ff.o
    0x08011696   0x00000002   PAD
    0x08011698   0x000000b4   Code   RO        11155    i.gen_numname       ff.o
    0x0801174c   0x00000024   Code   RO        10946    i.get_disk          dfs_elm.o
    0x08011770   0x00000132   Code   RO        11156    i.get_fat           ff.o
    0x080118a2   0x00000052   Code   RO        10947    i.get_fattime       dfs_elm.o
    0x080118f4   0x00000142   Code   RO        11157    i.get_fileinfo      ff.o
    0x08011a36   0x0000004a   Code   RO        11158    i.get_ldnumber      ff.o
    0x08011a80   0x00000020   Code   RO        10700    i.getcwd            dfs_posix.o
    0x08011aa0   0x00000020   Code   RO         9229    i.hello             cmd.o
    0x08011ac0   0x000000be   Code   RO         8312    i.i2c_bit_send_address  i2c-bit-ops.o
    0x08011b7e   0x0000009c   Code   RO         8313    i.i2c_bit_xfer      i2c-bit-ops.o
    0x08011c1a   0x00000002   PAD
    0x08011c1c   0x00000088   Code   RO         8283    i.i2c_bus_device_control  i2c_dev.o
    0x08011ca4   0x00000074   Code   RO         8284    i.i2c_bus_device_read  i2c_dev.o
    0x08011d18   0x00000074   Code   RO         8285    i.i2c_bus_device_write  i2c_dev.o
    0x08011d8c   0x00000010   Code   RO         8314    i.i2c_delay         i2c-bit-ops.o
    0x08011d9c   0x0000000c   Code   RO         8315    i.i2c_delay2        i2c-bit-ops.o
    0x08011da8   0x0000005a   Code   RO         8316    i.i2c_readb         i2c-bit-ops.o
    0x08011e02   0x00000056   Code   RO         8317    i.i2c_recv_bytes    i2c-bit-ops.o
    0x08011e58   0x00000030   Code   RO         8318    i.i2c_restart       i2c-bit-ops.o
    0x08011e88   0x00000036   Code   RO         8319    i.i2c_send_ack_or_nack  i2c-bit-ops.o
    0x08011ebe   0x00000048   Code   RO         8320    i.i2c_send_address  i2c-bit-ops.o
    0x08011f06   0x0000004e   Code   RO         8321    i.i2c_send_bytes    i2c-bit-ops.o
    0x08011f54   0x0000001c   Code   RO         8322    i.i2c_start         i2c-bit-ops.o
    0x08011f70   0x0000002e   Code   RO         8323    i.i2c_stop          i2c-bit-ops.o
    0x08011f9e   0x00000094   Code   RO         8324    i.i2c_writeb        i2c-bit-ops.o
    0x08012032   0x00000012   Code   RO        11810    i.icmp_dest_unreach  icmp.o
    0x08012044   0x0000030c   Code   RO        11811    i.icmp_input        icmp.o
    0x08012350   0x00000108   Code   RO        11812    i.icmp_send_response  icmp.o
    0x08012458   0x00000012   Code   RO        11813    i.icmp_time_exceeded  icmp.o
    0x0801246a   0x00000014   Code   RO        11861    i.inet_chksum       inet_chksum.o
    0x0801247e   0x00000056   Code   RO        11862    i.inet_chksum_pbuf  inet_chksum.o
    0x080124d4   0x00000180   Code   RO          586    i.info_init         displayinfo.o
    0x08012654   0x0000004e   Code   RO        11951    i.ip4_addr_isbroadcast  ip_addr.o
    0x080126a2   0x00000002   PAD
    0x080126a4   0x00000238   Code   RO        12004    i.ip_frag           ip_frag.o
    0x080128dc   0x0000000a   Code   RO        12005    i.ip_frag_alloc_pbuf_custom_ref  ip_frag.o
    0x080128e6   0x00000002   PAD
    0x080128e8   0x00000088   Code   RO        12006    i.ip_frag_free_pbuf_custom_ref  ip_frag.o
    0x08012970   0x0000018c   Code   RO        11896    i.ip_input          ip.o
    0x08012afc   0x000000ac   Code   RO        11897    i.ip_output         ip.o
    0x08012ba8   0x00000180   Code   RO        11898    i.ip_output_if      ip.o
    0x08012d28   0x0000018c   Code   RO        12007    i.ip_reass          ip_frag.o
    0x08012eb4   0x0000030c   Code   RO        12008    i.ip_reass_chain_frag_into_datagram_and_validate  ip_frag.o
    0x080131c0   0x000000b0   Code   RO        12009    i.ip_reass_dequeue_datagram  ip_frag.o
    0x08013270   0x00000054   Code   RO        12010    i.ip_reass_enqueue_new_datagram  ip_frag.o
    0x080132c4   0x000001c8   Code   RO        12011    i.ip_reass_free_complete_datagram  ip_frag.o
    0x0801348c   0x0000007c   Code   RO        12012    i.ip_reass_remove_oldest_datagram  ip_frag.o
    0x08013508   0x0000001c   Code   RO        12882    i.ip_reass_timer    timers.o
    0x08013524   0x00000034   Code   RO        12013    i.ip_reass_tmr      ip_frag.o
    0x08013558   0x00000054   Code   RO        11899    i.ip_route          ip.o
    0x080135ac   0x000000b8   Code   RO        12014    i.ipfrag_free_pbuf_custom  ip_frag.o
    0x08013664   0x00000178   Code   RO         1443    i.lcd1602_init      lcd.o
    0x080137dc   0x0000001e   Code   RO         1445    i.lcdStrWrite       lcd.o
    0x080137fa   0x00000026   Code   RO        11159    i.ld_clust          ff.o
    0x08013820   0x00000018   Code   RO        11160    i.ld_dword          ff.o
    0x08013838   0x0000000c   Code   RO        11161    i.ld_word           ff.o
    0x08013844   0x000000dc   Code   RO         9230    i.list              cmd.o
    0x08013920   0x00000020   Code   RO         8397    i.list_date         rtc.o
    0x08013940   0x00000012   Code   RO         9231    i.list_device       cmd.o
    0x08013952   0x00000012   Code   RO         9232    i.list_event        cmd.o
    0x08013964   0x000000d8   Code   RO        10407    i.list_fd           dfs.o
    0x08013a3c   0x00000012   Code   RO         9233    i.list_mailbox      cmd.o
    0x08013a4e   0x00000002   PAD
    0x08013a50   0x00000078   Code   RO         7485    i.list_mem          mem.o
    0x08013ac8   0x00000012   Code   RO         9234    i.list_memheap      cmd.o
    0x08013ada   0x00000012   Code   RO         9235    i.list_mempool      cmd.o
    0x08013aec   0x00000012   Code   RO         9236    i.list_msgqueue     cmd.o
    0x08013afe   0x00000012   Code   RO         9237    i.list_mutex        cmd.o
    0x08013b10   0x00000210   Code   RO         9238    i.list_prefix       cmd.o
    0x08013d20   0x00000012   Code   RO         9239    i.list_sem          cmd.o
    0x08013d32   0x00000012   Code   RO         9240    i.list_thread       cmd.o
    0x08013d44   0x00000012   Code   RO         9241    i.list_timer        cmd.o
    0x08013d56   0x0000000c   Code   RO        11162    i.lock_fs           ff.o
    0x08013d62   0x00000002   PAD
    0x08013d64   0x00000088   Code   RO        11739    i.low_level_init    ethernetif.o
    0x08013dec   0x00000100   Code   RO        11740    i.low_level_input   ethernetif.o
    0x08013eec   0x000000e8   Code   RO        11741    i.low_level_output  ethernetif.o
    0x08013fd4   0x00000130   Code   RO        10517    i.ls                dfs_file.o
    0x08014104   0x00000060   Code   RO        11478    i.lwip_comm_default_ip_set  lwip_comm.o
    0x08014164   0x000001fc   Code   RO        11479    i.lwip_comm_init    lwip_comm.o
    0x08014360   0x0000001c   Code   RO        11480    i.lwip_comm_mem_free  lwip_comm.o
    0x0801437c   0x0000003c   Code   RO        11481    i.lwip_comm_mem_malloc  lwip_comm.o
    0x080143b8   0x0000001a   Code   RO        12070    i.lwip_htonl        def.o
    0x080143d2   0x0000000c   Code   RO        12071    i.lwip_htons        def.o
    0x080143de   0x0000001c   Code   RO        12112    i.lwip_init         init.o
    0x080143fa   0x0000000c   Code   RO        12072    i.lwip_ntohl        def.o
    0x08014406   0x0000000c   Code   RO        12073    i.lwip_ntohs        def.o
    0x08014412   0x00000008   Code   RO        11482    i.lwip_periodic_handle  lwip_comm.o
    0x0801441a   0x00000002   PAD
    0x0801441c   0x00000010   Code   RO        11483    i.lwip_pkt_handle   lwip_comm.o
    0x0801442c   0x0000005e   Code   RO        11865    i.lwip_standard_chksum  inet_chksum.o
    0x0801448a   0x0000000e   Code   RO          419    i.main              startup.o
    0x08014498   0x00000028   Code   RO        10118    i.make_sys_node     finsh_parser.o
    0x080144c0   0x00000024   Code   RO        11163    i.mem_cmp           ff.o
    0x080144e4   0x0000001a   Code   RO        11164    i.mem_cpy           ff.o
    0x080144fe   0x00000002   PAD
    0x08014500   0x0000013c   Code   RO        12149    i.mem_free          mem_1.o
    0x0801463c   0x00000060   Code   RO        12150    i.mem_init          mem_1.o
    0x0801469c   0x00000268   Code   RO        12151    i.mem_malloc        mem_1.o
    0x08014904   0x00000012   Code   RO        11165    i.mem_set           ff.o
    0x08014916   0x00000002   PAD
    0x08014918   0x000001c4   Code   RO        12152    i.mem_trim          mem_1.o
    0x08014adc   0x000000ac   Code   RO        12192    i.memp_free         memp.o
    0x08014b88   0x00000008   Code   RO        12193    i.memp_get_memorysize  memp.o
    0x08014b90   0x00000068   Code   RO        12194    i.memp_init         memp.o
    0x08014bf8   0x000000ec   Code   RO        12195    i.memp_malloc       memp.o
    0x08014ce4   0x0000006c   Code   RO        10703    i.mkdir             dfs_posix.o
    0x08014d50   0x00000010   Code   RO        10630    i.mkfs              dfs_fs.o
    0x08014d60   0x00000034   Code   RO        11166    i.move_window       ff.o
    0x08014d94   0x000000c8   Code   RO         9406    i.msh_auto_complete  msh.o
    0x08014e5c   0x00000198   Code   RO         9407    i.msh_auto_complete_path  msh.o
    0x08014ff4   0x00000010   Code   RO         9408    i.msh_enter         msh.o
    0x08015004   0x00000084   Code   RO         9409    i.msh_exec          msh.o
    0x08015088   0x00000124   Code   RO         9572    i.msh_exec_script   msh_file.o
    0x080151ac   0x00000010   Code   RO         9410    i.msh_exit          msh.o
    0x080151bc   0x0000005c   Code   RO         9411    i.msh_get_cmd       msh.o
    0x08015218   0x00000080   Code   RO         9412    i.msh_help          msh.o
    0x08015298   0x0000000c   Code   RO         9413    i.msh_is_used       msh.o
    0x080152a4   0x0000007a   Code   RO         9573    i.msh_readline      msh_file.o
    0x0801531e   0x00000002   PAD
    0x08015320   0x000000f0   Code   RO         9414    i.msh_split         msh.o
    0x08015410   0x000000e8   Code   RO        12236    i.netif_add         netif.o
    0x080154f8   0x00000002   Code   RO        12238    i.netif_init        netif.o
    0x080154fa   0x00000028   Code   RO        12240    i.netif_set_addr    netif.o
    0x08015522   0x00000002   PAD
    0x08015524   0x0000000c   Code   RO        12241    i.netif_set_default  netif.o
    0x08015530   0x0000000c   Code   RO        12243    i.netif_set_gw      netif.o
    0x0801553c   0x00000078   Code   RO        12244    i.netif_set_ipaddr  netif.o
    0x080155b4   0x0000000c   Code   RO        12247    i.netif_set_netmask  netif.o
    0x080155c0   0x00000036   Code   RO        12248    i.netif_set_up      netif.o
    0x080155f6   0x0000003e   Code   RO         9242    i.object_name_maxlen  cmd.o
    0x08015634   0x0000001c   Code   RO         9243    i.object_split      cmd.o
    0x08015650   0x0000005c   Code   RO        10704    i.open              dfs_posix.o
    0x080156ac   0x00000080   Code   RO        10705    i.opendir           dfs_posix.o
    0x0801572c   0x0000040c   Code   RO        12330    i.pbuf_alloc        pbuf.o
    0x08015b38   0x000000fc   Code   RO        12331    i.pbuf_alloced_custom  pbuf.o
    0x08015c34   0x00000144   Code   RO        12332    i.pbuf_cat          pbuf.o
    0x08015d78   0x00000016   Code   RO        12333    i.pbuf_chain        pbuf.o
    0x08015d8e   0x00000012   Code   RO        12334    i.pbuf_clen         pbuf.o
    0x08015da0   0x0000022c   Code   RO        12336    i.pbuf_copy         pbuf.o
    0x08015fcc   0x00000148   Code   RO        12337    i.pbuf_copy_partial  pbuf.o
    0x08016114   0x000001a0   Code   RO        12339    i.pbuf_free         pbuf.o
    0x080162b4   0x00000148   Code   RO        12341    i.pbuf_header       pbuf.o
    0x080163fc   0x000001c0   Code   RO        12344    i.pbuf_realloc      pbuf.o
    0x080165bc   0x0000000a   Code   RO        12345    i.pbuf_ref          pbuf.o
    0x080165c6   0x00000002   PAD
    0x080165c8   0x00000088   Code   RO        11167    i.pick_lfn          ff.o
    0x08016650   0x0000010c   Code   RO         7486    i.plug_holes        mem.o
    0x0801675c   0x000001b0   Code   RO        12153    i.plug_holes        mem_1.o
    0x0801690c   0x0000018c   Code   RO         7283    i.print_number      kservice.o
    0x08016a98   0x00000072   Code   RO        10119    i.proc_additive_expr  finsh_parser.o
    0x08016b0a   0x0000004c   Code   RO        10120    i.proc_and_expr     finsh_parser.o
    0x08016b56   0x00000038   Code   RO        10121    i.proc_assign_expr  finsh_parser.o
    0x08016b8e   0x0000004e   Code   RO        10122    i.proc_cast_expr    finsh_parser.o
    0x08016bdc   0x0000004c   Code   RO        10123    i.proc_exclusive_or_expr  finsh_parser.o
    0x08016c28   0x0000000c   Code   RO        10124    i.proc_expr         finsh_parser.o
    0x08016c34   0x00000038   Code   RO        10125    i.proc_expr_statement  finsh_parser.o
    0x08016c6c   0x0000002c   Code   RO        10126    i.proc_identifier   finsh_parser.o
    0x08016c98   0x0000004c   Code   RO        10127    i.proc_inclusive_or_expr  finsh_parser.o
    0x08016ce4   0x0000008a   Code   RO        10128    i.proc_multiplicative_expr  finsh_parser.o
    0x08016d6e   0x0000004c   Code   RO        10129    i.proc_param_list   finsh_parser.o
    0x08016dba   0x000000a2   Code   RO        10130    i.proc_postfix_expr  finsh_parser.o
    0x08016e5c   0x0000009e   Code   RO        10131    i.proc_primary_expr  finsh_parser.o
    0x08016efa   0x00000074   Code   RO        10132    i.proc_shift_expr   finsh_parser.o
    0x08016f6e   0x000000fa   Code   RO        10133    i.proc_type         finsh_parser.o
    0x08017068   0x000000be   Code   RO        10134    i.proc_unary_expr   finsh_parser.o
    0x08017126   0x000001da   Code   RO        10135    i.proc_variable_decl  finsh_parser.o
    0x08017300   0x00000190   Code   RO        11168    i.put_fat           ff.o
    0x08017490   0x00000080   Code   RO        11169    i.put_lfn           ff.o
    0x08017510   0x00000074   Code   RO        12446    i.raw_input         raw.o
    0x08017584   0x00000050   Code   RO        10706    i.read              dfs_posix.o
    0x080175d4   0x00000084   Code   RO        10707    i.readdir           dfs_posix.o
    0x08017658   0x0000009a   Code   RO        11170    i.remove_chain      ff.o
    0x080176f2   0x00000024   Code   RO        10708    i.rename            dfs_posix.o
    0x08017716   0x00000038   Code   RO        10709    i.rewinddir         dfs_posix.o
    0x0801774e   0x00000002   PAD
    0x08017750   0x0000002c   Code   RO        10518    i.rm                dfs_file.o
    0x0801777c   0x000000a0   Code   RO            4    i.rt_alarm_process_A_thread_entry  application.o
    0x0801781c   0x000000a8   Code   RO            5    i.rt_alarm_process_B_thread_entry  application.o
    0x080178c4   0x0000017c   Code   RO            6    i.rt_application_init  application.o
    0x08017a40   0x00000074   Code   RO         7284    i.rt_assert_handler  kservice.o
    0x08017ab4   0x00000068   Code   RO         8756    i.rt_completion_done  completion.o
    0x08017b1c   0x00000048   Code   RO         8757    i.rt_completion_init  completion.o
    0x08017b64   0x00000140   Code   RO         8758    i.rt_completion_wait  completion.o
    0x08017ca4   0x0000004c   Code   RO         6784    i.rt_components_board_init  components.o
    0x08017cf0   0x00000070   Code   RO         6785    i.rt_components_init  components.o
    0x08017d60   0x0000000c   Code   RO         7286    i.rt_console_get_device  kservice.o
    0x08017d6c   0x00000034   Code   RO         7287    i.rt_console_set_device  kservice.o
    0x08017da0   0x00000064   Code   RO         8789    i.rt_data_queue_init  dataqueue.o
    0x08017e04   0x00000080   Code   RO         8790    i.rt_data_queue_peak  dataqueue.o
    0x08017e84   0x000001c0   Code   RO         8791    i.rt_data_queue_pop  dataqueue.o
    0x08018044   0x00000060   Code   RO         6829    i.rt_device_close   device.o
    0x080180a4   0x00000040   Code   RO         6830    i.rt_device_control  device.o
    0x080180e4   0x0000007c   Code   RO         6833    i.rt_device_find    device.o
    0x08018160   0x000000fc   Code   RO         6836    i.rt_device_open    device.o
    0x0801825c   0x00000064   Code   RO         6837    i.rt_device_read    device.o
    0x080182c0   0x00000036   Code   RO         6838    i.rt_device_register  device.o
    0x080182f6   0x00000002   PAD
    0x080182f8   0x00000030   Code   RO         6839    i.rt_device_set_rx_indicate  device.o
    0x08018328   0x00000064   Code   RO         6842    i.rt_device_write   device.o
    0x0801838c   0x0000000c   Code   RO         8447    i.rt_dma_calc_recved_len  serial.o
    0x08018398   0x0000009c   Code   RO         8448    i.rt_dma_recv_update_get_index  serial.o
    0x08018434   0x000000b4   Code   RO         8449    i.rt_dma_recv_update_put_index  serial.o
    0x080184e8   0x00000020   Code   RO         7768    i.rt_enter_critical  scheduler.o
    0x08018508   0x0000003c   Code   RO         7769    i.rt_exit_critical  scheduler.o
    0x08018544   0x0000020c   Code   RO         7488    i.rt_free           mem.o
    0x08018750   0x0000002c   Code   RO          617    i.rt_hw_board_init  board.o
    0x0801877c   0x00000002   Code   RO         7290    i.rt_hw_console_output  kservice.o
    0x0801877e   0x00000002   PAD
    0x08018780   0x00000110   Code   RO         8113    i.rt_hw_hard_fault_exception  cpuport.o
    0x08018890   0x0000001c   Code   RO          850    i.rt_hw_rtc_init    drv_rtc.o
    0x080188ac   0x00000070   Code   RO          851    i.rt_hw_rtc_register  drv_rtc.o
    0x0801891c   0x000001d4   Code   RO         8450    i.rt_hw_serial_isr  serial.o
    0x08018af0   0x00000080   Code   RO         8451    i.rt_hw_serial_register  serial.o
    0x08018b70   0x000000dc   Code   RO         1123    i.rt_hw_spi2_init   drv_spi_dac.o
    0x08018c4c   0x000000e0   Code   RO         1124    i.rt_hw_spi3_init   drv_spi_dac.o
    0x08018d2c   0x000000e0   Code   RO         1080    i.rt_hw_spi5_init   drv_spi_flash.o
    0x08018e0c   0x0000001c   Code   RO         1081    i.rt_hw_spi_flash_init  drv_spi_flash.o
    0x08018e28   0x00000050   Code   RO         8114    i.rt_hw_stack_init  cpuport.o
    0x08018e78   0x00000018   Code   RO         8325    i.rt_i2c_bit_add_bus  i2c-bit-ops.o
    0x08018e90   0x0000005c   Code   RO         8286    i.rt_i2c_bus_device_device_init  i2c_dev.o
    0x08018eec   0x0000003c   Code   RO         8238    i.rt_i2c_bus_device_register  i2c_core.o
    0x08018f28   0x00000004   Code   RO         8239    i.rt_i2c_core_init  i2c_core.o
    0x08018f2c   0x00000070   Code   RO         8240    i.rt_i2c_master_recv  i2c_core.o
    0x08018f9c   0x00000042   Code   RO         8241    i.rt_i2c_master_send  i2c_core.o
    0x08018fde   0x0000003c   Code   RO         8242    i.rt_i2c_transfer   i2c_core.o
    0x0801901a   0x00000002   PAD
    0x0801901c   0x00000128   Code   RO            7    i.rt_init_thread_entry  application.o
    0x08019144   0x00000038   Code   RO         7242    i.rt_interrupt_enter  irq.o
    0x0801917c   0x0000000c   Code   RO         7244    i.rt_interrupt_get_nest  irq.o
    0x08019188   0x00000038   Code   RO         7245    i.rt_interrupt_leave  irq.o
    0x080191c0   0x00000018   Code   RO         6975    i.rt_ipc_list_resume  ipc.o
    0x080191d8   0x00000032   Code   RO         6976    i.rt_ipc_list_resume_all  ipc.o
    0x0801920a   0x0000006c   Code   RO         6977    i.rt_ipc_list_suspend  ipc.o
    0x08019276   0x00000010   Code   RO         6978    i.rt_ipc_object_init  ipc.o
    0x08019286   0x00000002   PAD
    0x08019288   0x00000068   Code   RO         7291    i.rt_kprintf        kservice.o
    0x080192f0   0x00000006   Code   RO         6979    i.rt_list_init      ipc.o
    0x080192f6   0x00000006   Code   RO         7770    i.rt_list_init      scheduler.o
    0x080192fc   0x00000006   Code   RO         7998    i.rt_list_init      timer.o
    0x08019302   0x00000006   Code   RO         8794    i.rt_list_init      dataqueue.o
    0x08019308   0x0000000e   Code   RO         7665    i.rt_list_insert_after  object.o
    0x08019316   0x0000000e   Code   RO         7861    i.rt_list_insert_after  thread.o
    0x08019324   0x0000000e   Code   RO         7999    i.rt_list_insert_after  timer.o
    0x08019332   0x0000000e   Code   RO         6980    i.rt_list_insert_before  ipc.o
    0x08019340   0x0000000e   Code   RO         8795    i.rt_list_insert_before  dataqueue.o
    0x0801934e   0x00000010   Code   RO         6981    i.rt_list_isempty   ipc.o
    0x0801935e   0x00000010   Code   RO         8000    i.rt_list_isempty   timer.o
    0x0801936e   0x00000010   Code   RO         8759    i.rt_list_isempty   completion.o
    0x0801937e   0x00000010   Code   RO         8796    i.rt_list_isempty   dataqueue.o
    0x0801938e   0x00000010   Code   RO         9244    i.rt_list_isempty   cmd.o
    0x0801939e   0x00000014   Code   RO         9245    i.rt_list_len       cmd.o
    0x080193b2   0x00000012   Code   RO         7666    i.rt_list_remove    object.o
    0x080193c4   0x00000012   Code   RO         7862    i.rt_list_remove    thread.o
    0x080193d6   0x00000002   PAD
    0x080193d8   0x000002bc   Code   RO         7490    i.rt_malloc         mem.o
    0x08019694   0x00000060   Code   RO         6986    i.rt_mb_init        ipc.o
    0x080196f4   0x00000214   Code   RO         6987    i.rt_mb_recv        ipc.o
    0x08019908   0x00000012   Code   RO         6988    i.rt_mb_send        ipc.o
    0x0801991a   0x00000002   PAD
    0x0801991c   0x000001ec   Code   RO         6989    i.rt_mb_send_wait   ipc.o
    0x08019b08   0x0000007c   Code   RO         7295    i.rt_memcpy         kservice.o
    0x08019b84   0x00000042   Code   RO         7296    i.rt_memmove        kservice.o
    0x08019bc6   0x00000048   Code   RO         7297    i.rt_memset         kservice.o
    0x08019c0e   0x00000002   PAD
    0x08019c10   0x00000094   Code   RO         6999    i.rt_mutex_create   ipc.o
    0x08019ca4   0x00000094   Code   RO         7000    i.rt_mutex_delete   ipc.o
    0x08019d38   0x00000058   Code   RO         7002    i.rt_mutex_init     ipc.o
    0x08019d90   0x00000184   Code   RO         7003    i.rt_mutex_release  ipc.o
    0x08019f14   0x000001e4   Code   RO         7004    i.rt_mutex_take     ipc.o
    0x0801a0f8   0x000000e0   Code   RO         7667    i.rt_object_allocate  object.o
    0x0801a1d8   0x0000009c   Code   RO         7669    i.rt_object_delete  object.o
    0x0801a274   0x00000058   Code   RO         7670    i.rt_object_detach  object.o
    0x0801a2cc   0x00000028   Code   RO         7673    i.rt_object_get_information  object.o
    0x0801a2f4   0x0000007c   Code   RO         7674    i.rt_object_init    object.o
    0x0801a370   0x0000003c   Code   RO         7675    i.rt_object_is_systemobject  object.o
    0x0801a3ac   0x00000054   Code   RO            8    i.rt_optic_power_thread_entry  application.o
    0x0801a400   0x00000050   Code   RO          852    i.rt_rtc_control    drv_rtc.o
    0x0801a450   0x00000006   Code   RO          853    i.rt_rtc_open       drv_rtc.o
    0x0801a456   0x00000008   Code   RO          854    i.rt_rtc_read       drv_rtc.o
    0x0801a45e   0x00000002   PAD
    0x0801a460   0x000000b8   Code   RO         7771    i.rt_schedule       scheduler.o
    0x0801a518   0x0000007c   Code   RO         7772    i.rt_schedule_insert_thread  scheduler.o
    0x0801a594   0x00000080   Code   RO         7773    i.rt_schedule_remove_thread  scheduler.o
    0x0801a614   0x00000048   Code   RO         7009    i.rt_sem_init       ipc.o
    0x0801a65c   0x00000054   Code   RO         7010    i.rt_sem_release    ipc.o
    0x0801a6b0   0x0000018c   Code   RO         7011    i.rt_sem_take       ipc.o
    0x0801a83c   0x00000184   Code   RO         8452    i.rt_serial_close   serial.o
    0x0801a9c0   0x000000a8   Code   RO         8453    i.rt_serial_control  serial.o
    0x0801aa68   0x00000048   Code   RO         8454    i.rt_serial_init    serial.o
    0x0801aab0   0x000002a0   Code   RO         8455    i.rt_serial_open    serial.o
    0x0801ad50   0x0000006c   Code   RO         8456    i.rt_serial_read    serial.o
    0x0801adbc   0x000000b0   Code   RO         8457    i.rt_serial_write   serial.o
    0x0801ae6c   0x00000028   Code   RO         7298    i.rt_set_errno      kservice.o
    0x0801ae94   0x000000b0   Code   RO         7299    i.rt_show_version   kservice.o
    0x0801af44   0x00000026   Code   RO         7300    i.rt_snprintf       kservice.o
    0x0801af6a   0x0000004a   Code   RO         8538    i.rt_spi_bus_attach_device  spi_core.o
    0x0801afb4   0x00000058   Code   RO         8626    i.rt_spi_bus_device_init  spi_dev.o
    0x0801b00c   0x00000032   Code   RO         8539    i.rt_spi_bus_register  spi_core.o
    0x0801b03e   0x00000002   PAD
    0x0801b040   0x00000078   Code   RO         8540    i.rt_spi_configure  spi_core.o
    0x0801b0b8   0x00000016   Code   RO         8671    i.rt_spi_send       spi_flash_w25qxx.o
    0x0801b0ce   0x00000002   PAD
    0x0801b0d0   0x00000120   Code   RO         8543    i.rt_spi_send_then_recv  spi_core.o
    0x0801b1f0   0x00000120   Code   RO         8544    i.rt_spi_send_then_send  spi_core.o
    0x0801b310   0x000000e0   Code   RO         8547    i.rt_spi_transfer   spi_core.o
    0x0801b3f0   0x00000058   Code   RO         8627    i.rt_spidev_device_init  spi_dev.o
    0x0801b448   0x00000028   Code   RO         7304    i.rt_strdup         kservice.o
    0x0801b470   0x00000012   Code   RO         7305    i.rt_strlen         kservice.o
    0x0801b482   0x00000028   Code   RO         7306    i.rt_strncmp        kservice.o
    0x0801b4aa   0x00000034   Code   RO         7307    i.rt_strncpy        kservice.o
    0x0801b4de   0x00000002   PAD
    0x0801b4e0   0x00000154   Code   RO         7494    i.rt_system_heap_init  mem.o
    0x0801b634   0x0000002c   Code   RO            9    i.rt_system_led_thread_entry  application.o
    0x0801b660   0x00000002   Code   RO         7679    i.rt_system_object_init  object.o
    0x0801b662   0x00000002   PAD
    0x0801b664   0x00000050   Code   RO         7775    i.rt_system_scheduler_init  scheduler.o
    0x0801b6b4   0x00000030   Code   RO         7776    i.rt_system_scheduler_start  scheduler.o
    0x0801b6e4   0x00000002   Code   RO         6746    i.rt_system_tick_init  clock.o
    0x0801b6e6   0x00000002   PAD
    0x0801b6e8   0x0000001c   Code   RO         8001    i.rt_system_timer_init  timer.o
    0x0801b704   0x00000002   Code   RO         8002    i.rt_system_timer_thread_init  timer.o
    0x0801b706   0x00000002   PAD
    0x0801b708   0x0000009c   Code   RO         7863    i.rt_thread_control  thread.o
    0x0801b7a4   0x00000050   Code   RO         7864    i.rt_thread_create  thread.o
    0x0801b7f4   0x0000000c   Code   RO         7865    i.rt_thread_delay   thread.o
    0x0801b800   0x00000068   Code   RO         7866    i.rt_thread_delete  thread.o
    0x0801b868   0x00000058   Code   RO         7868    i.rt_thread_exit    thread.o
    0x0801b8c0   0x00000018   Code   RO         6921    i.rt_thread_idle_entry  idle.o
    0x0801b8d8   0x000000e0   Code   RO         6922    i.rt_thread_idle_excute  idle.o
    0x0801b9b8   0x0000003c   Code   RO         6924    i.rt_thread_idle_init  idle.o
    0x0801b9f4   0x0000007c   Code   RO         7870    i.rt_thread_init    thread.o
    0x0801ba70   0x00000080   Code   RO         7872    i.rt_thread_resume  thread.o
    0x0801baf0   0x0000000c   Code   RO         7874    i.rt_thread_self    thread.o
    0x0801bafc   0x00000068   Code   RO         7875    i.rt_thread_sleep   thread.o
    0x0801bb64   0x000000a8   Code   RO         7876    i.rt_thread_startup  thread.o
    0x0801bc0c   0x00000088   Code   RO         7877    i.rt_thread_suspend  thread.o
    0x0801bc94   0x0000009c   Code   RO         7879    i.rt_thread_timeout  thread.o
    0x0801bd30   0x00000064   Code   RO         7880    i.rt_thread_yield   thread.o
    0x0801bd94   0x0000000c   Code   RO         6748    i.rt_tick_get       clock.o
    0x0801bda0   0x00000030   Code   RO         6749    i.rt_tick_increase  clock.o
    0x0801bdd0   0x0000009c   Code   RO         8003    i.rt_timer_check    timer.o
    0x0801be6c   0x00000064   Code   RO         8004    i.rt_timer_control  timer.o
    0x0801bed0   0x00000044   Code   RO         8007    i.rt_timer_detach   timer.o
    0x0801bf14   0x00000054   Code   RO         8008    i.rt_timer_init     timer.o
    0x0801bf68   0x0000016c   Code   RO         8011    i.rt_timer_start    timer.o
    0x0801c0d4   0x0000006c   Code   RO         8012    i.rt_timer_stop     timer.o
    0x0801c140   0x00000328   Code   RO         7310    i.rt_vsnprintf      kservice.o
    0x0801c468   0x00000004   Code   RO         6786    i.rti_board_end     components.o
    0x0801c46c   0x00000004   Code   RO         6787    i.rti_board_start   components.o
    0x0801c470   0x00000004   Code   RO         6788    i.rti_end           components.o
    0x0801c474   0x00000004   Code   RO         6789    i.rti_start         components.o
    0x0801c478   0x0000003c   Code   RO          420    i.rtthread_startup  startup.o
    0x0801c4b4   0x0000006c   Code   RO         8398    i.set_date          rtc.o
    0x0801c520   0x00000068   Code   RO         8399    i.set_time          rtc.o
    0x0801c588   0x00000040   Code   RO         9099    i.shell_auto_complete  shell.o
    0x0801c5c8   0x00000030   Code   RO         9100    i.shell_handle_history  shell.o
    0x0801c5f8   0x000000d8   Code   RO         9101    i.shell_push_history  shell.o
    0x0801c6d0   0x00000030   Code   RO         9246    i.show_wait_queue   cmd.o
    0x0801c700   0x00000026   Code   RO         7312    i.skip_atoi         kservice.o
    0x0801c726   0x00000024   Code   RO        11171    i.st_clust          ff.o
    0x0801c74a   0x00000018   Code   RO        11172    i.st_dword          ff.o
    0x0801c762   0x0000000c   Code   RO        11173    i.st_word           ff.o
    0x0801c76e   0x00000002   PAD
    0x0801c770   0x000000e4   Code   RO          747    i.stm32_configure   usart.o
    0x0801c854   0x00000090   Code   RO          748    i.stm32_control     usart.o
    0x0801c8e4   0x00000008   Code   RO          749    i.stm32_dma_transmit  usart.o
    0x0801c8ec   0x00000044   Code   RO          750    i.stm32_getc        usart.o
    0x0801c930   0x000000f0   Code   RO          751    i.stm32_hw_usart_init  usart.o
    0x0801ca20   0x00000044   Code   RO          752    i.stm32_putc        usart.o
    0x0801ca64   0x0000025c   Code   RO          986    i.stm32_spi_bus_register  drv_spi.o
    0x0801ccc0   0x00000012   Code   RO         1179    i.stm32f4_get_scl   drv_iic.o
    0x0801ccd2   0x00000012   Code   RO         1180    i.stm32f4_get_sda   drv_iic.o
    0x0801cce4   0x000000c8   Code   RO         1181    i.stm32f4_i2c_gpio_init  drv_iic.o
    0x0801cdac   0x00000094   Code   RO         1182    i.stm32f4_i2c_init  drv_iic.o
    0x0801ce40   0x00000016   Code   RO         1183    i.stm32f4_set_scl   drv_iic.o
    0x0801ce56   0x00000016   Code   RO         1184    i.stm32f4_set_sda   drv_iic.o
    0x0801ce6c   0x00000014   Code   RO         1185    i.stm32f4_udelay    drv_iic.o
    0x0801ce80   0x00000020   Code   RO         9247    i.str_common        cmd.o
    0x0801cea0   0x00000020   Code   RO         9415    i.str_common        msh.o
    0x0801cec0   0x00000022   Code   RO         9248    i.str_is_prefix     cmd.o
    0x0801cee2   0x00000020   Code   RO        11174    i.sum_sfn           ff.o
    0x0801cf02   0x00000002   PAD
    0x0801cf04   0x00000090   Code   RO        11175    i.sync_fs           ff.o
    0x0801cf94   0x00000052   Code   RO        11176    i.sync_window       ff.o
    0x0801cfe6   0x00000002   PAD
    0x0801cfe8   0x00000064   Code   RO        12883    i.sys_check_timeouts  timers.o
    0x0801d04c   0x0000000c   Code   RO        13023    i.sys_now           sys_arch.o
    0x0801d058   0x00000144   Code   RO        12885    i.sys_timeout       timers.o
    0x0801d19c   0x00000030   Code   RO        12886    i.sys_timeouts_init  timers.o
    0x0801d1cc   0x0000012c   Code   RO        12506    i.tcp_abandon       tcp.o
    0x0801d2f8   0x0000000e   Code   RO        12507    i.tcp_abort         tcp.o
    0x0801d306   0x00000002   PAD
    0x0801d308   0x000000bc   Code   RO        12510    i.tcp_alloc         tcp.o
    0x0801d3c4   0x0000001c   Code   RO        12513    i.tcp_close         tcp.o
    0x0801d3e0   0x00000248   Code   RO        12514    i.tcp_close_shutdown  tcp.o
    0x0801d628   0x000000ac   Code   RO        12783    i.tcp_create_segment  tcp_out.o
    0x0801d6d4   0x0000002e   Code   RO        12517    i.tcp_eff_send_mss  tcp.o
    0x0801d702   0x00000002   PAD
    0x0801d704   0x00000288   Code   RO        12784    i.tcp_enqueue_flags  tcp_out.o
    0x0801d98c   0x0000007c   Code   RO        12519    i.tcp_fasttmr       tcp.o
    0x0801da08   0x00000002   Code   RO        12520    i.tcp_init          tcp.o
    0x0801da0a   0x00000002   PAD
    0x0801da0c   0x0000069c   Code   RO        12735    i.tcp_input         tcp_in.o
    0x0801e0a8   0x00000044   Code   RO        12785    i.tcp_keepalive     tcp_out.o
    0x0801e0ec   0x00000054   Code   RO        12521    i.tcp_kill_prio     tcp.o
    0x0801e140   0x0000003c   Code   RO        12522    i.tcp_kill_timewait  tcp.o
    0x0801e17c   0x00000130   Code   RO        12736    i.tcp_listen_input  tcp_in.o
    0x0801e2ac   0x0000001c   Code   RO        12526    i.tcp_next_iss      tcp.o
    0x0801e2c8   0x00000280   Code   RO        12786    i.tcp_output        tcp_out.o
    0x0801e548   0x00000114   Code   RO        12787    i.tcp_output_alloc_header  tcp_out.o
    0x0801e65c   0x000000d0   Code   RO        12788    i.tcp_output_segment  tcp_out.o
    0x0801e72c   0x000000b8   Code   RO        12737    i.tcp_parseopt      tcp_in.o
    0x0801e7e4   0x00000040   Code   RO        12527    i.tcp_pcb_purge     tcp.o
    0x0801e824   0x0000013c   Code   RO        12528    i.tcp_pcb_remove    tcp.o
    0x0801e960   0x00000670   Code   RO        12738    i.tcp_process       tcp_in.o
    0x0801efd0   0x0000008c   Code   RO        12530    i.tcp_process_refused_data  tcp.o
    0x0801f05c   0x000008e0   Code   RO        12739    i.tcp_receive       tcp_in.o
    0x0801f93c   0x0000002e   Code   RO        12532    i.tcp_recv_null     tcp.o
    0x0801f96a   0x00000002   PAD
    0x0801f96c   0x00000114   Code   RO        12533    i.tcp_recved        tcp.o
    0x0801fa80   0x0000005a   Code   RO        12790    i.tcp_rexmit        tcp_out.o
    0x0801fada   0x00000070   Code   RO        12791    i.tcp_rexmit_fast   tcp_out.o
    0x0801fb4a   0x0000003a   Code   RO        12792    i.tcp_rexmit_rto    tcp_out.o
    0x0801fb84   0x00000114   Code   RO        12793    i.tcp_rst           tcp_out.o
    0x0801fc98   0x0000001a   Code   RO        12534    i.tcp_seg_free      tcp.o
    0x0801fcb2   0x00000018   Code   RO        12535    i.tcp_segs_free     tcp.o
    0x0801fcca   0x0000004e   Code   RO        12794    i.tcp_send_empty_ack  tcp_out.o
    0x0801fd18   0x0000004a   Code   RO        12795    i.tcp_send_fin      tcp_out.o
    0x0801fd62   0x00000002   PAD
    0x0801fd64   0x000005b8   Code   RO        12539    i.tcp_slowtmr       tcp.o
    0x0802031c   0x00000038   Code   RO        12888    i.tcp_timer_needed  timers.o
    0x08020354   0x000000ac   Code   RO        12740    i.tcp_timewait_input  tcp_in.o
    0x08020400   0x00000024   Code   RO        12540    i.tcp_tmr           tcp.o
    0x08020424   0x000000d0   Code   RO        12541    i.tcp_update_rcv_ann_wnd  tcp.o
    0x080204f4   0x000000a4   Code   RO        12798    i.tcp_zero_window_probe  tcp_out.o
    0x08020598   0x00000038   Code   RO        12889    i.tcpip_tcp_timer   timers.o
    0x080205d0   0x000000cc   Code   RO         1245    i.test_at24cxx      drv_eeprom.o
    0x0802069c   0x00000050   Code   RO         1125    i.test_dac_7513     drv_spi_dac.o
    0x080206ec   0x00000050   Code   RO         8400    i.time              rtc.o
    0x0802073c   0x00000078   Code   RO        10318    i.token_get_string  finsh_token.o
    0x080207b4   0x00000034   Code   RO        10319    i.token_match_name  finsh_token.o
    0x080207e8   0x0000003e   Code   RO        10320    i.token_next_char   finsh_token.o
    0x08020826   0x00000016   Code   RO        10321    i.token_prev_char   finsh_token.o
    0x0802083c   0x000000a2   Code   RO        10322    i.token_proc_char   finsh_token.o
    0x080208de   0x000000d6   Code   RO        10323    i.token_proc_escape  finsh_token.o
    0x080209b4   0x00000120   Code   RO        10324    i.token_proc_number  finsh_token.o
    0x08020ad4   0x00000050   Code   RO        10325    i.token_proc_string  finsh_token.o
    0x08020b24   0x0000019e   Code   RO        10326    i.token_run         finsh_token.o
    0x08020cc2   0x00000098   Code   RO        10327    i.token_spec_number  finsh_token.o
    0x08020d5a   0x00000022   Code   RO        10328    i.token_trim_space  finsh_token.o
    0x08020d7c   0x0000004c   Code   RO          753    i.uart_isr          usart.o
    0x08020dc8   0x000000f0   Code   RO        12940    i.udp_bind          udp.o
    0x08020eb8   0x00000064   Code   RO        12941    i.udp_connect       udp.o
    0x08020f1c   0x00000012   Code   RO        11586    i.udp_demo_connection_close  udp_demo.o
    0x08020f2e   0x00000002   PAD
    0x08020f30   0x000000ac   Code   RO        11587    i.udp_demo_recv     udp_demo.o
    0x08020fdc   0x00000038   Code   RO        11588    i.udp_demo_senddata  udp_demo.o
    0x08021014   0x0000013c   Code   RO        11589    i.udp_demo_test     udp_demo.o
    0x08021150   0x00000010   Code   RO        12942    i.udp_disconnect    udp.o
    0x08021160   0x00000002   Code   RO        12943    i.udp_init          udp.o
    0x08021162   0x00000002   PAD
    0x08021164   0x00000234   Code   RO        12944    i.udp_input         udp.o
    0x08021398   0x0000001c   Code   RO        12945    i.udp_new           udp.o
    0x080213b4   0x00000058   Code   RO        12946    i.udp_new_port      udp.o
    0x0802140c   0x00000006   Code   RO        12947    i.udp_recv          udp.o
    0x08021412   0x00000002   PAD
    0x08021414   0x00000040   Code   RO        12948    i.udp_remove        udp.o
    0x08021454   0x00000014   Code   RO        12949    i.udp_send          udp.o
    0x08021468   0x0000002e   Code   RO        12950    i.udp_sendto        udp.o
    0x08021496   0x00000002   PAD
    0x08021498   0x00000164   Code   RO        12951    i.udp_sendto_if     udp.o
    0x080215fc   0x00000020   Code   RO        10715    i.unlink            dfs_posix.o
    0x0802161c   0x0000001c   Code   RO        11177    i.unlock_fs         ff.o
    0x08021638   0x00000048   Code   RO        11178    i.validate          ff.o
    0x08021680   0x0000000a   Code   RO         9249    i.version           cmd.o
    0x0802168a   0x00000006   Code   RO         8672    i.w25qxx_flash_close  spi_flash_w25qxx.o
    0x08021690   0x00000054   Code   RO         8673    i.w25qxx_flash_control  spi_flash_w25qxx.o
    0x080216e4   0x00000006   Code   RO         8674    i.w25qxx_flash_init  spi_flash_w25qxx.o
    0x080216ea   0x00000002   PAD
    0x080216ec   0x0000004c   Code   RO         8675    i.w25qxx_flash_open  spi_flash_w25qxx.o
    0x08021738   0x00000038   Code   RO         8676    i.w25qxx_flash_read  spi_flash_w25qxx.o
    0x08021770   0x0000004c   Code   RO         8677    i.w25qxx_flash_write  spi_flash_w25qxx.o
    0x080217bc   0x0000038c   Code   RO         8678    i.w25qxx_init       spi_flash_w25qxx.o
    0x08021b48   0x000000dc   Code   RO         8679    i.w25qxx_page_write  spi_flash_w25qxx.o
    0x08021c24   0x0000004c   Code   RO         8680    i.w25qxx_read       spi_flash_w25qxx.o
    0x08021c70   0x00000024   Code   RO         8681    i.w25qxx_read_status  spi_flash_w25qxx.o
    0x08021c94   0x00000012   Code   RO         8682    i.w25qxx_wait_busy  spi_flash_w25qxx.o
    0x08021ca6   0x00000050   Code   RO        10716    i.write             dfs_posix.o
    0x08021cf6   0x00000002   PAD
    0x08021cf8   0x00000150   Code   RO          987    i.xfer              drv_spi.o
    0x08021e48   0x0000002c   Code   RO        13397    locale$$code        c_w.l(lc_ctype_c.o)
    0x08021e74   0x0000002c   Code   RO        13400    locale$$code        c_w.l(lc_time_c.o)
    0x08021ea0   0x0000002c   Code   RO        13573    locale$$code        c_w.l(lc_numeric_c.o)
    0x08021ecc   0x0000000a   Code   RO        13376    x$fpl$fpinit        fz_wm.l(fpinit.o)
    0x08021ed6   0x00000004   Code   RO        13513    x$fpl$printf1       fz_wm.l(printf1.o)
    0x08021eda   0x00000004   Code   RO        13515    x$fpl$printf2       fz_wm.l(printf2.o)
    0x08021ede   0x00000000   Code   RO        13594    x$fpl$usenofp       fz_wm.l(usenofp.o)
    0x08021ede   0x00000002   PAD
    0x08021ee0   0x00000070   Data   RO          755    .constdata          usart.o
    0x08021f50   0x00000031   Data   RO          856    .constdata          drv_rtc.o
    0x08021f81   0x0000000d   Data   RO          949    .constdata          drv_gpio.o
    0x08021f8e   0x00000026   Data   RO          989    .constdata          drv_spi.o
    0x08021fb4   0x00000025   Data   RO         1083    .constdata          drv_spi_flash.o
    0x08021fd9   0x00000034   Data   RO         1127    .constdata          drv_spi_dac.o
    0x0802200d   0x00000003   PAD
    0x08022010   0x00000051   Data   RO         1187    .constdata          drv_iic.o
    0x08022061   0x00000010   Data   RO         1246    .constdata          drv_eeprom.o
    0x08022071   0x00000008   Data   RO         2131    .constdata          stm32f4xx_hal_dma.o
    0x08022079   0x00000010   Data   RO         3529    .constdata          stm32f4xx_hal_rcc.o
    0x08022089   0x00000030   Data   RO         6790    .constdata          components.o
    0x080220b9   0x000000b7   Data   RO         6843    .constdata          device.o
    0x08022170   0x00000016   Data   RO         6927    .constdata          idle.o
    0x08022186   0x000001d7   Data   RO         7013    .constdata          ipc.o
    0x0802235d   0x00000122   Data   RO         7314    .constdata          kservice.o
    0x0802247f   0x00000046   Data   RO         7496    .constdata          mem.o
    0x080224c5   0x0000006d   Data   RO         7680    .constdata          object.o
    0x08022532   0x0000004e   Data   RO         7778    .constdata          scheduler.o
    0x08022580   0x000000b9   Data   RO         7881    .constdata          thread.o
    0x08022639   0x0000005c   Data   RO         8014    .constdata          timer.o
    0x08022695   0x00000024   Data   RO         8243    .constdata          i2c_core.o
    0x080226b9   0x0000005e   Data   RO         8287    .constdata          i2c_dev.o
    0x08022717   0x00000001   PAD
    0x08022718   0x0000000c   Data   RO         8326    .constdata          i2c-bit-ops.o
    0x08022724   0x0000012a   Data   RO         8458    .constdata          serial.o
    0x0802284e   0x000000a3   Data   RO         8549    .constdata          spi_core.o
    0x080228f1   0x00000081   Data   RO         8628    .constdata          spi_dev.o
    0x08022972   0x00000027   Data   RO         8684    .constdata          spi_flash_w25qxx.o
    0x08022999   0x00000039   Data   RO         8760    .constdata          completion.o
    0x080229d2   0x0000004b   Data   RO         8797    .constdata          dataqueue.o
    0x08022a1d   0x0000006d   Data   RO         9103    .constdata          shell.o
    0x08022a8a   0x00000002   PAD
    0x08022a8c   0x00000050   Data   RO         9250    .constdata          cmd.o
    0x08022adc   0x0000000e   Data   RO         9416    .constdata          msh.o
    0x08022aea   0x00000002   PAD
    0x08022aec   0x000000c4   Data   RO         9864    .constdata          finsh_ops.o
    0x08022bb0   0x00000040   Data   RO        10329    .constdata          finsh_token.o
    0x08022bf0   0x0000002c   Data   RO        10409    .constdata          dfs.o
    0x08022c1c   0x00000040   Data   RO        10631    .constdata          dfs_fs.o
    0x08022c5c   0x000000c5   Data   RO        10857    .constdata          devfs.o
    0x08022d21   0x00000003   PAD
    0x08022d24   0x000000ca   Data   RO        10948    .constdata          dfs_elm.o
    0x08022dee   0x000000aa   Data   RO        11179    .constdata          ff.o
    0x08022e98   0x000003ae   Data   RO        11448    .constdata          ccsbcs.o
    0x08023246   0x0000000c   Data   RO        11648    .constdata          etharp.o
    0x08023252   0x00000002   PAD
    0x08023254   0x00000008   Data   RO        11958    .constdata          ip_addr.o
    0x0802325c   0x00000028   Data   RO        12197    .constdata          memp.o
    0x08023284   0x00000050   Data   RO        12542    .constdata          tcp.o
    0x080232d4   0x00000011   Data   RO        13187    .constdata          c_w.l(__printf_flags_ss_wp.o)
    0x080232e5   0x0000000c   Data   RO        13279    .constdata          c_w.l(_monlen.o)
    0x080232f1   0x00000003   PAD
    0x080232f4   0x00000008   Data   RO        13439    .constdata          c_w.l(_printf_wctomb.o)
    0x080232fc   0x00000028   Data   RO        13468    .constdata          c_w.l(_printf_hex_int_ll_ptr.o)
    0x08023324   0x00000026   Data   RO        13535    .constdata          c_w.l(_printf_fp_hex.o)
    0x0802334a   0x00000002   PAD
    0x0802334c   0x00000094   Data   RO        13548    .constdata          c_w.l(bigflt0.o)
    0x080233e0   0x000000ed   Data   RO         7497    .conststring        mem.o
    0x080234cd   0x00000003   PAD
    0x080234d0   0x0000015d   Data   RO         9251    .conststring        cmd.o
    0x0802362d   0x00000003   PAD
    0x08023630   0x000000f3   Data   RO         9640    .conststring        finsh_error.o
    0x08023723   0x00000001   PAD
    0x08023724   0x0000003e   Data   RO        10330    .conststring        finsh_token.o
    0x08023762   0x00000002   PAD
    0x08023764   0x0000000b   Data   RO        10632    .conststring        dfs_fs.o
    0x0802376f   0x00000001   PAD
    0x08023770   0x00000006   Data   RO        10858    .conststring        devfs.o
    0x08023776   0x00000002   PAD
    0x08023778   0x00000048   Data   RO        10949    .conststring        dfs_elm.o
    0x080237c0   0x00000027   Data   RO        11591    .conststring        udp_demo.o
    0x080237e7   0x00000001   PAD
    0x080237e8   0x00000044   Data   RO        11649    .conststring        etharp.o
    0x0802382c   0x00000075   Data   RO        12543    .conststring        tcp.o
    0x080238a1   0x00000003   PAD
    0x080238a4   0x00000055   Data   RO        12799    .conststring        tcp_out.o
    0x080238f9   0x00000013   Data   RO         1129    .rodata.name        drv_spi_dac.o
    0x0802390c   0x00000038   Data   RO         1248    .rodata.name        drv_eeprom.o
    0x08023944   0x00000027   Data   RO         7499    .rodata.name        mem.o
    0x0802396b   0x000000b7   Data   RO         8402    .rodata.name        rtc.o
    0x08023a22   0x000003a4   Data   RO         9253    .rodata.name        cmd.o
    0x08023dc6   0x00000061   Data   RO         9418    .rodata.name        msh.o
    0x08023e27   0x0000020b   Data   RO         9491    .rodata.name        msh_cmd.o
    0x08024032   0x00000023   Data   RO        10411    .rodata.name        dfs.o
    0x08024055   0x0000005f   Data   RO        10520    .rodata.name        dfs_file.o
    0x080240b4   0x00000029   Data   RO        10633    .rodata.name        dfs_fs.o
    0x080240dd   0x0000003d   Data   RO        10717    .rodata.name        dfs_posix.o
    0x0802411a   0x00000002   PAD
    0x0802411c   0x00000008   Data   RO         6791    .rti_fn.0           components.o
    0x08024124   0x00000008   Data   RO         6792    .rti_fn.0.end       components.o
    0x0802412c   0x00000008   Data   RO          757    .rti_fn.1           usart.o
    0x08024134   0x00000008   Data   RO          857    .rti_fn.1           drv_rtc.o
    0x0802413c   0x00000008   Data   RO          950    .rti_fn.1           drv_gpio.o
    0x08024144   0x00000008   Data   RO         6793    .rti_fn.1.end       components.o
    0x0802414c   0x00000008   Data   RO        10412    .rti_fn.2           dfs.o
    0x08024154   0x00000008   Data   RO         1085    .rti_fn.3           drv_spi_flash.o
    0x0802415c   0x00000010   Data   RO         1130    .rti_fn.3           drv_spi_dac.o
    0x0802416c   0x00000008   Data   RO         1188    .rti_fn.3           drv_iic.o
    0x08024174   0x00000008   Data   RO         1086    .rti_fn.4           drv_spi_flash.o
    0x0802417c   0x00000010   Data   RO         1131    .rti_fn.4           drv_spi_dac.o
    0x0802418c   0x00000008   Data   RO         8244    .rti_fn.4           i2c_core.o
    0x08024194   0x00000008   Data   RO        10951    .rti_fn.4           dfs_elm.o
    0x0802419c   0x00000008   Data   RO         1249    .rti_fn.6           drv_eeprom.o
    0x080241a4   0x00000008   Data   RO         9105    .rti_fn.6           shell.o
    0x080241ac   0x00000008   Data   RO         6794    .rti_fn.6.end       components.o
    0x080241b4   0x0000000c   Data   RO         1132    FSymTab             drv_spi_dac.o
    0x080241c0   0x00000018   Data   RO         1250    FSymTab             drv_eeprom.o
    0x080241d8   0x0000000c   Data   RO         7500    FSymTab             mem.o
    0x080241e4   0x00000030   Data   RO         8403    FSymTab             rtc.o
    0x08024214   0x00000120   Data   RO         9254    FSymTab             cmd.o
    0x08024334   0x00000024   Data   RO         9419    FSymTab             msh.o
    0x08024358   0x000000a8   Data   RO         9492    FSymTab             msh_cmd.o
    0x08024400   0x0000000c   Data   RO        10413    FSymTab             dfs.o
    0x0802440c   0x00000030   Data   RO        10521    FSymTab             dfs_file.o
    0x0802443c   0x00000018   Data   RO        10634    FSymTab             dfs_fs.o
    0x08024454   0x00000018   Data   RO        10718    FSymTab             dfs_posix.o
    0x0802446c   0x00000020   Data   RO        13597    Region$$Table       anon$$obj.o
    0x0802448c   0x00000010   Data   RO         9255    VSymTab             cmd.o
    0x0802449c   0x00000110   Data   RO        13396    locale$$data        c_w.l(lc_ctype_c.o)
    0x080245ac   0x00000180   Data   RO        13399    locale$$data        c_w.l(lc_time_c.o)
    0x0802472c   0x0000001c   Data   RO        13572    locale$$data        c_w.l(lc_numeric_c.o)


    Execution Region RW_IRAM1 (Base: 0x20000000, Size: 0x00006290, Max: 0x00030000, ABSOLUTE, COMPRESSED[0x00000118])

    Base Addr    Size         Type   Attr      Idx    E Section Name        Object

    0x20000000   0x0000001c   Data   RW           11    .data               application.o
    0x2000001c   0x00000004   Data   RW          476    .data               delay.o
    0x20000020   0x00000010   Data   RW          524    .data               adc_timer.o
    0x20000030   0x00000110   Data   RW          756    .data               usart.o
    0x20000140   0x0000048c   Data   RW          990    .data               drv_spi.o
    0x200005cc   0x00000008   Data   RW         1084    .data               drv_spi_flash.o
    0x200005d4   0x00000018   Data   RW         1128    .data               drv_spi_dac.o
    0x200005ec   0x00000004   Data   RW         1247    .data               drv_eeprom.o
    0x200005f0   0x00000010   Data   RW         1502    .data               lan8720.o
    0x20000600   0x00000004   Data   RW         1579    .data               system_stm32f4xx.o
    0x20000604   0x00000004   Data   RW         6751    .data               clock.o
    0x20000608   0x00000004   Data   RW         6928    .data               idle.o
    0x2000060c   0x00000009   Data   RW         7247    .data               irq.o
    0x20000615   0x00000003   PAD
    0x20000618   0x0000000c   Data   RW         7315    .data               kservice.o
    0x20000624   0x00000020   Data   RW         7498    .data               mem.o
    0x20000644   0x000000b4   Data   RW         7681    .data               object.o
    0x200006f8   0x0000001c   Data   RW         7779    .data               scheduler.o
    0x20000714   0x0000000c   Data   RW         7882    .data               thread.o
    0x20000720   0x00000010   Data   RW         8015    .data               timer.o
    0x20000730   0x00000010   Data   RW         8116    .data               cpuport.o
    0x20000740   0x00000004   Data   RW         8401    .data               rtc.o
    0x20000744   0x00000004   Data   RW         9104    .data               shell.o
    0x20000748   0x00000010   Data   RW         9203    .data               symbol.o
    0x20000758   0x00000004   Data   RW         9252    .data               cmd.o
    0x2000075c   0x00000004   Data   RW         9417    .data               msh.o
    0x20000760   0x00000008   Data   RW         9592    .data               finsh_compiler.o
    0x20000768   0x00000040   Data   RW         9641    .data               finsh_error.o
    0x200007a8   0x00000008   Data   RW         9679    .data               finsh_heap.o
    0x200007b0   0x00000004   Data   RW        10234    .data               finsh_var.o
    0x200007b4   0x0000000c   Data   RW        10284    .data               finsh_vm.o
    0x200007c0   0x00000108   Data   RW        10410    .data               dfs.o
    0x200008c8   0x00000008   Data   RW        10950    .data               dfs_elm.o
    0x200008d0   0x0000000a   Data   RW        11180    .data               ff.o
    0x200008da   0x00000002   PAD
    0x200008dc   0x0000000c   Data   RW        11485    .data               lwip_comm.o
    0x200008e8   0x00000005   Data   RW        11592    .data               udp_demo.o
    0x200008ed   0x00000001   Data   RW        11650    .data               etharp.o
    0x200008ee   0x00000002   PAD
    0x200008f0   0x00000012   Data   RW        11900    .data               ip.o
    0x20000902   0x00000002   PAD
    0x20000904   0x00000006   Data   RW        12015    .data               ip_frag.o
    0x2000090a   0x00000002   PAD
    0x2000090c   0x00000010   Data   RW        12154    .data               mem_1.o
    0x2000091c   0x00000004   Data   RW        12198    .data               memp.o
    0x20000920   0x00000009   Data   RW        12249    .data               netif.o
    0x20000929   0x00000003   PAD
    0x2000092c   0x00000004   Data   RW        12452    .data               raw.o
    0x20000930   0x00000024   Data   RW        12544    .data               tcp.o
    0x20000954   0x00000020   Data   RW        12742    .data               tcp_in.o
    0x20000974   0x0000000c   Data   RW        12890    .data               timers.o
    0x20000980   0x00000008   Data   RW        12952    .data               udp.o
    0x20000988   0x00000070   Zero   RW           10    .bss                application.o
    0x200009f8   0x000022d8   Zero   RW          523    .bss                adc_timer.o
    0x20002cd0   0x0000014c   Zero   RW          587    .bss                displayinfo.o
    0x20002e1c   0x00000170   Zero   RW          754    .bss                usart.o
    0x20002f8c   0x00000068   Zero   RW          855    .bss                drv_rtc.o
    0x20002ff4   0x000001f0   Zero   RW          988    .bss                drv_spi.o
    0x200031e4   0x00000054   Zero   RW         1082    .bss                drv_spi_flash.o
    0x20003238   0x000000a8   Zero   RW         1126    .bss                drv_spi_dac.o
    0x200032e0   0x00000018   Zero   RW         1186    .bss                drv_iic.o
    0x200032f8   0x00000108   Zero   RW         1336    .bss                myspi.o
    0x20003400   0x00000048   Zero   RW         1501    .bss                lan8720.o
    0x20003448   0x00000490   Zero   RW         6926    .bss                idle.o
    0x200038d8   0x00000080   Zero   RW         7313    .bss                kservice.o
    0x20003958   0x00000028   Zero   RW         7495    .bss                mem.o
    0x20003980   0x00000100   Zero   RW         7777    .bss                scheduler.o
    0x20003a80   0x00000088   Zero   RW         8683    .bss                spi_flash_w25qxx.o
    0x20003b08   0x00000911   Zero   RW         9102    .bss                shell.o
    0x20004419   0x00000003   PAD
    0x2000441c   0x00000080   Zero   RW         9678    .bss                finsh_heap.o
    0x2000449c   0x00000140   Zero   RW         9767    .bss                finsh_node.o
    0x200045dc   0x000000c0   Zero   RW        10233    .bss                finsh_var.o
    0x2000469c   0x00000180   Zero   RW        10283    .bss                finsh_vm.o
    0x2000481c   0x0000026c   Zero   RW        10408    .bss                dfs.o
    0x20004a88   0x00000124   Zero   RW        10519    .bss                dfs_file.o
    0x20004bac   0x00000048   Zero   RW        11484    .bss                lwip_comm.o
    0x20004bf4   0x000000c8   Zero   RW        11590    .bss                udp_demo.o
    0x20004cbc   0x000000c8   Zero   RW        11647    .bss                etharp.o
    0x20004d84   0x00000028   Zero   RW        12196    .bss                memp.o
    0x20004dac   0x00000010   Zero   RW        12741    .bss                tcp_in.o
    0x20004dbc   0x0000002c   Zero   RW        13222    .bss                c_w.l(localtime.o)
    0x20004de8   0x00000044   Zero   RW        13277    .bss                c_w.l(asctime.o)
    0x20004e2c   0x00000060   Zero   RW        13332    .bss                c_w.l(libspace.o)
    0x20004e8c   0x00000004   PAD
    0x20004e90   0x00000400   Zero   RW         6740    HEAP                startup_stm32f429xx.o
    0x20005290   0x00001000   Zero   RW         6739    STACK               startup_stm32f429xx.o


==============================================================================

Image component sizes


      Code (inc. data)   RO Data    RW Data    ZI Data      Debug   Object Name

       132         22          0          0          0       1563   ad7924.o
       600        114          0         16       8920       5013   adc_timer.o
      1132        344          0         28        112     846978   application.o
       362         28          0          0          0       4492   board.o
       240         24        942          0          0       2807   ccsbcs.o
        62         12          0          4          0       1671   clock.o
      3798       1490       1665          4          0      27866   cmd.o
       512        180         57          0          0       5547   completion.o
       204        106         80          0          0       4078   components.o
       272         26          0          0          0        820   context_rvds.o
       352        166          0         16          0       3618   cpuport.o
       712        154         75          0          0       6807   dataqueue.o
        62          0          0          0          0       2260   def.o
        96          4          0          4          0       1414   delay.o
      1024        252        203          0          0       9321   devfs.o
       838        232        183          0          0       8128   device.o
      1172        224         99        264        620      14537   dfs.o
      3054        400        282          8          0      29916   dfs_elm.o
      2416        396        143          0        292      14573   dfs_file.o
      1184        184        140          0          0       8130   dfs_fs.o
      1066         16         85          0          0      10843   dfs_posix.o
       384        160          0          0        332       1907   displayinfo.o
       646        154        104          4          0       4776   drv_eeprom.o
       296         18         21          0          0       1525   drv_gpio.o
       448         68         89          0         24       5157   drv_iic.o
       650        122         57          0        104       8188   drv_rtc.o
      1596        238         38       1164        496       9987   drv_spi.o
       756        190        115         24        168       7132   drv_spi_dac.o
       252         52         53          8         84       2472   drv_spi_flash.o
      3972       1276         80          1        200      13649   etharp.o
       828        140          0          0          0       6896   ethernetif.o
     12368        170        170         10          0      57211   ff.o
      6170        156          0          8          0      10694   finsh_compiler.o
        56         22        243         64          0       2863   finsh_error.o
       552         42          0          8        128       6183   finsh_heap.o
        64          6          0          0          0       2200   finsh_init.o
       392          8          0          0        320       6234   finsh_node.o
      3038        294        196          0          0      27382   finsh_ops.o
      2428         32          0          0          0      17211   finsh_parser.o
      1644         16        126          0          0      10826   finsh_token.o
       296         32          0          4        192       6974   finsh_var.o
       176         36          0         12        384       5561   finsh_vm.o
      1124          4         12          0          0      12065   i2c-bit-ops.o
       302         38         44          0          0       4622   i2c_core.o
       460        136         94          0          0       3760   i2c_dev.o
      1080        458          0          0          0       3854   icmp.o
       328         82         22          4       1168       5146   idle.o
         0          0          0          0          0       3836   inet.o
       200          0          0          0          0       2757   inet_chksum.o
        28          0          0          0          0        532   init.o
      1036        264          0         18          0       8105   ip.o
        78          0          8          0          0       7210   ip_addr.o
      2966        928          0          6          0      10788   ip_frag.o
      3180        818        471          0          0      33321   ipc.o
       124         26          0          9          0       2162   irq.o
      2270        242        290         12        128      15621   kservice.o
       636         54          0         16         72       3966   lan8720.o
       878         78          0          0          0       2970   lcd.o
       716        244          0         12         72      21482   lwip_comm.o
      1952        754        358         32         40       6828   mem.o
      1912        794          0         16          0       5289   mem_1.o
       520        282         40          4         40       3974   memp.o
      1428        206        147          4          0       9858   msh.o
      1278        562        691          0          0      13124   msh_cmd.o
       414         20          0          0          0       2070   msh_file.o
       512         38          0          0        264       3108   myspi.o
       484        130          0          9          0       7682   netif.o
       726        240        109        180          0       9769   object.o
      3738       1600          0          0          0      10107   pbuf.o
       116         14          0          4          0       1548   raw.o
       856        318        231          4          0       5528   rtc.o
       862        254         78         28        256       8742   scheduler.o
      3504        756        298          0          0      16111   serial.o
      2588        356        117          4       2321      14816   shell.o
      1044        170        163          0          0       9370   spi_core.o
       624        248        129          0          0       6369   spi_dev.o
      1616        498         39          0        136      13586   spi_flash_w25qxx.o
        74          8          0          0          0       3106   startup.o
        64         26        428          0       5120        944   startup_stm32f429xx.o
        62          6          0          0          0       1105   stm32f4xx_hal.o
       338         22          0          0          0      31613   stm32f4xx_hal_cortex.o
      1354         20          8          0          0       6420   stm32f4xx_hal_dma.o
      2640         52          0          0          0      13467   stm32f4xx_hal_eth.o
       568         54          0          0          0       3147   stm32f4xx_hal_gpio.o
        24          4          0          0          0        555   stm32f4xx_hal_pwr.o
      1852         80         16          0          0       5855   stm32f4xx_hal_rcc.o
       880         24          0          0          0       1588   stm32f4xx_hal_rcc_ex.o
      1212         28          0          0          0       8116   stm32f4xx_hal_rtc.o
       104          4          0          0          0       3706   stm32f4xx_hal_rtc_ex.o
      1488         22          0          0          0      12266   stm32f4xx_hal_spi.o
       724         44          0          0          0       5811   stm32f4xx_hal_tim.o
         4          0          0          0          0       1614   stm32f4xx_hal_tim_ex.o
       986          8          0          0          0       1864   stm32f4xx_hal_uart.o
        16          0          0          0          0       2356   stm32f4xx_it.o
         0          0          0         16          0       5049   symbol.o
        12          6          0          0          0        478   sys_arch.o
       100         18          0          4          0       1427   system_stm32f4xx.o
      4058       1194        197         36          0      25253   tcp.o
      6272       1172          0         32         16      16963   tcp_in.o
      2864        662         85          0          0      11611   tcp_out.o
      1608        430        185         12          0      15341   thread.o
      1058        186         92         16          0      11695   timer.o
       640        216          0         12          0       4730   timers.o
      1530        368          0          8          0      11082   udp.o
       562        100         39          5        200       3746   udp_demo.o
      1640        290        120        272        368      37000   usart.o

    ----------------------------------------------------------------------
    128756      23262       9820       2440      22580    1763394   Object Totals
         0          0         32          0          0          0   (incl. Generated)
       140          0         31         14          3          0   (incl. Padding)

    ----------------------------------------------------------------------

      Code (inc. data)   RO Data    RW Data    ZI Data      Debug   Library Member Name

        44          6          0          0          0         84   __2sprintf.o
        90          0          0          0          0          0   __dczerorl2.o
         8          0          0          0          0         68   __main.o
       392          4         17          0          0         92   __printf_flags_ss_wp.o
        14          0          0          0          0         68   __printf_wp.o
         0          0          0          0          0          0   __rtentry.o
        12          0          0          0          0          0   __rtentry2.o
         6          0          0          0          0          0   __rtentry4.o
        52          8          0          0          0          0   __scatter.o
        28          0          0          0          0          0   __scatter_zi.o
        28          0          0          0          0         68   _chval.o
         0          0         12          0          0          0   _monlen.o
         6          0          0          0          0          0   _printf_a.o
         6          0          0          0          0          0   _printf_c.o
        44          0          0          0          0        108   _printf_char.o
        48          6          0          0          0         96   _printf_char_common.o
        40          0          0          0          0         68   _printf_charcount.o
         6          0          0          0          0          0   _printf_d.o
       120         16          0          0          0         92   _printf_dec.o
         6          0          0          0          0          0   _printf_e.o
         6          0          0          0          0          0   _printf_f.o
      1050          0          0          0          0        216   _printf_fp_dec.o
       764         10         38          0          0        100   _printf_fp_hex.o
       128         16          0          0          0         84   _printf_fp_infnan.o
         6          0          0          0          0          0   _printf_g.o
       148          4         40          0          0        160   _printf_hex_int_ll_ptr.o
         6          0          0          0          0          0   _printf_i.o
       178          0          0          0          0         88   _printf_intcommon.o
        10          0          0          0          0          0   _printf_l.o
         6          0          0          0          0          0   _printf_lc.o
        10          0          0          0          0          0   _printf_ll.o
         6          0          0          0          0          0   _printf_lld.o
         6          0          0          0          0          0   _printf_lli.o
         6          0          0          0          0          0   _printf_llo.o
         6          0          0          0          0          0   _printf_llu.o
         6          0          0          0          0          0   _printf_llx.o
       124         16          0          0          0         92   _printf_longlong_dec.o
         6          0          0          0          0          0   _printf_ls.o
         6          0          0          0          0          0   _printf_n.o
         6          0          0          0          0          0   _printf_o.o
       112          8          0          0          0        124   _printf_oct_int_ll.o
         6          0          0          0          0          0   _printf_p.o
        78          0          0          0          0        108   _printf_pad.o
         0          0          0          0          0          0   _printf_percent.o
         4          0          0          0          0          0   _printf_percent_end.o
         6          0          0          0          0          0   _printf_s.o
        82          0          0          0          0         80   _printf_str.o
        36          0          0          0          0         84   _printf_truncate.o
         6          0          0          0          0          0   _printf_u.o
        44          0          0          0          0        108   _printf_wchar.o
       188          6          8          0          0         92   _printf_wctomb.o
         6          0          0          0          0          0   _printf_x.o
        10          0          0          0          0         68   _sputc.o
       158          0          0          0          0         92   _strtoul.o
        64          0          0          0          0         92   _wcrtomb.o
        12          6          0          0         68         68   asctime.o
       104         30          0          0          0         88   asctime_internal.o
        26          0          0          0          0         80   atoi.o
       220          4        148          0          0         96   bigflt0.o
      1910        128          0          0          0        672   btod.o
        14          0          0          0          0         80   ctime.o
        10          0          0          0          0         68   defsig_exit.o
        50          0          0          0          0         88   defsig_general.o
        80         58          0          0          0         76   defsig_rtmem_inner.o
        14          0          0          0          0         80   defsig_rtmem_outer.o
        18          0          0          0          0         80   exit.o
        94          0          0          0          0         80   h1_alloc.o
        52          0          0          0          0         68   h1_extend.o
        78          0          0          0          0         80   h1_free.o
        14          0          0          0          0         84   h1_init.o
         6          0          0          0          0        152   heapauxi.o
         4          0          0          0          0        136   hguard.o
         0          0          0          0          0          0   indicate_semi.o
       138          0          0          0          0        168   init_alloc.o
        44         10        272          0          0         76   lc_ctype_c.o
        44         10         28          0          0         76   lc_numeric_c.o
        44         10        384          0          0         76   lc_time_c.o
         2          0          0          0          0          0   libinit.o
        52          0          0          0          0          0   libinit2.o
         2          0          0          0          0          0   libshutdown.o
         2          0          0          0          0          0   libshutdown2.o
         8          4          0          0         96         68   libspace.o
        72          0          0          0          0         76   llsdiv.o
       138          0          0          0          0         80   lludiv10.o
       238          0          0          0          0        100   lludivv7m.o
        12          6          0          0         44         68   localtime.o
       184          6          0          0          0         80   localtime_internal.o
         0          0          0          0          0          0   maybetermalloc1.o
        88          0          0          0          0         76   memcmp.o
       424         10          0          0          0        124   mktime.o
        16          4          0          0          0         76   rt_ctype_table.o
         8          4          0          0          0         68   rt_errno_addr_intlibspace.o
         8          4          0          0          0         68   rt_heap_descriptor_intlibspace.o
         8          4          0          0          0         68   rt_locale_intlibspace.o
        68          0          0          0          0         68   rt_memclr.o
        78          0          0          0          0         80   rt_memclr_w.o
       138          0          0          0          0         68   rt_memcpy_v6.o
       100          0          0          0          0         80   rt_memcpy_w.o
         2          0          0          0          0          0   rtexit.o
        10          0          0          0          0          0   rtexit2.o
        44          6          0          0          0         84   sprintf.o
        24          0          0          0          0         68   strcat.o
       128          0          0          0          0         68   strcmpv7m.o
        72          0          0          0          0         80   strcpy.o
        62          0          0          0          0         76   strlen.o
       150          0          0          0          0         80   strncmp.o
        86          0          0          0          0         76   strncpy.o
        22          0          0          0          0         68   strrchr.o
        36          0          0          0          0         80   strstr.o
       112          0          0          0          0         88   strtol.o
        12          4          0          0          0         68   sys_exit.o
        74          0          0          0          0         80   sys_stackheap_outer.o
        14          0          0          0          0         76   sys_wrch.o
         2          0          0          0          0         68   use_no_semi.o
        10          0          0          0          0        116   fpinit.o
         4          0          0          0          0        116   printf1.o
         4          0          0          0          0        116   printf2.o
         0          0          0          0          0          0   usenofp.o
        48          0          0          0          0        124   fpclassify.o

    ----------------------------------------------------------------------
      9792        408        952          0        212       7584   Library Totals
        20          0          5          0          4          0   (incl. Padding)

    ----------------------------------------------------------------------

      Code (inc. data)   RO Data    RW Data    ZI Data      Debug   Library Name

      9706        408        947          0        208       7112   c_w.l
        18          0          0          0          0        348   fz_wm.l
        48          0          0          0          0        124   m_wm.l

    ----------------------------------------------------------------------
      9792        408        952          0        212       7584   Library Totals

    ----------------------------------------------------------------------

==============================================================================


      Code (inc. data)   RO Data    RW Data    ZI Data      Debug   

    138548      23670      10772       2440      22792    1681218   Grand Totals
    138548      23670      10772        280      22792    1681218   ELF Image Totals (compressed)
    138548      23670      10772        280          0          0   ROM Totals

==============================================================================

    Total RO  Size (Code + RO Data)               149320 ( 145.82kB)
    Total RW  Size (RW Data + ZI Data)             25232 (  24.64kB)
    Total ROM Size (Code + RO Data + RW Data)     149600 ( 146.09kB)

==============================================================================

